<?xml version="1.0"?>
<link_info>
   <banner>TI ARM Linker PC v16.9.4.LTS</banner>
   <copyright>Copyright (c) 1996-2017 Texas Instruments Incorporated</copyright>
   <link_time>0x5adf11d5</link_time>
   <link_errors>0x0</link_errors>
   <output_file>base-practica-TIVA-2018.out</output_file>
   <entry_point>
      <name>_c_int00</name>
      <address>0x17431</address>
   </entry_point>
   <input_file_list>
      <input_file id="fl-2">
         <path>.\</path>
         <kind>object</kind>
         <file>commands.obj</file>
         <name>commands.obj</name>
      </input_file>
      <input_file id="fl-3">
         <path>.\</path>
         <kind>object</kind>
         <file>crc.obj</file>
         <name>crc.obj</name>
      </input_file>
      <input_file id="fl-4">
         <path>.\</path>
         <kind>object</kind>
         <file>main.obj</file>
         <name>main.obj</name>
      </input_file>
      <input_file id="fl-5">
         <path>.\</path>
         <kind>object</kind>
         <file>serialprotocol.obj</file>
         <name>serialprotocol.obj</name>
      </input_file>
      <input_file id="fl-6">
         <path>.\</path>
         <kind>object</kind>
         <file>startup_ccs.obj</file>
         <name>startup_ccs.obj</name>
      </input_file>
      <input_file id="fl-7">
         <path>.\</path>
         <kind>object</kind>
         <file>tivarpc.obj</file>
         <name>tivarpc.obj</name>
      </input_file>
      <input_file id="fl-8">
         <path>.\</path>
         <kind>object</kind>
         <file>usb_dev_serial.obj</file>
         <name>usb_dev_serial.obj</name>
      </input_file>
      <input_file id="fl-9">
         <path>.\</path>
         <kind>object</kind>
         <file>usb_serial_structs.obj</file>
         <name>usb_serial_structs.obj</name>
      </input_file>
      <input_file id="fl-a">
         <path>.\FreeRTOS\Source\</path>
         <kind>object</kind>
         <file>croutine.obj</file>
         <name>croutine.obj</name>
      </input_file>
      <input_file id="fl-b">
         <path>.\FreeRTOS\Source\</path>
         <kind>object</kind>
         <file>event_groups.obj</file>
         <name>event_groups.obj</name>
      </input_file>
      <input_file id="fl-c">
         <path>.\FreeRTOS\Source\</path>
         <kind>object</kind>
         <file>list.obj</file>
         <name>list.obj</name>
      </input_file>
      <input_file id="fl-d">
         <path>.\FreeRTOS\Source\</path>
         <kind>object</kind>
         <file>queue.obj</file>
         <name>queue.obj</name>
      </input_file>
      <input_file id="fl-e">
         <path>.\FreeRTOS\Source\</path>
         <kind>object</kind>
         <file>stream_buffer.obj</file>
         <name>stream_buffer.obj</name>
      </input_file>
      <input_file id="fl-f">
         <path>.\FreeRTOS\Source\</path>
         <kind>object</kind>
         <file>tasks.obj</file>
         <name>tasks.obj</name>
      </input_file>
      <input_file id="fl-10">
         <path>.\FreeRTOS\Source\</path>
         <kind>object</kind>
         <file>timers.obj</file>
         <name>timers.obj</name>
      </input_file>
      <input_file id="fl-11">
         <path>.\FreeRTOS\Source\portable\CCS\ARM_CM4F\</path>
         <kind>object</kind>
         <file>port.obj</file>
         <name>port.obj</name>
      </input_file>
      <input_file id="fl-12">
         <path>.\FreeRTOS\Source\portable\CCS\ARM_CM4F\</path>
         <kind>object</kind>
         <file>portasm.obj</file>
         <name>portasm.obj</name>
      </input_file>
      <input_file id="fl-13">
         <path>.\FreeRTOS\Source\portable\MemMang\</path>
         <kind>object</kind>
         <file>heap_4.obj</file>
         <name>heap_4.obj</name>
      </input_file>
      <input_file id="fl-14">
         <path>.\driverlib\</path>
         <kind>object</kind>
         <file>adc.obj</file>
         <name>adc.obj</name>
      </input_file>
      <input_file id="fl-15">
         <path>.\driverlib\</path>
         <kind>object</kind>
         <file>aes.obj</file>
         <name>aes.obj</name>
      </input_file>
      <input_file id="fl-16">
         <path>.\driverlib\</path>
         <kind>object</kind>
         <file>can.obj</file>
         <name>can.obj</name>
      </input_file>
      <input_file id="fl-17">
         <path>.\driverlib\</path>
         <kind>object</kind>
         <file>comp.obj</file>
         <name>comp.obj</name>
      </input_file>
      <input_file id="fl-18">
         <path>.\driverlib\</path>
         <kind>object</kind>
         <file>cpu.obj</file>
         <name>cpu.obj</name>
      </input_file>
      <input_file id="fl-19">
         <path>.\driverlib\</path>
         <kind>object</kind>
         <file>crc.obj</file>
         <name>crc.obj</name>
      </input_file>
      <input_file id="fl-1a">
         <path>.\driverlib\</path>
         <kind>object</kind>
         <file>des.obj</file>
         <name>des.obj</name>
      </input_file>
      <input_file id="fl-1b">
         <path>.\driverlib\</path>
         <kind>object</kind>
         <file>eeprom.obj</file>
         <name>eeprom.obj</name>
      </input_file>
      <input_file id="fl-1c">
         <path>.\driverlib\</path>
         <kind>object</kind>
         <file>emac.obj</file>
         <name>emac.obj</name>
      </input_file>
      <input_file id="fl-1d">
         <path>.\driverlib\</path>
         <kind>object</kind>
         <file>epi.obj</file>
         <name>epi.obj</name>
      </input_file>
      <input_file id="fl-1e">
         <path>.\driverlib\</path>
         <kind>object</kind>
         <file>epi_workaround_ccs.obj</file>
         <name>epi_workaround_ccs.obj</name>
      </input_file>
      <input_file id="fl-1f">
         <path>.\driverlib\</path>
         <kind>object</kind>
         <file>flash.obj</file>
         <name>flash.obj</name>
      </input_file>
      <input_file id="fl-20">
         <path>.\driverlib\</path>
         <kind>object</kind>
         <file>fpu.obj</file>
         <name>fpu.obj</name>
      </input_file>
      <input_file id="fl-21">
         <path>.\driverlib\</path>
         <kind>object</kind>
         <file>gpio.obj</file>
         <name>gpio.obj</name>
      </input_file>
      <input_file id="fl-22">
         <path>.\driverlib\</path>
         <kind>object</kind>
         <file>hibernate.obj</file>
         <name>hibernate.obj</name>
      </input_file>
      <input_file id="fl-23">
         <path>.\driverlib\</path>
         <kind>object</kind>
         <file>i2c.obj</file>
         <name>i2c.obj</name>
      </input_file>
      <input_file id="fl-24">
         <path>.\driverlib\</path>
         <kind>object</kind>
         <file>interrupt.obj</file>
         <name>interrupt.obj</name>
      </input_file>
      <input_file id="fl-25">
         <path>.\driverlib\</path>
         <kind>object</kind>
         <file>lcd.obj</file>
         <name>lcd.obj</name>
      </input_file>
      <input_file id="fl-26">
         <path>.\driverlib\</path>
         <kind>object</kind>
         <file>mpu.obj</file>
         <name>mpu.obj</name>
      </input_file>
      <input_file id="fl-27">
         <path>.\driverlib\</path>
         <kind>object</kind>
         <file>onewire.obj</file>
         <name>onewire.obj</name>
      </input_file>
      <input_file id="fl-28">
         <path>.\driverlib\</path>
         <kind>object</kind>
         <file>pwm.obj</file>
         <name>pwm.obj</name>
      </input_file>
      <input_file id="fl-29">
         <path>.\driverlib\</path>
         <kind>object</kind>
         <file>qei.obj</file>
         <name>qei.obj</name>
      </input_file>
      <input_file id="fl-2a">
         <path>.\driverlib\</path>
         <kind>object</kind>
         <file>shamd5.obj</file>
         <name>shamd5.obj</name>
      </input_file>
      <input_file id="fl-2b">
         <path>.\driverlib\</path>
         <kind>object</kind>
         <file>ssi.obj</file>
         <name>ssi.obj</name>
      </input_file>
      <input_file id="fl-2c">
         <path>.\driverlib\</path>
         <kind>object</kind>
         <file>sw_crc.obj</file>
         <name>sw_crc.obj</name>
      </input_file>
      <input_file id="fl-2d">
         <path>.\driverlib\</path>
         <kind>object</kind>
         <file>sysctl.obj</file>
         <name>sysctl.obj</name>
      </input_file>
      <input_file id="fl-2e">
         <path>.\driverlib\</path>
         <kind>object</kind>
         <file>sysexc.obj</file>
         <name>sysexc.obj</name>
      </input_file>
      <input_file id="fl-2f">
         <path>.\driverlib\</path>
         <kind>object</kind>
         <file>systick.obj</file>
         <name>systick.obj</name>
      </input_file>
      <input_file id="fl-30">
         <path>.\driverlib\</path>
         <kind>object</kind>
         <file>timer.obj</file>
         <name>timer.obj</name>
      </input_file>
      <input_file id="fl-31">
         <path>.\driverlib\</path>
         <kind>object</kind>
         <file>uart.obj</file>
         <name>uart.obj</name>
      </input_file>
      <input_file id="fl-32">
         <path>.\driverlib\</path>
         <kind>object</kind>
         <file>udma.obj</file>
         <name>udma.obj</name>
      </input_file>
      <input_file id="fl-33">
         <path>.\driverlib\</path>
         <kind>object</kind>
         <file>usb.obj</file>
         <name>usb.obj</name>
      </input_file>
      <input_file id="fl-34">
         <path>.\driverlib\</path>
         <kind>object</kind>
         <file>watchdog.obj</file>
         <name>watchdog.obj</name>
      </input_file>
      <input_file id="fl-35">
         <path>.\drivers\</path>
         <kind>object</kind>
         <file>buttons.obj</file>
         <name>buttons.obj</name>
      </input_file>
      <input_file id="fl-36">
         <path>.\drivers\</path>
         <kind>object</kind>
         <file>configADC.obj</file>
         <name>configADC.obj</name>
      </input_file>
      <input_file id="fl-37">
         <path>.\drivers\</path>
         <kind>object</kind>
         <file>rgb.obj</file>
         <name>rgb.obj</name>
      </input_file>
      <input_file id="fl-38">
         <path>.\usblib\device\</path>
         <kind>object</kind>
         <file>usbdaudio.obj</file>
         <name>usbdaudio.obj</name>
      </input_file>
      <input_file id="fl-39">
         <path>.\usblib\device\</path>
         <kind>object</kind>
         <file>usbdbulk.obj</file>
         <name>usbdbulk.obj</name>
      </input_file>
      <input_file id="fl-3a">
         <path>.\usblib\device\</path>
         <kind>object</kind>
         <file>usbdcdc.obj</file>
         <name>usbdcdc.obj</name>
      </input_file>
      <input_file id="fl-3b">
         <path>.\usblib\device\</path>
         <kind>object</kind>
         <file>usbdcdesc.obj</file>
         <name>usbdcdesc.obj</name>
      </input_file>
      <input_file id="fl-3c">
         <path>.\usblib\device\</path>
         <kind>object</kind>
         <file>usbdcomp.obj</file>
         <name>usbdcomp.obj</name>
      </input_file>
      <input_file id="fl-3d">
         <path>.\usblib\device\</path>
         <kind>object</kind>
         <file>usbdconfig.obj</file>
         <name>usbdconfig.obj</name>
      </input_file>
      <input_file id="fl-3e">
         <path>.\usblib\device\</path>
         <kind>object</kind>
         <file>usbddfu-rt.obj</file>
         <name>usbddfu-rt.obj</name>
      </input_file>
      <input_file id="fl-3f">
         <path>.\usblib\device\</path>
         <kind>object</kind>
         <file>usbdenum.obj</file>
         <name>usbdenum.obj</name>
      </input_file>
      <input_file id="fl-40">
         <path>.\usblib\device\</path>
         <kind>object</kind>
         <file>usbdhandler.obj</file>
         <name>usbdhandler.obj</name>
      </input_file>
      <input_file id="fl-41">
         <path>.\usblib\device\</path>
         <kind>object</kind>
         <file>usbdhid.obj</file>
         <name>usbdhid.obj</name>
      </input_file>
      <input_file id="fl-42">
         <path>.\usblib\device\</path>
         <kind>object</kind>
         <file>usbdhidgamepad.obj</file>
         <name>usbdhidgamepad.obj</name>
      </input_file>
      <input_file id="fl-43">
         <path>.\usblib\device\</path>
         <kind>object</kind>
         <file>usbdhidkeyb.obj</file>
         <name>usbdhidkeyb.obj</name>
      </input_file>
      <input_file id="fl-44">
         <path>.\usblib\device\</path>
         <kind>object</kind>
         <file>usbdhidmouse.obj</file>
         <name>usbdhidmouse.obj</name>
      </input_file>
      <input_file id="fl-45">
         <path>.\usblib\device\</path>
         <kind>object</kind>
         <file>usbdmsc.obj</file>
         <name>usbdmsc.obj</name>
      </input_file>
      <input_file id="fl-46">
         <path>.\usblib\host\</path>
         <kind>object</kind>
         <file>usbhaudio.obj</file>
         <name>usbhaudio.obj</name>
      </input_file>
      <input_file id="fl-47">
         <path>.\usblib\host\</path>
         <kind>object</kind>
         <file>usbhhid.obj</file>
         <name>usbhhid.obj</name>
      </input_file>
      <input_file id="fl-48">
         <path>.\usblib\host\</path>
         <kind>object</kind>
         <file>usbhhidkeyboard.obj</file>
         <name>usbhhidkeyboard.obj</name>
      </input_file>
      <input_file id="fl-49">
         <path>.\usblib\host\</path>
         <kind>object</kind>
         <file>usbhhidmouse.obj</file>
         <name>usbhhidmouse.obj</name>
      </input_file>
      <input_file id="fl-4a">
         <path>.\usblib\host\</path>
         <kind>object</kind>
         <file>usbhhub.obj</file>
         <name>usbhhub.obj</name>
      </input_file>
      <input_file id="fl-4b">
         <path>.\usblib\host\</path>
         <kind>object</kind>
         <file>usbhmsc.obj</file>
         <name>usbhmsc.obj</name>
      </input_file>
      <input_file id="fl-4c">
         <path>.\usblib\host\</path>
         <kind>object</kind>
         <file>usbhostenum.obj</file>
         <name>usbhostenum.obj</name>
      </input_file>
      <input_file id="fl-4d">
         <path>.\usblib\host\</path>
         <kind>object</kind>
         <file>usbhscsi.obj</file>
         <name>usbhscsi.obj</name>
      </input_file>
      <input_file id="fl-4e">
         <path>.\usblib\</path>
         <kind>object</kind>
         <file>usbbuffer.obj</file>
         <name>usbbuffer.obj</name>
      </input_file>
      <input_file id="fl-4f">
         <path>.\usblib\</path>
         <kind>object</kind>
         <file>usbdesc.obj</file>
         <name>usbdesc.obj</name>
      </input_file>
      <input_file id="fl-50">
         <path>.\usblib\</path>
         <kind>object</kind>
         <file>usbdma.obj</file>
         <name>usbdma.obj</name>
      </input_file>
      <input_file id="fl-51">
         <path>.\usblib\</path>
         <kind>object</kind>
         <file>usbkeyboardmap.obj</file>
         <name>usbkeyboardmap.obj</name>
      </input_file>
      <input_file id="fl-52">
         <path>.\usblib\</path>
         <kind>object</kind>
         <file>usbmode.obj</file>
         <name>usbmode.obj</name>
      </input_file>
      <input_file id="fl-53">
         <path>.\usblib\</path>
         <kind>object</kind>
         <file>usbringbuf.obj</file>
         <name>usbringbuf.obj</name>
      </input_file>
      <input_file id="fl-54">
         <path>.\usblib\</path>
         <kind>object</kind>
         <file>usbtick.obj</file>
         <name>usbtick.obj</name>
      </input_file>
      <input_file id="fl-55">
         <path>.\usblib\</path>
         <kind>object</kind>
         <file>usbulpi.obj</file>
         <name>usbulpi.obj</name>
      </input_file>
      <input_file id="fl-56">
         <path>.\utils\</path>
         <kind>object</kind>
         <file>RunTimeStatsConfig.obj</file>
         <name>RunTimeStatsConfig.obj</name>
      </input_file>
      <input_file id="fl-57">
         <path>.\utils\</path>
         <kind>object</kind>
         <file>cmdline.obj</file>
         <name>cmdline.obj</name>
      </input_file>
      <input_file id="fl-58">
         <path>.\utils\</path>
         <kind>object</kind>
         <file>cpu_usage.obj</file>
         <name>cpu_usage.obj</name>
      </input_file>
      <input_file id="fl-59">
         <path>.\utils\</path>
         <kind>object</kind>
         <file>uartstdio.obj</file>
         <name>uartstdio.obj</name>
      </input_file>
      <input_file id="fl-5d">
         <kind>object</kind>
         <file>&lt;internal&gt;</file>
         <name>&lt;internal&gt;</name>
      </input_file>
      <input_file id="fl-113">
         <path>C:\ti\ccsv7\tools\compiler\ti-cgt-arm_16.9.4.LTS\lib\</path>
         <kind>archive</kind>
         <file>rtsv7M4_T_le_v4SPD16_eabi.lib</file>
         <name>boot.obj</name>
      </input_file>
      <input_file id="fl-114">
         <path>C:\ti\ccsv7\tools\compiler\ti-cgt-arm_16.9.4.LTS\lib\</path>
         <kind>archive</kind>
         <file>rtsv7M4_T_le_v4SPD16_eabi.lib</file>
         <name>copy_decompress_lzss.obj</name>
      </input_file>
      <input_file id="fl-115">
         <path>C:\ti\ccsv7\tools\compiler\ti-cgt-arm_16.9.4.LTS\lib\</path>
         <kind>archive</kind>
         <file>rtsv7M4_T_le_v4SPD16_eabi.lib</file>
         <name>copy_decompress_none.obj</name>
      </input_file>
      <input_file id="fl-116">
         <path>C:\ti\ccsv7\tools\compiler\ti-cgt-arm_16.9.4.LTS\lib\</path>
         <kind>archive</kind>
         <file>rtsv7M4_T_le_v4SPD16_eabi.lib</file>
         <name>copy_zero_init.obj</name>
      </input_file>
      <input_file id="fl-117">
         <path>C:\ti\ccsv7\tools\compiler\ti-cgt-arm_16.9.4.LTS\lib\</path>
         <kind>archive</kind>
         <file>rtsv7M4_T_le_v4SPD16_eabi.lib</file>
         <name>exit.obj</name>
      </input_file>
      <input_file id="fl-118">
         <path>C:\ti\ccsv7\tools\compiler\ti-cgt-arm_16.9.4.LTS\lib\</path>
         <kind>archive</kind>
         <file>rtsv7M4_T_le_v4SPD16_eabi.lib</file>
         <name>fs_toull_t2.obj</name>
      </input_file>
      <input_file id="fl-119">
         <path>C:\ti\ccsv7\tools\compiler\ti-cgt-arm_16.9.4.LTS\lib\</path>
         <kind>archive</kind>
         <file>rtsv7M4_T_le_v4SPD16_eabi.lib</file>
         <name>memcpy_t2.obj</name>
      </input_file>
      <input_file id="fl-11a">
         <path>C:\ti\ccsv7\tools\compiler\ti-cgt-arm_16.9.4.LTS\lib\</path>
         <kind>archive</kind>
         <file>rtsv7M4_T_le_v4SPD16_eabi.lib</file>
         <name>memset_t2.obj</name>
      </input_file>
      <input_file id="fl-11b">
         <path>C:\ti\ccsv7\tools\compiler\ti-cgt-arm_16.9.4.LTS\lib\</path>
         <kind>archive</kind>
         <file>rtsv7M4_T_le_v4SPD16_eabi.lib</file>
         <name>mpu_init.obj</name>
      </input_file>
      <input_file id="fl-11c">
         <path>C:\ti\ccsv7\tools\compiler\ti-cgt-arm_16.9.4.LTS\lib\</path>
         <kind>archive</kind>
         <file>rtsv7M4_T_le_v4SPD16_eabi.lib</file>
         <name>pre_init.obj</name>
      </input_file>
      <input_file id="fl-11d">
         <path>C:\ti\ccsv7\tools\compiler\ti-cgt-arm_16.9.4.LTS\lib\</path>
         <kind>archive</kind>
         <file>rtsv7M4_T_le_v4SPD16_eabi.lib</file>
         <name>sprintf.obj</name>
      </input_file>
      <input_file id="fl-11e">
         <path>C:\ti\ccsv7\tools\compiler\ti-cgt-arm_16.9.4.LTS\lib\</path>
         <kind>archive</kind>
         <file>rtsv7M4_T_le_v4SPD16_eabi.lib</file>
         <name>stkdepth_vars.obj</name>
      </input_file>
      <input_file id="fl-11f">
         <path>C:\ti\ccsv7\tools\compiler\ti-cgt-arm_16.9.4.LTS\lib\</path>
         <kind>archive</kind>
         <file>rtsv7M4_T_le_v4SPD16_eabi.lib</file>
         <name>strcmp.obj</name>
      </input_file>
      <input_file id="fl-120">
         <path>C:\ti\ccsv7\tools\compiler\ti-cgt-arm_16.9.4.LTS\lib\</path>
         <kind>archive</kind>
         <file>rtsv7M4_T_le_v4SPD16_eabi.lib</file>
         <name>strcpy.obj</name>
      </input_file>
      <input_file id="fl-121">
         <path>C:\ti\ccsv7\tools\compiler\ti-cgt-arm_16.9.4.LTS\lib\</path>
         <kind>archive</kind>
         <file>rtsv7M4_T_le_v4SPD16_eabi.lib</file>
         <name>strlen.obj</name>
      </input_file>
      <input_file id="fl-122">
         <path>C:\ti\ccsv7\tools\compiler\ti-cgt-arm_16.9.4.LTS\lib\</path>
         <kind>archive</kind>
         <file>rtsv7M4_T_le_v4SPD16_eabi.lib</file>
         <name>strncmp.obj</name>
      </input_file>
      <input_file id="fl-123">
         <path>C:\ti\ccsv7\tools\compiler\ti-cgt-arm_16.9.4.LTS\lib\</path>
         <kind>archive</kind>
         <file>rtsv7M4_T_le_v4SPD16_eabi.lib</file>
         <name>strtoul.obj</name>
      </input_file>
      <input_file id="fl-124">
         <path>C:\ti\ccsv7\tools\compiler\ti-cgt-arm_16.9.4.LTS\lib\</path>
         <kind>archive</kind>
         <file>rtsv7M4_T_le_v4SPD16_eabi.lib</file>
         <name>u_divt2.obj</name>
      </input_file>
      <input_file id="fl-125">
         <path>C:\ti\ccsv7\tools\compiler\ti-cgt-arm_16.9.4.LTS\lib\</path>
         <kind>archive</kind>
         <file>rtsv7M4_T_le_v4SPD16_eabi.lib</file>
         <name>_lock.obj</name>
      </input_file>
      <input_file id="fl-126">
         <path>C:\ti\ccsv7\tools\compiler\ti-cgt-arm_16.9.4.LTS\lib\</path>
         <kind>archive</kind>
         <file>rtsv7M4_T_le_v4SPD16_eabi.lib</file>
         <name>_printfi.obj</name>
      </input_file>
      <input_file id="fl-127">
         <path>C:\ti\ccsv7\tools\compiler\ti-cgt-arm_16.9.4.LTS\lib\</path>
         <kind>archive</kind>
         <file>rtsv7M4_T_le_v4SPD16_eabi.lib</file>
         <name>args_main.obj</name>
      </input_file>
      <input_file id="fl-128">
         <path>C:\ti\ccsv7\tools\compiler\ti-cgt-arm_16.9.4.LTS\lib\</path>
         <kind>archive</kind>
         <file>rtsv7M4_T_le_v4SPD16_eabi.lib</file>
         <name>atoi.obj</name>
      </input_file>
      <input_file id="fl-129">
         <path>C:\ti\ccsv7\tools\compiler\ti-cgt-arm_16.9.4.LTS\lib\</path>
         <kind>archive</kind>
         <file>rtsv7M4_T_le_v4SPD16_eabi.lib</file>
         <name>autoinit.obj</name>
      </input_file>
      <input_file id="fl-12a">
         <path>C:\ti\ccsv7\tools\compiler\ti-cgt-arm_16.9.4.LTS\lib\</path>
         <kind>archive</kind>
         <file>rtsv7M4_T_le_v4SPD16_eabi.lib</file>
         <name>cpy_tbl.obj</name>
      </input_file>
      <input_file id="fl-12b">
         <path>C:\ti\ccsv7\tools\compiler\ti-cgt-arm_16.9.4.LTS\lib\</path>
         <kind>archive</kind>
         <file>rtsv7M4_T_le_v4SPD16_eabi.lib</file>
         <name>ctype.obj</name>
      </input_file>
      <input_file id="fl-12c">
         <path>C:\ti\ccsv7\tools\compiler\ti-cgt-arm_16.9.4.LTS\lib\</path>
         <kind>archive</kind>
         <file>rtsv7M4_T_le_v4SPD16_eabi.lib</file>
         <name>errno.obj</name>
      </input_file>
      <input_file id="fl-12d">
         <path>C:\ti\ccsv7\tools\compiler\ti-cgt-arm_16.9.4.LTS\lib\</path>
         <kind>archive</kind>
         <file>rtsv7M4_T_le_v4SPD16_eabi.lib</file>
         <name>fd_add_t2.obj</name>
      </input_file>
      <input_file id="fl-12e">
         <path>C:\ti\ccsv7\tools\compiler\ti-cgt-arm_16.9.4.LTS\lib\</path>
         <kind>archive</kind>
         <file>rtsv7M4_T_le_v4SPD16_eabi.lib</file>
         <name>fd_cmp_t2.obj</name>
      </input_file>
      <input_file id="fl-12f">
         <path>C:\ti\ccsv7\tools\compiler\ti-cgt-arm_16.9.4.LTS\lib\</path>
         <kind>archive</kind>
         <file>rtsv7M4_T_le_v4SPD16_eabi.lib</file>
         <name>fd_div_t2.obj</name>
      </input_file>
      <input_file id="fl-130">
         <path>C:\ti\ccsv7\tools\compiler\ti-cgt-arm_16.9.4.LTS\lib\</path>
         <kind>archive</kind>
         <file>rtsv7M4_T_le_v4SPD16_eabi.lib</file>
         <name>fd_mul_t2.obj</name>
      </input_file>
      <input_file id="fl-131">
         <path>C:\ti\ccsv7\tools\compiler\ti-cgt-arm_16.9.4.LTS\lib\</path>
         <kind>archive</kind>
         <file>rtsv7M4_T_le_v4SPD16_eabi.lib</file>
         <name>fd_toi_t2.obj</name>
      </input_file>
      <input_file id="fl-132">
         <path>C:\ti\ccsv7\tools\compiler\ti-cgt-arm_16.9.4.LTS\lib\</path>
         <kind>archive</kind>
         <file>rtsv7M4_T_le_v4SPD16_eabi.lib</file>
         <name>i_div0.obj</name>
      </input_file>
      <input_file id="fl-133">
         <path>C:\ti\ccsv7\tools\compiler\ti-cgt-arm_16.9.4.LTS\lib\</path>
         <kind>archive</kind>
         <file>rtsv7M4_T_le_v4SPD16_eabi.lib</file>
         <name>i_tofd_t2.obj</name>
      </input_file>
      <input_file id="fl-134">
         <path>C:\ti\ccsv7\tools\compiler\ti-cgt-arm_16.9.4.LTS\lib\</path>
         <kind>archive</kind>
         <file>rtsv7M4_T_le_v4SPD16_eabi.lib</file>
         <name>ltoa.obj</name>
      </input_file>
      <input_file id="fl-135">
         <path>C:\ti\ccsv7\tools\compiler\ti-cgt-arm_16.9.4.LTS\lib\</path>
         <kind>archive</kind>
         <file>rtsv7M4_T_le_v4SPD16_eabi.lib</file>
         <name>memccpy.obj</name>
      </input_file>
      <input_file id="fl-136">
         <path>C:\ti\ccsv7\tools\compiler\ti-cgt-arm_16.9.4.LTS\lib\</path>
         <kind>archive</kind>
         <file>rtsv7M4_T_le_v4SPD16_eabi.lib</file>
         <name>s_frexp.obj</name>
      </input_file>
      <input_file id="fl-137">
         <path>C:\ti\ccsv7\tools\compiler\ti-cgt-arm_16.9.4.LTS\lib\</path>
         <kind>archive</kind>
         <file>rtsv7M4_T_le_v4SPD16_eabi.lib</file>
         <name>s_scalbn.obj</name>
      </input_file>
      <input_file id="fl-138">
         <path>C:\ti\ccsv7\tools\compiler\ti-cgt-arm_16.9.4.LTS\lib\</path>
         <kind>archive</kind>
         <file>rtsv7M4_T_le_v4SPD16_eabi.lib</file>
         <name>startup.obj</name>
      </input_file>
      <input_file id="fl-139">
         <path>C:\ti\ccsv7\tools\compiler\ti-cgt-arm_16.9.4.LTS\lib\</path>
         <kind>archive</kind>
         <file>rtsv7M4_T_le_v4SPD16_eabi.lib</file>
         <name>strchr.obj</name>
      </input_file>
      <input_file id="fl-13a">
         <path>C:\ti\ccsv7\tools\compiler\ti-cgt-arm_16.9.4.LTS\lib\</path>
         <kind>archive</kind>
         <file>rtsv7M4_T_le_v4SPD16_eabi.lib</file>
         <name>ull_div_t2.obj</name>
      </input_file>
      <input_file id="fl-13b">
         <path>C:\ti\ccsv7\tools\compiler\ti-cgt-arm_16.9.4.LTS\lib\</path>
         <kind>archive</kind>
         <file>rtsv7M4_T_le_v4SPD16_eabi.lib</file>
         <name>s_copysign.obj</name>
      </input_file>
   </input_file_list>
   <object_component_list>
      <object_component id="oc-f">
         <name>.intvecs</name>
         <load_address>0x0</load_address>
         <run_address>0x0</run_address>
         <size>0x26c</size>
         <input_file_ref idref="fl-6"/>
      </object_component>
      <object_component id="oc-4e8">
         <name>.text</name>
         <load_address>0x26c</load_address>
         <run_address>0x26c</run_address>
         <size>0x2ff8</size>
         <input_file_ref idref="fl-4c"/>
      </object_component>
      <object_component id="oc-27d">
         <name>.text</name>
         <load_address>0x3264</load_address>
         <run_address>0x3264</run_address>
         <size>0x238c</size>
         <input_file_ref idref="fl-33"/>
      </object_component>
      <object_component id="oc-9d">
         <name>.text</name>
         <load_address>0x55f0</load_address>
         <run_address>0x55f0</run_address>
         <size>0x1efc</size>
         <input_file_ref idref="fl-f"/>
      </object_component>
      <object_component id="oc-f3">
         <name>.text</name>
         <load_address>0x74ec</load_address>
         <run_address>0x74ec</run_address>
         <size>0x1690</size>
         <input_file_ref idref="fl-2d"/>
      </object_component>
      <object_component id="oc-125">
         <name>.text</name>
         <load_address>0x8b7c</load_address>
         <run_address>0x8b7c</run_address>
         <size>0x1570</size>
         <input_file_ref idref="fl-3f"/>
      </object_component>
      <object_component id="oc-f9">
         <name>.text</name>
         <load_address>0xa0ec</load_address>
         <run_address>0xa0ec</run_address>
         <size>0x11f4</size>
         <input_file_ref idref="fl-21"/>
      </object_component>
      <object_component id="oc-32b">
         <name>.text</name>
         <load_address>0xb2e0</load_address>
         <run_address>0xb2e0</run_address>
         <size>0x113e</size>
         <input_file_ref idref="fl-126"/>
      </object_component>
      <object_component id="oc-1f6">
         <name>.text</name>
         <load_address>0xc41e</load_address>
         <run_address>0xc41e</run_address>
         <size>0x2</size>
         <input_file_ref idref="fl-132"/>
      </object_component>
      <object_component id="oc-3a9">
         <name>.text</name>
         <load_address>0xc420</load_address>
         <run_address>0xc420</run_address>
         <size>0xfdc</size>
         <input_file_ref idref="fl-3a"/>
      </object_component>
      <object_component id="oc-289">
         <name>.text</name>
         <load_address>0xd3fc</load_address>
         <run_address>0xd3fc</run_address>
         <size>0xfa8</size>
         <input_file_ref idref="fl-50"/>
      </object_component>
      <object_component id="oc-b8">
         <name>.text</name>
         <load_address>0xe3a4</load_address>
         <run_address>0xe3a4</run_address>
         <size>0xf04</size>
         <input_file_ref idref="fl-d"/>
      </object_component>
      <object_component id="oc-31a">
         <name>.text</name>
         <load_address>0xf2a8</load_address>
         <run_address>0xf2a8</run_address>
         <size>0xd08</size>
         <input_file_ref idref="fl-30"/>
      </object_component>
      <object_component id="oc-3c">
         <name>.text</name>
         <load_address>0xffb0</load_address>
         <run_address>0xffb0</run_address>
         <size>0xb8c</size>
         <input_file_ref idref="fl-59"/>
      </object_component>
      <object_component id="oc-be">
         <name>.text</name>
         <load_address>0x10b3c</load_address>
         <run_address>0x10b3c</run_address>
         <size>0xa80</size>
         <input_file_ref idref="fl-31"/>
      </object_component>
      <object_component id="oc-5ab">
         <name>.text</name>
         <load_address>0x115bc</load_address>
         <run_address>0x115bc</run_address>
         <size>0x924</size>
         <input_file_ref idref="fl-4a"/>
      </object_component>
      <object_component id="oc-183">
         <name>.text</name>
         <load_address>0x11ee0</load_address>
         <run_address>0x11ee0</run_address>
         <size>0x71c</size>
         <input_file_ref idref="fl-10"/>
      </object_component>
      <object_component id="oc-119">
         <name>.text</name>
         <load_address>0x125fc</load_address>
         <run_address>0x125fc</run_address>
         <size>0x5d5</size>
         <input_file_ref idref="fl-2"/>
      </object_component>
      <object_component id="oc-74">
         <name>.text</name>
         <load_address>0x12bd2</load_address>
         <run_address>0x12bd2</run_address>
         <size>0x2</size>
         <input_file_ref idref="fl-11b"/>
      </object_component>
      <object_component id="oc-39d">
         <name>.text</name>
         <load_address>0x12bd4</load_address>
         <run_address>0x12bd4</run_address>
         <size>0x598</size>
         <input_file_ref idref="fl-4e"/>
      </object_component>
      <object_component id="oc-3a3">
         <name>.text</name>
         <load_address>0x1316c</load_address>
         <run_address>0x1316c</run_address>
         <size>0x570</size>
         <input_file_ref idref="fl-52"/>
      </object_component>
      <object_component id="oc-ff">
         <name>.text</name>
         <load_address>0x136dc</load_address>
         <run_address>0x136dc</run_address>
         <size>0x4e0</size>
         <input_file_ref idref="fl-7"/>
      </object_component>
      <object_component id="oc-1db">
         <name>.text</name>
         <load_address>0x13bbc</load_address>
         <run_address>0x13bbc</run_address>
         <size>0x490</size>
         <input_file_ref idref="fl-24"/>
      </object_component>
      <object_component id="oc-4e0">
         <name>.text</name>
         <load_address>0x1404c</load_address>
         <run_address>0x1404c</run_address>
         <size>0x48c</size>
         <input_file_ref idref="fl-53"/>
      </object_component>
      <object_component id="oc-105">
         <name>.text</name>
         <load_address>0x144d8</load_address>
         <run_address>0x144d8</run_address>
         <size>0x42c</size>
         <input_file_ref idref="fl-37"/>
      </object_component>
      <object_component id="oc-2ae">
         <name>.text</name>
         <load_address>0x14904</load_address>
         <run_address>0x14904</run_address>
         <size>0x3bc</size>
         <input_file_ref idref="fl-3d"/>
      </object_component>
      <object_component id="oc-23b">
         <name>.text</name>
         <load_address>0x14cc0</load_address>
         <run_address>0x14cc0</run_address>
         <size>0x3b4</size>
         <input_file_ref idref="fl-8"/>
      </object_component>
      <object_component id="oc-16b">
         <name>.text</name>
         <load_address>0x15074</load_address>
         <run_address>0x15074</run_address>
         <size>0x394</size>
         <input_file_ref idref="fl-13"/>
      </object_component>
      <object_component id="oc-22f">
         <name>.text</name>
         <load_address>0x15408</load_address>
         <run_address>0x15408</run_address>
         <size>0x2f2</size>
         <input_file_ref idref="fl-5"/>
      </object_component>
      <object_component id="oc-2a8">
         <name>.text</name>
         <load_address>0x156fa</load_address>
         <run_address>0x156fa</run_address>
         <size>0x2de</size>
         <input_file_ref idref="fl-3b"/>
      </object_component>
      <object_component id="oc-36">
         <name>.text</name>
         <load_address>0x159d8</load_address>
         <run_address>0x159d8</run_address>
         <size>0x2d0</size>
         <input_file_ref idref="fl-11"/>
      </object_component>
      <object_component id="oc-42">
         <name>.text</name>
         <load_address>0x15ca8</load_address>
         <run_address>0x15ca8</run_address>
         <size>0x288</size>
         <input_file_ref idref="fl-4"/>
      </object_component>
      <object_component id="oc-457">
         <name>.text</name>
         <load_address>0x15f30</load_address>
         <run_address>0x15f30</run_address>
         <size>0x1f4</size>
         <input_file_ref idref="fl-13a"/>
      </object_component>
      <object_component id="oc-410">
         <name>.text</name>
         <load_address>0x16124</load_address>
         <run_address>0x16124</run_address>
         <size>0x1d2</size>
         <input_file_ref idref="fl-4f"/>
      </object_component>
      <object_component id="oc-480">
         <name>.text</name>
         <load_address>0x162f6</load_address>
         <run_address>0x162f6</run_address>
         <size>0x1b6</size>
         <input_file_ref idref="fl-12d"/>
      </object_component>
      <object_component id="oc-466">
         <name>.text</name>
         <load_address>0x164ac</load_address>
         <run_address>0x164ac</run_address>
         <size>0x136</size>
         <input_file_ref idref="fl-12f"/>
      </object_component>
      <object_component id="oc-171">
         <name>.text</name>
         <load_address>0x165e2</load_address>
         <run_address>0x165e2</run_address>
         <size>0x12a</size>
         <input_file_ref idref="fl-c"/>
      </object_component>
      <object_component id="oc-10b">
         <name>.text</name>
         <load_address>0x1670c</load_address>
         <run_address>0x1670c</run_address>
         <size>0x128</size>
         <input_file_ref idref="fl-35"/>
      </object_component>
      <object_component id="oc-ed">
         <name>.text</name>
         <load_address>0x16834</load_address>
         <run_address>0x16834</run_address>
         <size>0x124</size>
         <input_file_ref idref="fl-58"/>
      </object_component>
      <object_component id="oc-270">
         <name>.text</name>
         <load_address>0x16958</load_address>
         <run_address>0x16958</run_address>
         <size>0x114</size>
         <input_file_ref idref="fl-123"/>
      </object_component>
      <object_component id="oc-461">
         <name>.text</name>
         <load_address>0x16a6c</load_address>
         <run_address>0x16a6c</run_address>
         <size>0xfc</size>
         <input_file_ref idref="fl-130"/>
      </object_component>
      <object_component id="oc-48b">
         <name>.text</name>
         <load_address>0x16b68</load_address>
         <run_address>0x16b68</run_address>
         <size>0xfc</size>
         <input_file_ref idref="fl-137"/>
      </object_component>
      <object_component id="oc-28f">
         <name>.text</name>
         <load_address>0x16c64</load_address>
         <run_address>0x16c64</run_address>
         <size>0xec</size>
         <input_file_ref idref="fl-54"/>
      </object_component>
      <object_component id="oc-31">
         <name>.text</name>
         <load_address>0x16d50</load_address>
         <run_address>0x16d50</run_address>
         <size>0xda</size>
         <input_file_ref idref="fl-12"/>
      </object_component>
      <object_component id="oc-283">
         <name>.text</name>
         <load_address>0x16e2a</load_address>
         <run_address>0x16e2a</run_address>
         <size>0xc8</size>
         <input_file_ref idref="fl-55"/>
      </object_component>
      <object_component id="oc-14c">
         <name>.text</name>
         <load_address>0x16ef2</load_address>
         <run_address>0x16ef2</run_address>
         <size>0x2</size>
         <input_file_ref idref="fl-138"/>
      </object_component>
      <object_component id="oc-276">
         <name>.text</name>
         <load_address>0x16ef4</load_address>
         <run_address>0x16ef4</run_address>
         <size>0xac</size>
         <input_file_ref idref="fl-57"/>
      </object_component>
      <object_component id="oc-5c">
         <name>.text</name>
         <load_address>0x16fa0</load_address>
         <run_address>0x16fa0</run_address>
         <size>0x9c</size>
         <input_file_ref idref="fl-119"/>
      </object_component>
      <object_component id="oc-45c">
         <name>.text:__aeabi_cdcmple</name>
         <load_address>0x1703c</load_address>
         <run_address>0x1703c</run_address>
         <size>0x86</size>
         <input_file_ref idref="fl-12e"/>
      </object_component>
      <object_component id="oc-46b">
         <name>.text:__aeabi_cdrcmple</name>
         <load_address>0x170c2</load_address>
         <run_address>0x170c2</run_address>
         <size>0x86</size>
         <input_file_ref idref="fl-12e"/>
      </object_component>
      <object_component id="oc-68">
         <name>.text</name>
         <load_address>0x17148</load_address>
         <run_address>0x17148</run_address>
         <size>0x7a</size>
         <input_file_ref idref="fl-11a"/>
      </object_component>
      <object_component id="oc-80">
         <name>.text</name>
         <load_address>0x171c4</load_address>
         <run_address>0x171c4</run_address>
         <size>0x70</size>
         <input_file_ref idref="fl-129"/>
      </object_component>
      <object_component id="oc-38c">
         <name>.text</name>
         <load_address>0x17234</load_address>
         <run_address>0x17234</run_address>
         <size>0x68</size>
         <input_file_ref idref="fl-3"/>
      </object_component>
      <object_component id="oc-189">
         <name>.text</name>
         <load_address>0x1729c</load_address>
         <run_address>0x1729c</run_address>
         <size>0x68</size>
         <input_file_ref idref="fl-56"/>
      </object_component>
      <object_component id="oc-12">
         <name>.text:decompress:lzss</name>
         <load_address>0x17304</load_address>
         <run_address>0x17304</run_address>
         <size>0x68</size>
         <input_file_ref idref="fl-114"/>
      </object_component>
      <object_component id="oc-485">
         <name>.text</name>
         <load_address>0x1736c</load_address>
         <run_address>0x1736c</run_address>
         <size>0x64</size>
         <input_file_ref idref="fl-136"/>
      </object_component>
      <object_component id="oc-1ab">
         <name>.text</name>
         <load_address>0x173d0</load_address>
         <run_address>0x173d0</run_address>
         <size>0x60</size>
         <input_file_ref idref="fl-11d"/>
      </object_component>
      <object_component id="oc-24">
         <name>.text</name>
         <load_address>0x17430</load_address>
         <run_address>0x17430</run_address>
         <size>0x54</size>
         <input_file_ref idref="fl-113"/>
      </object_component>
      <object_component id="oc-8c">
         <name>.text</name>
         <load_address>0x17484</load_address>
         <run_address>0x17484</run_address>
         <size>0x54</size>
         <input_file_ref idref="fl-117"/>
      </object_component>
      <object_component id="oc-475">
         <name>.text</name>
         <load_address>0x174d8</load_address>
         <run_address>0x174d8</run_address>
         <size>0x54</size>
         <input_file_ref idref="fl-134"/>
      </object_component>
      <object_component id="oc-24b">
         <name>.text</name>
         <load_address>0x1752c</load_address>
         <run_address>0x1752c</run_address>
         <size>0x50</size>
         <input_file_ref idref="fl-118"/>
      </object_component>
      <object_component id="oc-497">
         <name>.text</name>
         <load_address>0x1757c</load_address>
         <run_address>0x1757c</run_address>
         <size>0x4c</size>
         <input_file_ref idref="fl-128"/>
      </object_component>
      <object_component id="oc-146">
         <name>.text</name>
         <load_address>0x175c8</load_address>
         <run_address>0x175c8</run_address>
         <size>0x4c</size>
         <input_file_ref idref="fl-12a"/>
      </object_component>
      <object_component id="oc-470">
         <name>.text</name>
         <load_address>0x17614</load_address>
         <run_address>0x17614</run_address>
         <size>0x48</size>
         <input_file_ref idref="fl-131"/>
      </object_component>
      <object_component id="oc-d9">
         <name>.text</name>
         <load_address>0x1765c</load_address>
         <run_address>0x1765c</run_address>
         <size>0x40</size>
         <input_file_ref idref="fl-124"/>
      </object_component>
      <object_component id="oc-20f">
         <name>.text</name>
         <load_address>0x1769c</load_address>
         <run_address>0x1769c</run_address>
         <size>0x3e</size>
         <input_file_ref idref="fl-18"/>
      </object_component>
      <object_component id="oc-47b">
         <name>.text</name>
         <load_address>0x176da</load_address>
         <run_address>0x176da</run_address>
         <size>0x2e</size>
         <input_file_ref idref="fl-133"/>
      </object_component>
      <object_component id="oc-267">
         <name>.text</name>
         <load_address>0x17708</load_address>
         <run_address>0x17708</run_address>
         <size>0x2c</size>
         <input_file_ref idref="fl-122"/>
      </object_component>
      <object_component id="oc-2b">
         <name>.text</name>
         <load_address>0x17734</load_address>
         <run_address>0x17734</run_address>
         <size>0x2c</size>
         <input_file_ref idref="fl-6"/>
      </object_component>
      <object_component id="oc-192">
         <name>.text:GetOverflowCounts</name>
         <load_address>0x17760</load_address>
         <run_address>0x17760</run_address>
         <size>0x24</size>
         <input_file_ref idref="fl-56"/>
      </object_component>
      <object_component id="oc-48">
         <name>.text</name>
         <load_address>0x17784</load_address>
         <run_address>0x17784</run_address>
         <size>0x24</size>
         <input_file_ref idref="fl-40"/>
      </object_component>
      <object_component id="oc-49d">
         <name>.text</name>
         <load_address>0x177a8</load_address>
         <run_address>0x177a8</run_address>
         <size>0x1c</size>
         <input_file_ref idref="fl-135"/>
      </object_component>
      <object_component id="oc-86">
         <name>.text</name>
         <load_address>0x177c4</load_address>
         <run_address>0x177c4</run_address>
         <size>0x18</size>
         <input_file_ref idref="fl-127"/>
      </object_component>
      <object_component id="oc-3e0">
         <name>.text</name>
         <load_address>0x177dc</load_address>
         <run_address>0x177dc</run_address>
         <size>0x18</size>
         <input_file_ref idref="fl-11f"/>
      </object_component>
      <object_component id="oc-491">
         <name>.text</name>
         <load_address>0x177f4</load_address>
         <run_address>0x177f4</run_address>
         <size>0x16</size>
         <input_file_ref idref="fl-139"/>
      </object_component>
      <object_component id="oc-2d7">
         <name>.text</name>
         <load_address>0x1780c</load_address>
         <run_address>0x1780c</run_address>
         <size>0x14</size>
         <input_file_ref idref="fl-125"/>
      </object_component>
      <object_component id="oc-585">
         <name>.text</name>
         <load_address>0x17820</load_address>
         <run_address>0x17820</run_address>
         <size>0x14</size>
         <input_file_ref idref="fl-13b"/>
      </object_component>
      <object_component id="oc-19f">
         <name>.text</name>
         <load_address>0x17834</load_address>
         <run_address>0x17834</run_address>
         <size>0x14</size>
         <input_file_ref idref="fl-120"/>
      </object_component>
      <object_component id="oc-1a5">
         <name>.text</name>
         <load_address>0x17848</load_address>
         <run_address>0x17848</run_address>
         <size>0x14</size>
         <input_file_ref idref="fl-121"/>
      </object_component>
      <object_component id="oc-18">
         <name>.text:decompress:none</name>
         <load_address>0x1785c</load_address>
         <run_address>0x1785c</run_address>
         <size>0xe</size>
         <input_file_ref idref="fl-115"/>
      </object_component>
      <object_component id="oc-1e">
         <name>.text:decompress:ZI</name>
         <load_address>0x1786a</load_address>
         <run_address>0x1786a</run_address>
         <size>0xc</size>
         <input_file_ref idref="fl-116"/>
      </object_component>
      <object_component id="oc-21e">
         <name>.text:SysCtlDelay</name>
         <load_address>0x17876</load_address>
         <run_address>0x17876</run_address>
         <size>0x6</size>
         <input_file_ref idref="fl-2d"/>
      </object_component>
      <object_component id="oc-7a">
         <name>.text</name>
         <load_address>0x1787c</load_address>
         <run_address>0x1787c</run_address>
         <size>0x4</size>
         <input_file_ref idref="fl-11c"/>
      </object_component>
      <object_component id="oc-4d9">
         <name>.const:crctttab</name>
         <load_address>0x17880</load_address>
         <run_address>0x17880</run_address>
         <size>0x200</size>
         <input_file_ref idref="fl-3"/>
      </object_component>
      <object_component id="oc-21b">
         <name>.const:g_pppui32XTALtoVCO</name>
         <load_address>0x17a80</load_address>
         <run_address>0x17a80</run_address>
         <size>0x1b0</size>
         <input_file_ref idref="fl-2d"/>
      </object_component>
      <object_component id="oc-3d5">
         <name>.const:.string</name>
         <load_address>0x17c30</load_address>
         <run_address>0x17c30</run_address>
         <size>0x196</size>
         <input_file_ref idref="fl-2"/>
      </object_component>
      <object_component id="oc-3d8">
         <name>.const:.string:_ctypes_</name>
         <load_address>0x17dc6</load_address>
         <run_address>0x17dc6</run_address>
         <size>0x101</size>
         <input_file_ref idref="fl-12b"/>
      </object_component>
      <object_component id="oc-227">
         <name>.const:g_ppui32GPIOIntMapSnowflake</name>
         <load_address>0x17ec8</load_address>
         <run_address>0x17ec8</run_address>
         <size>0xd8</size>
         <input_file_ref idref="fl-21"/>
      </object_component>
      <object_component id="oc-221">
         <name>.const:g_ppui32GPIOIntMapBlizzard</name>
         <load_address>0x17fa0</load_address>
         <run_address>0x17fa0</run_address>
         <size>0xc0</size>
         <input_file_ref idref="fl-21"/>
      </object_component>
      <object_component id="oc-358">
         <name>.const:g_pui32Regs</name>
         <load_address>0x18060</load_address>
         <run_address>0x18060</run_address>
         <size>0x9c</size>
         <input_file_ref idref="fl-24"/>
      </object_component>
      <object_component id="oc-22a">
         <name>.const:g_pui32GPIOBaseAddrs</name>
         <load_address>0x180fc</load_address>
         <run_address>0x180fc</run_address>
         <size>0x90</size>
         <input_file_ref idref="fl-21"/>
      </object_component>
      <object_component id="oc-215">
         <name>.const:g_pui32Xtals</name>
         <load_address>0x1818c</load_address>
         <run_address>0x1818c</run_address>
         <size>0x6c</size>
         <input_file_ref idref="fl-2d"/>
      </object_component>
      <object_component id="oc-448">
         <name>.const:g_ppui32TimerIntMap</name>
         <load_address>0x181f8</load_address>
         <run_address>0x181f8</run_address>
         <size>0x60</size>
         <input_file_ref idref="fl-30"/>
      </object_component>
      <object_component id="oc-44e">
         <name>.const:g_ppui32TimerIntMapSnowflake</name>
         <load_address>0x18258</load_address>
         <run_address>0x18258</run_address>
         <size>0x40</size>
         <input_file_ref idref="fl-30"/>
      </object_component>
      <object_component id="oc-1d2">
         <name>.const:g_ppui32UARTIntMap</name>
         <load_address>0x18298</load_address>
         <run_address>0x18298</run_address>
         <size>0x40</size>
         <input_file_ref idref="fl-31"/>
      </object_component>
      <object_component id="oc-1d8">
         <name>.const:g_ppui32UARTIntMapSnowflake</name>
         <load_address>0x182d8</load_address>
         <run_address>0x182d8</run_address>
         <size>0x40</size>
         <input_file_ref idref="fl-31"/>
      </object_component>
      <object_component id="oc-5f5">
         <name>.const:.string:g_pui8ConfigString</name>
         <load_address>0x18318</load_address>
         <run_address>0x18318</run_address>
         <size>0x36</size>
         <input_file_ref idref="fl-9"/>
      </object_component>
      <object_component id="oc-2a5">
         <name>.const:g_psUSBDStdRequests</name>
         <load_address>0x18350</load_address>
         <run_address>0x18350</run_address>
         <size>0x34</size>
         <input_file_ref idref="fl-3f"/>
      </object_component>
      <object_component id="oc-4f7">
         <name>.const:g_sCDCHandlers</name>
         <load_address>0x18384</load_address>
         <run_address>0x18384</run_address>
         <size>0x30</size>
         <input_file_ref idref="fl-3a"/>
      </object_component>
      <object_component id="oc-20c">
         <name>.const:g_sXTALtoMEMTIM</name>
         <load_address>0x183b4</load_address>
         <run_address>0x183b4</run_address>
         <size>0x30</size>
         <input_file_ref idref="fl-2d"/>
      </object_component>
      <object_component id="oc-5f2">
         <name>.const:.string:g_pui8ControlInterfaceString</name>
         <load_address>0x183e4</load_address>
         <run_address>0x183e4</run_address>
         <size>0x2c</size>
         <input_file_ref idref="fl-9"/>
      </object_component>
      <object_component id="oc-5e9">
         <name>.const:.string:g_pui8ManufacturerString</name>
         <load_address>0x18410</load_address>
         <run_address>0x18410</run_address>
         <size>0x24</size>
         <input_file_ref idref="fl-9"/>
      </object_component>
      <object_component id="oc-244">
         <name>.const:rpc_function_table</name>
         <load_address>0x18434</load_address>
         <run_address>0x18434</run_address>
         <size>0x24</size>
         <input_file_ref idref="fl-7"/>
      </object_component>
      <object_component id="oc-68c">
         <name>.const:.string:g_pui8CDCSerCommInterface</name>
         <load_address>0x18458</load_address>
         <run_address>0x18458</run_address>
         <size>0x23</size>
         <input_file_ref idref="fl-3a"/>
      </object_component>
      <object_component id="oc-5ec">
         <name>.const:.string:g_pui8ProductString</name>
         <load_address>0x1847b</load_address>
         <run_address>0x1847b</run_address>
         <size>0x22</size>
         <input_file_ref idref="fl-9"/>
      </object_component>
      <object_component id="oc-355">
         <name>.const:g_pui32Priority</name>
         <load_address>0x184a0</load_address>
         <run_address>0x184a0</run_address>
         <size>0x20</size>
         <input_file_ref idref="fl-24"/>
      </object_component>
      <object_component id="oc-521">
         <name>.const:g_ppui8StringDescriptors</name>
         <load_address>0x184c0</load_address>
         <run_address>0x184c0</run_address>
         <size>0x18</size>
         <input_file_ref idref="fl-9"/>
      </object_component>
      <object_component id="oc-691">
         <name>.const:.string:g_pui8CDCSerDataInterface</name>
         <load_address>0x184d8</load_address>
         <run_address>0x184d8</run_address>
         <size>0x17</size>
         <input_file_ref idref="fl-3a"/>
      </object_component>
      <object_component id="oc-696">
         <name>.const:.string:g_pui8CDCSerDataInterfaceHS</name>
         <load_address>0x184ef</load_address>
         <run_address>0x184ef</run_address>
         <size>0x17</size>
         <input_file_ref idref="fl-3a"/>
      </object_component>
      <object_component id="oc-35e">
         <name>.const:g_pui32Dii16Regs</name>
         <load_address>0x18508</load_address>
         <run_address>0x18508</run_address>
         <size>0x14</size>
         <input_file_ref idref="fl-24"/>
      </object_component>
      <object_component id="oc-35b">
         <name>.const:g_pui32EnRegs</name>
         <load_address>0x1851c</load_address>
         <run_address>0x1851c</run_address>
         <size>0x14</size>
         <input_file_ref idref="fl-24"/>
      </object_component>
      <object_component id="oc-361">
         <name>.const:g_pui32PendRegs</name>
         <load_address>0x18530</load_address>
         <run_address>0x18530</run_address>
         <size>0x14</size>
         <input_file_ref idref="fl-24"/>
      </object_component>
      <object_component id="oc-364">
         <name>.const:g_pui32UnpendRegs</name>
         <load_address>0x18544</load_address>
         <run_address>0x18544</run_address>
         <size>0x14</size>
         <input_file_ref idref="fl-24"/>
      </object_component>
      <object_component id="oc-5ef">
         <name>.const:.string:g_pui8SerialNumberString</name>
         <load_address>0x18558</load_address>
         <run_address>0x18558</run_address>
         <size>0x12</size>
         <input_file_ref idref="fl-9"/>
      </object_component>
      <object_component id="oc-1fd">
         <name>.const:.string</name>
         <load_address>0x1856c</load_address>
         <run_address>0x1856c</run_address>
         <size>0x12</size>
         <input_file_ref idref="fl-59"/>
      </object_component>
      <object_component id="oc-c7">
         <name>.const:g_ui32UARTBase</name>
         <load_address>0x18580</load_address>
         <run_address>0x18580</run_address>
         <size>0xc</size>
         <input_file_ref idref="fl-59"/>
      </object_component>
      <object_component id="oc-cd">
         <name>.const:g_ui32UARTInt</name>
         <load_address>0x1858c</load_address>
         <run_address>0x1858c</run_address>
         <size>0xc</size>
         <input_file_ref idref="fl-59"/>
      </object_component>
      <object_component id="oc-ca">
         <name>.const:g_ui32UARTPeriph</name>
         <load_address>0x18598</load_address>
         <run_address>0x18598</run_address>
         <size>0xc</size>
         <input_file_ref idref="fl-59"/>
      </object_component>
      <object_component id="oc-218">
         <name>.const:g_pui32VCOFrequencies</name>
         <load_address>0x185a4</load_address>
         <run_address>0x185a4</run_address>
         <size>0x8</size>
         <input_file_ref idref="fl-2d"/>
      </object_component>
      <object_component id="oc-5d6">
         <name>.const:g_sCDCCompSerConfigHeader</name>
         <load_address>0x185ac</load_address>
         <run_address>0x185ac</run_address>
         <size>0x8</size>
         <input_file_ref idref="fl-3a"/>
      </object_component>
      <object_component id="oc-5db">
         <name>.const:g_sCDCCompSerConfigHeaderHS</name>
         <load_address>0x185b4</load_address>
         <run_address>0x185b4</run_address>
         <size>0x8</size>
         <input_file_ref idref="fl-3a"/>
      </object_component>
      <object_component id="oc-671">
         <name>.const:g_sCDCSerCommInterfaceSection</name>
         <load_address>0x185bc</load_address>
         <run_address>0x185bc</run_address>
         <size>0x8</size>
         <input_file_ref idref="fl-3a"/>
      </object_component>
      <object_component id="oc-5cc">
         <name>.const:g_sCDCSerConfigHeader</name>
         <load_address>0x185c4</load_address>
         <run_address>0x185c4</run_address>
         <size>0x8</size>
         <input_file_ref idref="fl-3a"/>
      </object_component>
      <object_component id="oc-5d1">
         <name>.const:g_sCDCSerConfigHeaderHS</name>
         <load_address>0x185cc</load_address>
         <run_address>0x185cc</run_address>
         <size>0x8</size>
         <input_file_ref idref="fl-3a"/>
      </object_component>
      <object_component id="oc-66e">
         <name>.const:g_sCDCSerConfigSection</name>
         <load_address>0x185d4</load_address>
         <run_address>0x185d4</run_address>
         <size>0x8</size>
         <input_file_ref idref="fl-3a"/>
      </object_component>
      <object_component id="oc-674">
         <name>.const:g_sCDCSerDataInterfaceSection</name>
         <load_address>0x185dc</load_address>
         <run_address>0x185dc</run_address>
         <size>0x8</size>
         <input_file_ref idref="fl-3a"/>
      </object_component>
      <object_component id="oc-679">
         <name>.const:g_sCDCSerDataInterfaceSectionHS</name>
         <load_address>0x185e4</load_address>
         <run_address>0x185e4</run_address>
         <size>0x8</size>
         <input_file_ref idref="fl-3a"/>
      </object_component>
      <object_component id="oc-67e">
         <name>.const:g_sIADSerConfigSection</name>
         <load_address>0x185ec</load_address>
         <run_address>0x185ec</run_address>
         <size>0x8</size>
         <input_file_ref idref="fl-3a"/>
      </object_component>
      <object_component id="oc-224">
         <name>.const</name>
         <load_address>0x185f4</load_address>
         <run_address>0x185f4</run_address>
         <size>0x8</size>
         <input_file_ref idref="fl-21"/>
      </object_component>
      <object_component id="oc-9a">
         <name>.const</name>
         <load_address>0x185fc</load_address>
         <run_address>0x185fc</run_address>
         <size>0x8</size>
         <input_file_ref idref="fl-11"/>
      </object_component>
      <object_component id="oc-44b">
         <name>.const</name>
         <load_address>0x18604</load_address>
         <run_address>0x18604</run_address>
         <size>0x8</size>
         <input_file_ref idref="fl-30"/>
      </object_component>
      <object_component id="oc-1d5">
         <name>.const</name>
         <load_address>0x1860c</load_address>
         <run_address>0x1860c</run_address>
         <size>0x8</size>
         <input_file_ref idref="fl-31"/>
      </object_component>
      <object_component id="oc-5e6">
         <name>.const:.string:g_pui8LangDescriptor</name>
         <load_address>0x18614</load_address>
         <run_address>0x18614</run_address>
         <size>0x4</size>
         <input_file_ref idref="fl-9"/>
      </object_component>
      <object_component id="oc-503">
         <name>.const:g_pCDCCompSerConfigDescriptors</name>
         <load_address>0x18618</load_address>
         <run_address>0x18618</run_address>
         <size>0x4</size>
         <input_file_ref idref="fl-3a"/>
      </object_component>
      <object_component id="oc-506">
         <name>.const:g_pCDCCompSerConfigDescriptorsHS</name>
         <load_address>0x1861c</load_address>
         <run_address>0x1861c</run_address>
         <size>0x4</size>
         <input_file_ref idref="fl-3a"/>
      </object_component>
      <object_component id="oc-4fd">
         <name>.const:g_ppCDCSerConfigDescriptors</name>
         <load_address>0x18620</load_address>
         <run_address>0x18620</run_address>
         <size>0x4</size>
         <input_file_ref idref="fl-3a"/>
      </object_component>
      <object_component id="oc-500">
         <name>.const:g_ppCDCSerConfigDescriptorsHS</name>
         <load_address>0x18624</load_address>
         <run_address>0x18624</run_address>
         <size>0x4</size>
         <input_file_ref idref="fl-3a"/>
      </object_component>
      <object_component id="oc-2f2">
         <name>.const</name>
         <load_address>0x18628</load_address>
         <run_address>0x18628</run_address>
         <size>0x4</size>
         <input_file_ref idref="fl-13"/>
      </object_component>
      <object_component id="oc-de">
         <name>.const</name>
         <load_address>0x1862c</load_address>
         <run_address>0x1862c</run_address>
         <size>0x4</size>
         <input_file_ref idref="fl-59"/>
      </object_component>
      <object_component id="oc-6ca">
         <name>.cinit..data.load</name>
         <load_address>0x18630</load_address>
         <run_address>0x18630</run_address>
         <size>0x155</size>
      </object_component>
      <object_component id="oc-6c7">
         <name>__TI_handler_table</name>
         <load_address>0x18788</load_address>
         <run_address>0x18788</run_address>
         <size>0xc</size>
      </object_component>
      <object_component id="oc-6cb">
         <name>.cinit..bss.load</name>
         <load_address>0x18798</load_address>
         <run_address>0x18798</run_address>
         <size>0x8</size>
      </object_component>
      <object_component id="oc-6c9">
         <name>.cinit..vtable.load</name>
         <load_address>0x187a0</load_address>
         <run_address>0x187a0</run_address>
         <size>0x8</size>
      </object_component>
      <object_component id="oc-6c8">
         <name>__TI_cinit_table</name>
         <load_address>0x187a8</load_address>
         <run_address>0x187a8</run_address>
         <size>0x18</size>
      </object_component>
      <object_component id="oc-352">
         <name>.vtable</name>
         <uninitialized>true</uninitialized>
         <run_address>0x20000000</run_address>
         <size>0x26c</size>
         <input_file_ref idref="fl-24"/>
      </object_component>
      <object_component id="oc-26d">
         <name>.data:g_psCmdTable</name>
         <load_address>0x200062ec</load_address>
         <run_address>0x200062ec</run_address>
         <size>0x78</size>
         <input_file_ref idref="fl-2"/>
      </object_component>
      <object_component id="oc-111">
         <name>.data</name>
         <load_address>0x200065ac</load_address>
         <run_address>0x200065ac</run_address>
         <size>0x5</size>
         <input_file_ref idref="fl-4"/>
      </object_component>
      <object_component id="oc-238">
         <name>.data</name>
         <load_address>0x200065c0</load_address>
         <run_address>0x200065c0</run_address>
         <size>0x4</size>
         <input_file_ref idref="fl-7"/>
      </object_component>
      <object_component id="oc-3b5">
         <name>.data</name>
         <load_address>0x20006510</load_address>
         <run_address>0x20006510</run_address>
         <size>0xd</size>
         <input_file_ref idref="fl-8"/>
      </object_component>
      <object_component id="oc-3bb">
         <name>.data:ConfigLinea</name>
         <load_address>0x200065a4</load_address>
         <run_address>0x200065a4</run_address>
         <size>0x7</size>
         <input_file_ref idref="fl-8"/>
      </object_component>
      <object_component id="oc-3be">
         <name>.data:g_sCDCDevice</name>
         <load_address>0x20006364</load_address>
         <run_address>0x20006364</run_address>
         <size>0x60</size>
         <input_file_ref idref="fl-9"/>
      </object_component>
      <object_component id="oc-3af">
         <name>.data:g_sRxBuffer</name>
         <load_address>0x20006400</load_address>
         <run_address>0x20006400</run_address>
         <size>0x38</size>
         <input_file_ref idref="fl-9"/>
      </object_component>
      <object_component id="oc-3b8">
         <name>.data:g_sTxBuffer</name>
         <load_address>0x20006438</load_address>
         <run_address>0x20006438</run_address>
         <size>0x38</size>
         <input_file_ref idref="fl-9"/>
      </object_component>
      <object_component id="oc-97">
         <name>.data</name>
         <load_address>0x200063c4</load_address>
         <run_address>0x200063c4</run_address>
         <size>0x3c</size>
         <input_file_ref idref="fl-f"/>
      </object_component>
      <object_component id="oc-307">
         <name>.data</name>
         <load_address>0x20006550</load_address>
         <run_address>0x20006550</run_address>
         <size>0xc</size>
         <input_file_ref idref="fl-10"/>
      </object_component>
      <object_component id="oc-a4">
         <name>.data</name>
         <load_address>0x20006544</load_address>
         <run_address>0x20006544</run_address>
         <size>0xc</size>
         <input_file_ref idref="fl-11"/>
      </object_component>
      <object_component id="oc-2ef">
         <name>.data</name>
         <load_address>0x20006500</load_address>
         <run_address>0x20006500</run_address>
         <size>0x10</size>
         <input_file_ref idref="fl-13"/>
      </object_component>
      <object_component id="oc-259">
         <name>.data</name>
         <load_address>0x2000651d</load_address>
         <run_address>0x2000651d</run_address>
         <size>0x3</size>
         <input_file_ref idref="fl-35"/>
      </object_component>
      <object_component id="oc-254">
         <name>.data</name>
         <load_address>0x200065b4</load_address>
         <run_address>0x200065b4</run_address>
         <size>0x4</size>
         <input_file_ref idref="fl-37"/>
      </object_component>
      <object_component id="oc-4fa">
         <name>.data:g_pui8CDCSerDeviceDescriptor</name>
         <load_address>0x200064cc</load_address>
         <run_address>0x200064cc</run_address>
         <size>0x12</size>
         <input_file_ref idref="fl-3a"/>
      </object_component>
      <object_component id="oc-509">
         <name>.data:g_pui8CDCSerDescriptor</name>
         <load_address>0x20006574</load_address>
         <run_address>0x20006574</run_address>
         <size>0x9</size>
         <input_file_ref idref="fl-3a"/>
      </object_component>
      <object_component id="oc-69b">
         <name>.data:g_pui8IADSerDescriptor</name>
         <load_address>0x20006594</load_address>
         <run_address>0x20006594</run_address>
         <size>0x8</size>
         <input_file_ref idref="fl-3a"/>
      </object_component>
      <object_component id="oc-63c">
         <name>.data:g_psCDCSerSections</name>
         <load_address>0x2000652c</load_address>
         <run_address>0x2000652c</run_address>
         <size>0xc</size>
         <input_file_ref idref="fl-3a"/>
      </object_component>
      <object_component id="oc-641">
         <name>.data:g_psCDCSerSectionsHS</name>
         <load_address>0x20006538</load_address>
         <run_address>0x20006538</run_address>
         <size>0xc</size>
         <input_file_ref idref="fl-3a"/>
      </object_component>
      <object_component id="oc-646">
         <name>.data:g_psCDCCompSerSections</name>
         <load_address>0x200064e0</load_address>
         <run_address>0x200064e0</run_address>
         <size>0x10</size>
         <input_file_ref idref="fl-3a"/>
      </object_component>
      <object_component id="oc-64b">
         <name>.data:g_psCDCCompSerSectionsHS</name>
         <load_address>0x200064f0</load_address>
         <run_address>0x200064f0</run_address>
         <size>0x10</size>
         <input_file_ref idref="fl-3a"/>
      </object_component>
      <object_component id="oc-4f4">
         <name>.data</name>
         <load_address>0x200064de</load_address>
         <run_address>0x200064de</run_address>
         <size>0x2</size>
         <input_file_ref idref="fl-3a"/>
      </object_component>
      <object_component id="oc-29c">
         <name>.data</name>
         <load_address>0x2000659c</load_address>
         <run_address>0x2000659c</run_address>
         <size>0x8</size>
         <input_file_ref idref="fl-3f"/>
      </object_component>
      <object_component id="oc-5a8">
         <name>.data</name>
         <load_address>0x200064b8</load_address>
         <run_address>0x200064b8</run_address>
         <size>0x14</size>
         <input_file_ref idref="fl-4c"/>
      </object_component>
      <object_component id="oc-5ba">
         <name>.data:g_sUSBHEP0State</name>
         <load_address>0x200064a0</load_address>
         <run_address>0x200064a0</run_address>
         <size>0x18</size>
         <input_file_ref idref="fl-4c"/>
      </object_component>
      <object_component id="oc-299">
         <name>.data</name>
         <load_address>0x20006580</load_address>
         <run_address>0x20006580</run_address>
         <size>0x9</size>
         <input_file_ref idref="fl-52"/>
      </object_component>
      <object_component id="oc-2b4">
         <name>.data</name>
         <load_address>0x20006568</load_address>
         <run_address>0x20006568</run_address>
         <size>0xc</size>
         <input_file_ref idref="fl-54"/>
      </object_component>
      <object_component id="oc-208">
         <name>.data:g_pui32CPUUsageTimerPeriph</name>
         <load_address>0x20006488</load_address>
         <run_address>0x20006488</run_address>
         <size>0x18</size>
         <input_file_ref idref="fl-58"/>
      </object_component>
      <object_component id="oc-202">
         <name>.data:g_pui32CPUUsageTimerBase</name>
         <load_address>0x20006470</load_address>
         <run_address>0x20006470</run_address>
         <size>0x18</size>
         <input_file_ref idref="fl-58"/>
      </object_component>
      <object_component id="oc-d0">
         <name>.data</name>
         <load_address>0x2000655c</load_address>
         <run_address>0x2000655c</run_address>
         <size>0xc</size>
         <input_file_ref idref="fl-59"/>
      </object_component>
      <object_component id="oc-156">
         <name>.data:$O1$$</name>
         <load_address>0x20006520</load_address>
         <run_address>0x20006520</run_address>
         <size>0xc</size>
         <input_file_ref idref="fl-117"/>
      </object_component>
      <object_component id="oc-92">
         <name>.data</name>
         <load_address>0x200065bc</load_address>
         <run_address>0x200065bc</run_address>
         <size>0x4</size>
         <input_file_ref idref="fl-11e"/>
      </object_component>
      <object_component id="oc-159">
         <name>.data:$O1$$</name>
         <load_address>0x2000658c</load_address>
         <run_address>0x2000658c</run_address>
         <size>0x8</size>
         <input_file_ref idref="fl-125"/>
      </object_component>
      <object_component id="oc-3db">
         <name>.data</name>
         <load_address>0x200065b8</load_address>
         <run_address>0x200065b8</run_address>
         <size>0x4</size>
         <input_file_ref idref="fl-12c"/>
      </object_component>
      <object_component id="oc-241">
         <name>.bss:Rxframe</name>
         <uninitialized>true</uninitialized>
         <run_address>0x20006074</run_address>
         <size>0x40</size>
         <input_file_ref idref="fl-7"/>
      </object_component>
      <object_component id="oc-247">
         <name>.bss:Txframe</name>
         <uninitialized>true</uninitialized>
         <run_address>0x200060b4</run_address>
         <size>0x40</size>
         <input_file_ref idref="fl-7"/>
      </object_component>
      <object_component id="oc-3b2">
         <name>.bss</name>
         <uninitialized>true</uninitialized>
         <run_address>0x200062a8</run_address>
         <size>0x8</size>
         <input_file_ref idref="fl-8"/>
      </object_component>
      <object_component id="oc-177">
         <name>.bss:pxReadyTasksLists</name>
         <uninitialized>true</uninitialized>
         <run_address>0x20005b38</run_address>
         <size>0x140</size>
         <input_file_ref idref="fl-f"/>
      </object_component>
      <object_component id="oc-199">
         <name>.bss:xDelayedTaskList1</name>
         <uninitialized>true</uninitialized>
         <run_address>0x20006214</run_address>
         <size>0x14</size>
         <input_file_ref idref="fl-f"/>
      </object_component>
      <object_component id="oc-19c">
         <name>.bss:xDelayedTaskList2</name>
         <uninitialized>true</uninitialized>
         <run_address>0x20006228</run_address>
         <size>0x14</size>
         <input_file_ref idref="fl-f"/>
      </object_component>
      <object_component id="oc-17d">
         <name>.bss</name>
         <uninitialized>true</uninitialized>
         <run_address>0x20006298</run_address>
         <size>0x8</size>
         <input_file_ref idref="fl-f"/>
      </object_component>
      <object_component id="oc-18f">
         <name>.bss:xPendingReadyList</name>
         <uninitialized>true</uninitialized>
         <run_address>0x2000623c</run_address>
         <size>0x14</size>
         <input_file_ref idref="fl-f"/>
      </object_component>
      <object_component id="oc-17a">
         <name>.bss:xTasksWaitingTermination</name>
         <uninitialized>true</uninitialized>
         <run_address>0x20006264</run_address>
         <size>0x14</size>
         <input_file_ref idref="fl-f"/>
      </object_component>
      <object_component id="oc-180">
         <name>.bss:xSuspendedTaskList</name>
         <uninitialized>true</uninitialized>
         <run_address>0x20006250</run_address>
         <size>0x14</size>
         <input_file_ref idref="fl-f"/>
      </object_component>
      <object_component id="oc-30d">
         <name>.bss:xActiveTimerList1</name>
         <uninitialized>true</uninitialized>
         <run_address>0x200061ec</run_address>
         <size>0x14</size>
         <input_file_ref idref="fl-10"/>
      </object_component>
      <object_component id="oc-310">
         <name>.bss:xActiveTimerList2</name>
         <uninitialized>true</uninitialized>
         <run_address>0x20006200</run_address>
         <size>0x14</size>
         <input_file_ref idref="fl-10"/>
      </object_component>
      <object_component id="oc-30a">
         <name>.bss</name>
         <uninitialized>true</uninitialized>
         <run_address>0x200062a0</run_address>
         <size>0x8</size>
         <input_file_ref idref="fl-10"/>
      </object_component>
      <object_component id="oc-2f8">
         <name>.bss:ucHeap</name>
         <uninitialized>true</uninitialized>
         <run_address>0x2000026c</run_address>
         <size>0x5000</size>
         <input_file_ref idref="fl-13"/>
      </object_component>
      <object_component id="oc-2f5">
         <name>.bss:xStart</name>
         <uninitialized>true</uninitialized>
         <run_address>0x200062b8</run_address>
         <size>0x8</size>
         <input_file_ref idref="fl-13"/>
      </object_component>
      <object_component id="oc-251">
         <name>.bss:g_ui32Colors</name>
         <uninitialized>true</uninitialized>
         <run_address>0x20006284</run_address>
         <size>0xc</size>
         <input_file_ref idref="fl-37"/>
      </object_component>
      <object_component id="oc-250">
         <name>.bss</name>
         <uninitialized>true</uninitialized>
         <run_address>0x200062c0</run_address>
         <size>0x4</size>
         <input_file_ref idref="fl-37"/>
      </object_component>
      <object_component id="oc-2a2">
         <name>.bss:g_pui8DataBufferIn</name>
         <uninitialized>true</uninitialized>
         <run_address>0x200060f4</run_address>
         <size>0x40</size>
         <input_file_ref idref="fl-3f"/>
      </object_component>
      <object_component id="oc-29f">
         <name>.bss</name>
         <uninitialized>true</uninitialized>
         <run_address>0x200062c4</run_address>
         <size>0x4</size>
         <input_file_ref idref="fl-3f"/>
      </object_component>
      <object_component id="oc-61b">
         <name>.bss:g_sRootHub</name>
         <uninitialized>true</uninitialized>
         <run_address>0x20005f88</run_address>
         <size>0x9c</size>
         <input_file_ref idref="fl-4a"/>
      </object_component>
      <object_component id="oc-61e">
         <name>.bss</name>
         <uninitialized>true</uninitialized>
         <run_address>0x200062b0</run_address>
         <size>0x8</size>
         <input_file_ref idref="fl-4a"/>
      </object_component>
      <object_component id="oc-5b4">
         <name>.bss</name>
         <uninitialized>true</uninitialized>
         <run_address>0x200062c8</run_address>
         <size>0x4</size>
         <input_file_ref idref="fl-4c"/>
      </object_component>
      <object_component id="oc-5b1">
         <name>.bss:g_pi32USBHActiveDriver</name>
         <uninitialized>true</uninitialized>
         <run_address>0x20006178</run_address>
         <size>0x18</size>
         <input_file_ref idref="fl-4c"/>
      </object_component>
      <object_component id="oc-5b7">
         <name>.bss:g_ppvDriverInstance</name>
         <uninitialized>true</uninitialized>
         <run_address>0x20006190</run_address>
         <size>0x18</size>
         <input_file_ref idref="fl-4c"/>
      </object_component>
      <object_component id="oc-5a2">
         <name>.bss:g_sUSBHCD</name>
         <uninitialized>true</uninitialized>
         <run_address>0x2000526c</run_address>
         <size>0x6cc</size>
         <input_file_ref idref="fl-4c"/>
      </object_component>
      <object_component id="oc-5a5">
         <name>.bss:g_pui32Alloc</name>
         <uninitialized>true</uninitialized>
         <run_address>0x20006290</run_address>
         <size>0x8</size>
         <input_file_ref idref="fl-4c"/>
      </object_component>
      <object_component id="oc-3ee">
         <name>.bss:g_psUSBDMAInst</name>
         <uninitialized>true</uninitialized>
         <run_address>0x20005c78</run_address>
         <size>0x110</size>
         <input_file_ref idref="fl-50"/>
[...]
         <name>USBOTGMain</name>
         <value>0x135e3</value>
         <object_component_ref idref="oc-3a3"/>
      </symbol>
      <symbol id="sm-1b90">
         <name>USB0OTGModeIntHandler</name>
         <value>0x134e1</value>
         <object_component_ref idref="oc-3a3"/>
      </symbol>
      <symbol id="sm-1b91">
         <name>USBDualModeInit</name>
         <value>0x13283</value>
         <object_component_ref idref="oc-3a3"/>
      </symbol>
      <symbol id="sm-1b92">
         <name>USBDualModeTerm</name>
         <value>0x13301</value>
         <object_component_ref idref="oc-3a3"/>
      </symbol>
      <symbol id="sm-1b93">
         <name>g_iUSBMode</name>
         <value>0x20006580</value>
         <object_component_ref idref="oc-299"/>
      </symbol>
      <symbol id="sm-1b94">
         <name>USBOTGModeInit</name>
         <value>0x1338b</value>
         <object_component_ref idref="oc-3a3"/>
      </symbol>
      <symbol id="sm-1b95">
         <name>USBStackModeSet</name>
         <value>0x131ed</value>
         <object_component_ref idref="oc-3a3"/>
      </symbol>
      <symbol id="sm-1b96">
         <name>g_ui32WaitTicks</name>
         <value>0x20006584</value>
         <object_component_ref idref="oc-299"/>
      </symbol>
      <symbol id="sm-1b97">
         <name>USBOTGPollRate</name>
         <value>0x134b1</value>
         <object_component_ref idref="oc-3a3"/>
      </symbol>
      <symbol id="sm-1b98">
         <name>OTGDeviceDisconnect</name>
         <value>0x135c9</value>
         <object_component_ref idref="oc-3a3"/>
      </symbol>
      <symbol id="sm-1b99">
         <name>USBOTGFeatureSet</name>
         <value>0x13681</value>
         <object_component_ref idref="oc-3a3"/>
      </symbol>
      <symbol id="sm-1bf0">
         <name>USBRingBufWrite</name>
         <value>0x14413</value>
         <object_component_ref idref="oc-4e0"/>
      </symbol>
      <symbol id="sm-1bf1">
         <name>USBRingBufContigUsed</name>
         <value>0x14195</value>
         <object_component_ref idref="oc-4e0"/>
      </symbol>
      <symbol id="sm-1bf2">
         <name>USBRingBufFlush</name>
         <value>0x1410b</value>
         <object_component_ref idref="oc-4e0"/>
      </symbol>
      <symbol id="sm-1bf3">
         <name>USBRingBufAdvanceWrite</name>
         <value>0x1433d</value>
         <object_component_ref idref="oc-4e0"/>
      </symbol>
      <symbol id="sm-1bf4">
         <name>USBRingBufWriteOne</name>
         <value>0x143cd</value>
         <object_component_ref idref="oc-4e0"/>
      </symbol>
      <symbol id="sm-1bf5">
         <name>USBRingBufUsed</name>
         <value>0x14137</value>
         <object_component_ref idref="oc-4e0"/>
      </symbol>
      <symbol id="sm-1bf6">
         <name>USBRingBufFree</name>
         <value>0x14171</value>
         <object_component_ref idref="oc-4e0"/>
      </symbol>
      <symbol id="sm-1bf7">
         <name>USBRingBufAdvanceRead</name>
         <value>0x142e7</value>
         <object_component_ref idref="oc-4e0"/>
      </symbol>
      <symbol id="sm-1bf8">
         <name>USBRingBufFull</name>
         <value>0x14097</value>
         <object_component_ref idref="oc-4e0"/>
      </symbol>
      <symbol id="sm-1bf9">
         <name>USBRingBufReadOne</name>
         <value>0x1422b</value>
         <object_component_ref idref="oc-4e0"/>
      </symbol>
      <symbol id="sm-1bfa">
         <name>USBRingBufEmpty</name>
         <value>0x140d9</value>
         <object_component_ref idref="oc-4e0"/>
      </symbol>
      <symbol id="sm-1bfb">
         <name>USBRingBufSize</name>
         <value>0x14213</value>
         <object_component_ref idref="oc-4e0"/>
      </symbol>
      <symbol id="sm-1bfc">
         <name>USBRingBufInit</name>
         <value>0x14489</value>
         <object_component_ref idref="oc-4e0"/>
      </symbol>
      <symbol id="sm-1bfd">
         <name>USBRingBufRead</name>
         <value>0x14271</value>
         <object_component_ref idref="oc-4e0"/>
      </symbol>
      <symbol id="sm-1bfe">
         <name>USBRingBufContigFree</name>
         <value>0x141cd</value>
         <object_component_ref idref="oc-4e0"/>
      </symbol>
      <symbol id="sm-1c27">
         <name>g_pfnTickHandlers</name>
         <value>0x200061a8</value>
      </symbol>
      <symbol id="sm-1c28">
         <name>g_pvTickInstance</name>
         <value>0x200061c0</value>
      </symbol>
      <symbol id="sm-1c29">
         <name>g_ui32USBSOFCount</name>
         <value>0x20006570</value>
         <object_component_ref idref="oc-2b4"/>
      </symbol>
      <symbol id="sm-1c2a">
         <name>InternalUSBTickReset</name>
         <value>0x16ca3</value>
         <object_component_ref idref="oc-28f"/>
      </symbol>
      <symbol id="sm-1c2b">
         <name>g_bUSBTimerInitialized</name>
         <value>0x20006568</value>
         <object_component_ref idref="oc-2b4"/>
      </symbol>
      <symbol id="sm-1c2c">
         <name>g_ui32CurrentUSBTick</name>
         <value>0x2000656c</value>
         <object_component_ref idref="oc-2b4"/>
      </symbol>
      <symbol id="sm-1c2d">
         <name>InternalUSBStartOfFrameTick</name>
         <value>0x16cfb</value>
         <object_component_ref idref="oc-28f"/>
      </symbol>
      <symbol id="sm-1c2e">
         <name>InternalUSBRegisterTickHandler</name>
         <value>0x16cab</value>
         <object_component_ref idref="oc-28f"/>
      </symbol>
      <symbol id="sm-1c2f">
         <name>InternalUSBTickInit</name>
         <value>0x16c65</value>
         <object_component_ref idref="oc-28f"/>
      </symbol>
      <symbol id="sm-1c3c">
         <name>ULPIPowerTransceiver</name>
         <value>0x16ecd</value>
         <object_component_ref idref="oc-283"/>
      </symbol>
      <symbol id="sm-1c3d">
         <name>ULPIConfigSet</name>
         <value>0x16e2b</value>
         <object_component_ref idref="oc-283"/>
      </symbol>
      <symbol id="sm-1c57">
         <name>GetOverflowCounts</name>
         <value>0x17761</value>
         <object_component_ref idref="oc-192"/>
      </symbol>
      <symbol id="sm-1c58">
         <name>vConfigureTimerForRunTimeStats</name>
         <value>0x1729d</value>
         <object_component_ref idref="oc-189"/>
      </symbol>
      <symbol id="sm-1c78">
         <name>CmdLineProcess</name>
         <value>0x16ef5</value>
         <object_component_ref idref="oc-276"/>
      </symbol>
      <symbol id="sm-1ca8">
         <name>CPUUsageInit</name>
         <value>0x16873</value>
         <object_component_ref idref="oc-ed"/>
      </symbol>
      <symbol id="sm-1ca9">
         <name>CPUUsageTick</name>
         <value>0x16835</value>
         <object_component_ref idref="oc-ed"/>
      </symbol>
      <symbol id="sm-1db1">
         <name>UARTTxBytesFree</name>
         <value>0x109cb</value>
         <object_component_ref idref="oc-3c"/>
      </symbol>
      <symbol id="sm-1db2">
         <name>UARTFlushRx</name>
         <value>0x109d7</value>
         <object_component_ref idref="oc-3c"/>
      </symbol>
      <symbol id="sm-1db3">
         <name>UARTgetc</name>
         <value>0x10661</value>
         <object_component_ref idref="oc-3c"/>
      </symbol>
      <symbol id="sm-1db4">
         <name>UARTgets</name>
         <value>0x10201</value>
         <object_component_ref idref="oc-3c"/>
      </symbol>
      <symbol id="sm-1db5">
         <name>UARTFlushTx</name>
         <value>0x109e5</value>
         <object_component_ref idref="oc-3c"/>
      </symbol>
      <symbol id="sm-1db6">
         <name>UARTStdioConfig</name>
         <value>0x1000b</value>
         <object_component_ref idref="oc-3c"/>
      </symbol>
      <symbol id="sm-1db7">
         <name>UARTStdioIntHandler</name>
         <value>0x10a33</value>
         <object_component_ref idref="oc-3c"/>
      </symbol>
      <symbol id="sm-1db8">
         <name>UARTRxBytesAvail</name>
         <value>0x109bf</value>
         <object_component_ref idref="oc-3c"/>
      </symbol>
      <symbol id="sm-1db9">
         <name>UARTwrite</name>
         <value>0x10137</value>
         <object_component_ref idref="oc-3c"/>
      </symbol>
      <symbol id="sm-1dba">
         <name>UARTEchoSet</name>
         <value>0x10a0b</value>
         <object_component_ref idref="oc-3c"/>
      </symbol>
      <symbol id="sm-1dbb">
         <name>UARTprintf</name>
         <value>0x1099b</value>
         <object_component_ref idref="oc-3c"/>
      </symbol>
      <symbol id="sm-1dbc">
         <name>UARTvprintf</name>
         <value>0x10689</value>
         <object_component_ref idref="oc-3c"/>
      </symbol>
      <symbol id="sm-1dcd">
         <name>_c_int00</name>
         <value>0x17431</value>
         <object_component_ref idref="oc-24"/>
      </symbol>
      <symbol id="sm-1dce">
         <name>__stack</name>
         <value>0x200065c4</value>
         <object_component_ref idref="oc-2a"/>
      </symbol>
      <symbol id="sm-1dec">
         <name>__TI_decompress_lzss</name>
         <value>0x17305</value>
         <object_component_ref idref="oc-12"/>
      </symbol>
      <symbol id="sm-1e03">
         <name>__TI_decompress_none</name>
         <value>0x1785d</value>
         <object_component_ref idref="oc-18"/>
      </symbol>
      <symbol id="sm-1e15">
         <name>__TI_zero_init</name>
         <value>0x1786b</value>
         <object_component_ref idref="oc-1e"/>
      </symbol>
      <symbol id="sm-1e36">
         <name>C$$EXIT</name>
         <value>0x17485</value>
         <object_component_ref idref="oc-8c"/>
      </symbol>
      <symbol id="sm-1e37">
         <name>abort</name>
         <value>0x17489</value>
         <object_component_ref idref="oc-8c"/>
      </symbol>
      <symbol id="sm-1e38">
         <name>exit</name>
         <value>0x17491</value>
         <object_component_ref idref="oc-8c"/>
      </symbol>
      <symbol id="sm-1e39">
         <name>__TI_dtors_ptr</name>
         <value>0x20006524</value>
         <object_component_ref idref="oc-156"/>
      </symbol>
      <symbol id="sm-1e3a">
         <name>__TI_cleanup_ptr</name>
         <value>0x20006520</value>
         <object_component_ref idref="oc-156"/>
      </symbol>
      <symbol id="sm-1e3b">
         <name>__TI_enable_exit_profile_output</name>
         <value>0x20006528</value>
         <object_component_ref idref="oc-156"/>
      </symbol>
      <symbol id="sm-1e45">
         <name>__aeabi_f2ulz</name>
         <value>0x1752d</value>
         <object_component_ref idref="oc-24b"/>
      </symbol>
      <symbol id="sm-1e60">
         <name>memcpy</name>
         <value>0x16fa1</value>
         <object_component_ref idref="oc-5c"/>
      </symbol>
      <symbol id="sm-1e61">
         <name>__aeabi_memcpy</name>
         <value>0x16fa1</value>
         <object_component_ref idref="oc-5c"/>
      </symbol>
      <symbol id="sm-1e62">
         <name>__aeabi_memcpy8</name>
         <value>0x16fa1</value>
         <object_component_ref idref="oc-5c"/>
      </symbol>
      <symbol id="sm-1e63">
         <name>__aeabi_memcpy4</name>
         <value>0x16fa1</value>
         <object_component_ref idref="oc-5c"/>
      </symbol>
      <symbol id="sm-1e72">
         <name>__aeabi_memset</name>
         <value>0x1714b</value>
         <object_component_ref idref="oc-68"/>
      </symbol>
      <symbol id="sm-1e73">
         <name>memset</name>
         <value>0x17151</value>
         <object_component_ref idref="oc-68"/>
      </symbol>
      <symbol id="sm-1e74">
         <name>__aeabi_memset8</name>
         <value>0x1714b</value>
         <object_component_ref idref="oc-68"/>
      </symbol>
      <symbol id="sm-1e75">
         <name>__aeabi_memset4</name>
         <value>0x1714b</value>
         <object_component_ref idref="oc-68"/>
      </symbol>
      <symbol id="sm-1e76">
         <name>__aeabi_memclr8</name>
         <value>0x17149</value>
         <object_component_ref idref="oc-68"/>
      </symbol>
      <symbol id="sm-1e77">
         <name>__aeabi_memclr4</name>
         <value>0x17149</value>
         <object_component_ref idref="oc-68"/>
      </symbol>
      <symbol id="sm-1e78">
         <name>__aeabi_memclr</name>
         <value>0x17149</value>
         <object_component_ref idref="oc-68"/>
      </symbol>
      <symbol id="sm-1e82">
         <name>__mpu_init</name>
         <value>0x12bd3</value>
         <object_component_ref idref="oc-74"/>
      </symbol>
      <symbol id="sm-1e8c">
         <name>_system_pre_init</name>
         <value>0x1787d</value>
         <object_component_ref idref="oc-7a"/>
      </symbol>
      <symbol id="sm-1ea5">
         <name>sprintf</name>
         <value>0x173d1</value>
         <object_component_ref idref="oc-1ab"/>
      </symbol>
      <symbol id="sm-1ead">
         <name>main_func_sp</name>
         <value>0x200065bc</value>
         <object_component_ref idref="oc-92"/>
      </symbol>
      <symbol id="sm-1ebc">
         <name>strcmp</name>
         <value>0x177dd</value>
         <object_component_ref idref="oc-3e0"/>
      </symbol>
      <symbol id="sm-1eca">
         <name>strcpy</name>
         <value>0x17835</value>
         <object_component_ref idref="oc-19f"/>
      </symbol>
      <symbol id="sm-1ed8">
         <name>strlen</name>
         <value>0x17849</value>
         <object_component_ref idref="oc-1a5"/>
      </symbol>
      <symbol id="sm-1ee8">
         <name>strncmp</name>
         <value>0x17709</value>
         <object_component_ref idref="oc-267"/>
      </symbol>
      <symbol id="sm-1f09">
         <name>strtoul</name>
         <value>0x16959</value>
         <object_component_ref idref="oc-270"/>
      </symbol>
      <symbol id="sm-1f18">
         <name>__aeabi_uidivmod</name>
         <value>0x1765d</value>
         <object_component_ref idref="oc-d9"/>
      </symbol>
      <symbol id="sm-1f19">
         <name>__aeabi_uidiv</name>
         <value>0x1765d</value>
         <object_component_ref idref="oc-d9"/>
      </symbol>
      <symbol id="sm-1f32">
         <name>_nop</name>
         <value>0x1781b</value>
         <object_component_ref idref="oc-2d7"/>
      </symbol>
      <symbol id="sm-1f33">
         <name>_lock</name>
         <value>0x2000658c</value>
         <object_component_ref idref="oc-159"/>
      </symbol>
      <symbol id="sm-1f34">
         <name>_unlock</name>
         <value>0x20006590</value>
         <object_component_ref idref="oc-159"/>
      </symbol>
      <symbol id="sm-1f35">
         <name>_register_lock</name>
         <value>0x17813</value>
         <object_component_ref idref="oc-2d7"/>
      </symbol>
      <symbol id="sm-1f36">
         <name>_register_unlock</name>
         <value>0x1780d</value>
         <object_component_ref idref="oc-2d7"/>
      </symbol>
      <symbol id="sm-2037">
         <name>__TI_printfi</name>
         <value>0xbb25</value>
         <object_component_ref idref="oc-32b"/>
      </symbol>
      <symbol id="sm-204b">
         <name>_args_main</name>
         <value>0x177c5</value>
         <object_component_ref idref="oc-86"/>
      </symbol>
      <symbol id="sm-2061">
         <name>atoi</name>
         <value>0x1757d</value>
         <object_component_ref idref="oc-497"/>
      </symbol>
      <symbol id="sm-208b">
         <name>__TI_auto_init</name>
         <value>0x171c5</value>
         <object_component_ref idref="oc-80"/>
      </symbol>
      <symbol id="sm-20a5">
         <name>copy_in</name>
         <value>0x175c9</value>
         <object_component_ref idref="oc-146"/>
      </symbol>
      <symbol id="sm-20b0">
         <name>_ctypes_</name>
         <value>0x17dc6</value>
         <object_component_ref idref="oc-3d8"/>
      </symbol>
      <symbol id="sm-20b8">
         <name>errno</name>
         <value>0x200065b8</value>
         <object_component_ref idref="oc-3db"/>
      </symbol>
      <symbol id="sm-20cf">
         <name>__aeabi_dsub</name>
         <value>0x162f7</value>
         <object_component_ref idref="oc-480"/>
      </symbol>
      <symbol id="sm-20d0">
         <name>__aeabi_dadd</name>
         <value>0x16301</value>
         <object_component_ref idref="oc-480"/>
      </symbol>
      <symbol id="sm-20f2">
         <name>__aeabi_cdcmpeq</name>
         <value>0x1703d</value>
         <object_component_ref idref="oc-45c"/>
      </symbol>
      <symbol id="sm-20f3">
         <name>__aeabi_cdcmple</name>
         <value>0x1703d</value>
         <object_component_ref idref="oc-45c"/>
      </symbol>
      <symbol id="sm-20f4">
         <name>__aeabi_cdrcmple</name>
         <value>0x170c3</value>
         <object_component_ref idref="oc-46b"/>
      </symbol>
      <symbol id="sm-2108">
         <name>__aeabi_ddiv</name>
         <value>0x164ad</value>
         <object_component_ref idref="oc-466"/>
      </symbol>
      <symbol id="sm-2113">
         <name>__aeabi_dmul</name>
         <value>0x16a6d</value>
         <object_component_ref idref="oc-461"/>
      </symbol>
      <symbol id="sm-211d">
         <name>__aeabi_d2iz</name>
         <value>0x17615</value>
         <object_component_ref idref="oc-470"/>
      </symbol>
      <symbol id="sm-2127">
         <name>__aeabi_idiv0</name>
         <value>0xc41f</value>
         <object_component_ref idref="oc-1f6"/>
      </symbol>
      <symbol id="sm-2131">
         <name>__aeabi_i2d</name>
         <value>0x176db</value>
         <object_component_ref idref="oc-47b"/>
      </symbol>
      <symbol id="sm-2140">
         <name>ltoa</name>
         <value>0x174d9</value>
         <object_component_ref idref="oc-475"/>
      </symbol>
      <symbol id="sm-2150">
         <name>memccpy</name>
         <value>0x177a9</value>
         <object_component_ref idref="oc-49d"/>
      </symbol>
      <symbol id="sm-216b">
         <name>frexpl</name>
         <value>0x1736d</value>
         <object_component_ref idref="oc-485"/>
      </symbol>
      <symbol id="sm-216c">
         <name>frexp</name>
         <value>0x1736d</value>
         <object_component_ref idref="oc-485"/>
      </symbol>
      <symbol id="sm-2189">
         <name>scalbn</name>
         <value>0x16b69</value>
         <object_component_ref idref="oc-48b"/>
      </symbol>
      <symbol id="sm-218a">
         <name>scalbnl</name>
         <value>0x16b69</value>
         <object_component_ref idref="oc-48b"/>
      </symbol>
      <symbol id="sm-218b">
         <name>ldexpl</name>
         <value>0x16b69</value>
         <object_component_ref idref="oc-48b"/>
      </symbol>
      <symbol id="sm-218c">
         <name>ldexp</name>
         <value>0x16b69</value>
         <object_component_ref idref="oc-48b"/>
      </symbol>
      <symbol id="sm-2196">
         <name>_system_post_cinit</name>
         <value>0x16ef3</value>
         <object_component_ref idref="oc-14c"/>
      </symbol>
      <symbol id="sm-21a6">
         <name>strchr</name>
         <value>0x177f5</value>
         <object_component_ref idref="oc-491"/>
      </symbol>
      <symbol id="sm-21c2">
         <name>__aeabi_uldivmod</name>
         <value>0x15f31</value>
         <object_component_ref idref="oc-457"/>
      </symbol>
      <symbol id="sm-21cc">
         <name>copysign</name>
         <value>0x17821</value>
         <object_component_ref idref="oc-585"/>
      </symbol>
      <symbol id="sm-21cd">
         <name>copysignl</name>
         <value>0x17821</value>
         <object_component_ref idref="oc-585"/>
      </symbol>
      <symbol id="sm-21ce">
         <name>__TI_static_base__</name>
         <value>0x0</value>
      </symbol>
      <symbol id="sm-21d1">
         <name>SHT$$INIT_ARRAY$$Limit</name>
         <value>0x0</value>
      </symbol>
      <symbol id="sm-21d2">
         <name>SHT$$INIT_ARRAY$$Base</name>
         <value>0x0</value>
      </symbol>
   </symbol_table>
   <title>Link successful</title>
</link_info>
