******************************************************************************
                  TI ARM Linker PC v16.9.4                     
******************************************************************************
>> Linked Fri Jun 01 14:47:56 2018

OUTPUT FILE NAME:   <gise-p1-tiva-Santy241996.out>
ENTRY POINT SYMBOL: "_c_int00"  address: 0001c455


MEMORY CONFIGURATION

         name            origin    length      used     unused   attr    fill
----------------------  --------  ---------  --------  --------  ----  --------
  FLASH                 00000000   00040000  0001d8dc  00022724  R  X
  SRAM                  20000000   00008000  00006926  000016da  RW X


SEGMENT ALLOCATION MAP

run origin  load origin   length   init length attrs members
----------  ----------- ---------- ----------- ----- -------
00000000    00000000    0001d8e0   0001d8e0    r-x
  00000000    00000000    0000026c   0000026c    r-- .intvecs
  0000026c    0000026c    0001c660   0001c660    r-x .text
  0001c8cc    0001c8cc    00000e78   00000e78    r-- .const
  0001d748    0001d748    00000198   00000198    r-- .cinit
20000000    20000000    00006928   00000000    rw-
  20000000    20000000    0000026c   00000000    rw- .vtable
  2000026c    2000026c    000061d6   00000000    rw- .bss
  20006444    20006444    000002e4   00000000    rw- .data
  20006728    20006728    00000200   00000000    rw- .stack


SECTION ALLOCATION MAP

 output                                  attributes/
section   page    origin      length       input sections
--------  ----  ----------  ----------   ----------------
.intvecs   0    00000000    0000026c     
                  00000000    0000026c     startup_ccs.obj (.intvecs)

.text      0    0000026c    0001c660     
                  0000026c    00002ff8     usbhostenum.obj (.text)
                  00003264    0000238c     usb.obj (.text)
                  000055f0    00001efc     tasks.obj (.text)
                  000074ec    00001690     sysctl.obj (.text)
                  00008b7c    00001570     usbdenum.obj (.text)
                  0000a0ec    000013ee     sparkfun_apds9960drv.obj (.text)
                  0000b4da    00000002     rtsv7M4_T_le_v4SPD16_eabi.lib : i_div0.obj (.text)
                  0000b4dc    000011f4     gpio.obj (.text)
                  0000c6d0    0000113e     rtsv7M4_T_le_v4SPD16_eabi.lib : _printfi.obj (.text)
                  0000d80e    00000002                                   : mpu_init.obj (.text)
                  0000d810    00001070     queue.obj (.text)
                  0000e880    00001054     adc.obj (.text)
                  0000f8d4    00000fdc     usbdcdc.obj (.text)
                  000108b0    00000fa8     usbdma.obj (.text)
                  00011858    00000d08     timer.obj (.text)
                  00012560    00000bc4     i2c.obj (.text)
                  00013124    00000bc4     main.obj (.text)
                  00013ce8    00000b8c     uartstdio.obj (.text)
                  00014874    00000a80     uart.obj (.text)
                  000152f4    000009a0     tivarpc.obj (.text)
                  00015c94    00000930     i2c_if.obj (.text)
                  000165c4    00000924     usbhhub.obj (.text)
                  00016ee8    00000734     timers.obj (.text)
                  0001761c    000006c1     commands.obj (.text)
                  00017cdd    00000001     --HOLE-- [fill = 0]
                  00017cde    00000002     rtsv7M4_T_le_v4SPD16_eabi.lib : startup.obj (.text)
                  00017ce0    00000598     usbbuffer.obj (.text)
                  00018278    00000570     usbmode.obj (.text)
                  000187e8    00000538     event_groups.obj (.text)
                  00018d20    00000490     interrupt.obj (.text)
                  000191b0    0000048c     usbringbuf.obj (.text)
                  0001963c    0000042c     rgb.obj (.text)
                  00019a68    000003bc     usbdconfig.obj (.text)
                  00019e24    000003b4     usb_dev_serial.obj (.text)
                  0001a1d8    00000394     heap_4.obj (.text)
                  0001a56c    000002f2     serialprotocol.obj (.text)
                  0001a85e    000002de     usbdcdesc.obj (.text)
                  0001ab3c    000002d0     port.obj (.text)
                  0001ae0c    000001f4     rtsv7M4_T_le_v4SPD16_eabi.lib : ull_div_t2.obj (.text)
                  0001b000    000001d2     usbdesc.obj (.text)
                  0001b1d2    000001b6     rtsv7M4_T_le_v4SPD16_eabi.lib : fd_add_t2.obj (.text)
                  0001b388    00000148     configADC.obj (.text)
                  0001b4d0    00000136     rtsv7M4_T_le_v4SPD16_eabi.lib : fd_div_t2.obj (.text)
                  0001b606    0000012a     list.obj (.text)
                  0001b730    00000128     buttons.obj (.text)
                  0001b858    00000124     cpu_usage.obj (.text)
                  0001b97c    00000114     rtsv7M4_T_le_v4SPD16_eabi.lib : strtoul.obj (.text)
                  0001ba90    000000fc                                   : fd_mul_t2.obj (.text)
                  0001bb8c    000000fc                                   : s_scalbn.obj (.text)
                  0001bc88    000000ec     usbtick.obj (.text)
                  0001bd74    000000da     portasm.obj (.text)
                  0001be4e    000000c8     usbulpi.obj (.text)
                  0001bf16    00000002     --HOLE-- [fill = 0]
                  0001bf18    000000ac     cmdline.obj (.text)
                  0001bfc4    0000009c     rtsv7M4_T_le_v4SPD16_eabi.lib : memcpy_t2.obj (.text)
                  0001c060    00000086                                   : fd_cmp_t2.obj (.text:__aeabi_cdcmple)
                  0001c0e6    00000086                                   : fd_cmp_t2.obj (.text:__aeabi_cdrcmple)
                  0001c16c    0000007a                                   : memset_t2.obj (.text)
                  0001c1e6    00000002     --HOLE-- [fill = 0]
                  0001c1e8    00000070                                   : autoinit.obj (.text)
                  0001c258    00000068     crc.obj (.text)
                  0001c2c0    00000068     RunTimeStatsConfig.obj (.text)
                  0001c328    00000068     rtsv7M4_T_le_v4SPD16_eabi.lib : copy_decompress_lzss.obj (.text:decompress:lzss)
                  0001c390    00000064                                   : s_frexp.obj (.text)
                  0001c3f4    00000060                                   : sprintf.obj (.text)
                  0001c454    00000054                                   : boot.obj (.text)
                  0001c4a8    00000054                                   : exit.obj (.text)
                  0001c4fc    00000054                                   : ltoa.obj (.text)
                  0001c550    00000054     startup_ccs.obj (.text)
                  0001c5a4    00000050     rtsv7M4_T_le_v4SPD16_eabi.lib : fs_toull_t2.obj (.text)
                  0001c5f4    0000004c                                   : atoi.obj (.text)
                  0001c640    0000004c                                   : cpy_tbl.obj (.text)
                  0001c68c    00000048                                   : fd_toi_t2.obj (.text)
                  0001c6d4    00000040                                   : u_divt2.obj (.text)
                  0001c714    0000003e     cpu.obj (.text)
                  0001c752    0000002e     rtsv7M4_T_le_v4SPD16_eabi.lib : i_tofd_t2.obj (.text)
                  0001c780    0000002c                                   : strncmp.obj (.text)
                  0001c7ac    00000024     RunTimeStatsConfig.obj (.text:GetOverflowCounts)
                  0001c7d0    00000024     usbdhandler.obj (.text)
                  0001c7f4    0000001c     rtsv7M4_T_le_v4SPD16_eabi.lib : memccpy.obj (.text)
                  0001c810    00000018                                   : args_main.obj (.text)
                  0001c828    00000018                                   : strcmp.obj (.text)
                  0001c840    00000016                                   : strchr.obj (.text)
                  0001c856    00000002     --HOLE-- [fill = 0]
                  0001c858    00000014                                   : _lock.obj (.text)
                  0001c86c    00000014                                   : s_copysign.obj (.text)
                  0001c880    00000014                                   : strcpy.obj (.text)
                  0001c894    00000014                                   : strlen.obj (.text)
                  0001c8a8    0000000e                                   : copy_decompress_none.obj (.text:decompress:none)
                  0001c8b6    0000000c                                   : copy_zero_init.obj (.text:decompress:ZI)
                  0001c8c2    00000006     sysctl.obj (.text:SysCtlDelay)
                  0001c8c8    00000004     rtsv7M4_T_le_v4SPD16_eabi.lib : pre_init.obj (.text)

.const     0    0001c8cc    00000e78     
                  0001c8cc    00000200     crc.obj (.const:crctttab)
                  0001cacc    000001be     commands.obj (.const:.string)
                  0001cc8a    00000002     --HOLE-- [fill = 0]
                  0001cc8c    000001b0     sysctl.obj (.const:g_pppui32XTALtoVCO)
                  0001ce3c    00000101     rtsv7M4_T_le_v4SPD16_eabi.lib : ctype.obj (.const:.string:_ctypes_)
                  0001cf3d    00000003     --HOLE-- [fill = 0]
                  0001cf40    000000d8     gpio.obj (.const:g_ppui32GPIOIntMapSnowflake)
                  0001d018    000000c0     gpio.obj (.const:g_ppui32GPIOIntMapBlizzard)
                  0001d0d8    0000009c     interrupt.obj (.const:g_pui32Regs)
                  0001d174    00000090     gpio.obj (.const:g_pui32GPIOBaseAddrs)
                  0001d204    0000006c     sysctl.obj (.const:g_pui32Xtals)
                  0001d270    00000060     timer.obj (.const:g_ppui32TimerIntMap)
                  0001d2d0    00000050     i2c.obj (.const:g_ppui32I2CIntMapSnowflake)
                  0001d320    00000040     timer.obj (.const:g_ppui32TimerIntMapSnowflake)
                  0001d360    00000040     uart.obj (.const:g_ppui32UARTIntMap)
                  0001d3a0    00000040     uart.obj (.const:g_ppui32UARTIntMapSnowflake)
                  0001d3e0    00000038     tivarpc.obj (.const:rpc_function_table)
                  0001d418    00000036     usb_serial_structs.obj (.const:.string:g_pui8ConfigString)
                  0001d44e    00000002     --HOLE-- [fill = 0]
                  0001d450    00000034     usbdenum.obj (.const:g_psUSBDStdRequests)
                  0001d484    00000030     i2c.obj (.const:g_ppui32I2CIntMap)
                  0001d4b4    00000030     usbdcdc.obj (.const:g_sCDCHandlers)
                  0001d4e4    00000030     sysctl.obj (.const:g_sXTALtoMEMTIM)
                  0001d514    0000002c     usb_serial_structs.obj (.const:.string:g_pui8ControlInterfaceString)
                  0001d540    00000024     usb_serial_structs.obj (.const:.string:g_pui8ManufacturerString)
                  0001d564    00000023     usbdcdc.obj (.const:.string:g_pui8CDCSerCommInterface)
                  0001d587    00000022     usb_serial_structs.obj (.const:.string:g_pui8ProductString)
                  0001d5a9    00000003     --HOLE-- [fill = 0]
                  0001d5ac    00000020     interrupt.obj (.const:g_pui32Priority)
                  0001d5cc    00000018     usb_serial_structs.obj (.const:g_ppui8StringDescriptors)
                  0001d5e4    00000017     usbdcdc.obj (.const:.string:g_pui8CDCSerDataInterface)
                  0001d5fb    00000017     usbdcdc.obj (.const:.string:g_pui8CDCSerDataInterfaceHS)
                  0001d612    00000002     --HOLE-- [fill = 0]
                  0001d614    00000014     interrupt.obj (.const:g_pui32Dii16Regs)
                  0001d628    00000014     interrupt.obj (.const:g_pui32EnRegs)
                  0001d63c    00000014     interrupt.obj (.const:g_pui32PendRegs)
                  0001d650    00000014     interrupt.obj (.const:g_pui32UnpendRegs)
                  0001d664    00000012     usb_serial_structs.obj (.const:.string:g_pui8SerialNumberString)
                  0001d676    00000002     --HOLE-- [fill = 0]
                  0001d678    00000012     uartstdio.obj (.const:.string)
                  0001d68a    00000002     --HOLE-- [fill = 0]
                  0001d68c    0000000c     uartstdio.obj (.const:g_ui32UARTBase)
                  0001d698    0000000c     uartstdio.obj (.const:g_ui32UARTInt)
                  0001d6a4    0000000c     uartstdio.obj (.const:g_ui32UARTPeriph)
                  0001d6b0    00000008     sysctl.obj (.const:g_pui32VCOFrequencies)
                  0001d6b8    00000008     usbdcdc.obj (.const:g_sCDCCompSerConfigHeader)
                  0001d6c0    00000008     usbdcdc.obj (.const:g_sCDCCompSerConfigHeaderHS)
                  0001d6c8    00000008     usbdcdc.obj (.const:g_sCDCSerCommInterfaceSection)
                  0001d6d0    00000008     usbdcdc.obj (.const:g_sCDCSerConfigHeader)
                  0001d6d8    00000008     usbdcdc.obj (.const:g_sCDCSerConfigHeaderHS)
                  0001d6e0    00000008     usbdcdc.obj (.const:g_sCDCSerConfigSection)
                  0001d6e8    00000008     usbdcdc.obj (.const:g_sCDCSerDataInterfaceSection)
                  0001d6f0    00000008     usbdcdc.obj (.const:g_sCDCSerDataInterfaceSectionHS)
                  0001d6f8    00000008     usbdcdc.obj (.const:g_sIADSerConfigSection)
                  0001d700    00000008     gpio.obj (.const)
                  0001d708    00000008     i2c.obj (.const)
                  0001d710    00000008     port.obj (.const)
                  0001d718    00000008     timer.obj (.const)
                  0001d720    00000008     uart.obj (.const)
                  0001d728    00000004     usb_serial_structs.obj (.const:.string:g_pui8LangDescriptor)
                  0001d72c    00000004     usbdcdc.obj (.const:g_pCDCCompSerConfigDescriptors)
                  0001d730    00000004     usbdcdc.obj (.const:g_pCDCCompSerConfigDescriptorsHS)
                  0001d734    00000004     usbdcdc.obj (.const:g_ppCDCSerConfigDescriptors)
                  0001d738    00000004     usbdcdc.obj (.const:g_ppCDCSerConfigDescriptorsHS)
                  0001d73c    00000004     heap_4.obj (.const)
                  0001d740    00000004     uartstdio.obj (.const)

.cinit     0    0001d748    00000198     
                  0001d748    00000164     (.cinit..data.load) [load image, compression = lzss]
                  0001d8ac    0000000c     (__TI_handler_table)
                  0001d8b8    00000008     (.cinit..bss.load) [load image, compression = zero_init]
                  0001d8c0    00000008     (.cinit..vtable.load) [load image, compression = zero_init]
                  0001d8c8    00000018     (__TI_cinit_table)

.init_array 
*          0    00000000    00000000     UNINITIALIZED

.vtable    0    20000000    0000026c     UNINITIALIZED
                  20000000    0000026c     interrupt.obj (.vtable)

.bss       0    2000026c    000061d6     UNINITIALIZED
                  2000026c    00005000     heap_4.obj (.bss:ucHeap)
                  2000526c    000006cc     usbhostenum.obj (.bss:g_sUSBHCD)
                  20005938    00000200     uartstdio.obj (.bss:g_pcUARTRxHistoryBuffer)
                  20005b38    00000140     tasks.obj (.bss:pxReadyTasksLists)
                  20005c78    00000110     usbdma.obj (.bss:g_psUSBDMAInst)
                  20005d88    00000100     (.common:g_pui8USBRxBuffer)
                  20005e88    00000100     (.common:g_pui8USBTxBuffer)
                  20005f88    0000009c     usbhhub.obj (.bss:g_sRootHub)
                  20006024    00000084     (.common:gesture_data_)
                  200060a8    00000050     (.common:g_psDCDInst)
                  200060f8    00000050     (.common:xQueueRegistry)
                  20006148    00000040     tivarpc.obj (.bss:Rxframe)
                  20006188    00000040     tivarpc.obj (.bss:Txframe)
                  200061c8    00000040     usbdenum.obj (.bss:g_pui8DataBufferIn)
                  20006208    00000024     cmdline.obj (.bss:g_ppcArgv)
                  2000622c    00000020     uartstdio.obj (.bss:g_usUARTRxHistoryOffset)
                  2000624c    00000020     sparkfun_apds9960drv.obj (.bss)
                  2000626c    00000020     (.common:chan12)
                  2000628c    00000020     (.common:chan8)
                  200062ac    00000018     usbhostenum.obj (.bss:g_pi32USBHActiveDriver)
                  200062c4    00000018     usbhostenum.obj (.bss:g_ppvDriverInstance)
                  200062dc    00000018     (.common:g_pfnTickHandlers)
                  200062f4    00000018     (.common:g_pvTickInstance)
                  2000630c    00000014     uartstdio.obj (.bss)
                  20006320    00000014     timers.obj (.bss:xActiveTimerList1)
                  20006334    00000014     timers.obj (.bss:xActiveTimerList2)
                  20006348    00000014     tasks.obj (.bss:xDelayedTaskList1)
                  2000635c    00000014     tasks.obj (.bss:xDelayedTaskList2)
                  20006370    00000014     tasks.obj (.bss:xPendingReadyList)
                  20006384    00000014     tasks.obj (.bss:xSuspendedTaskList)
                  20006398    00000014     tasks.obj (.bss:xTasksWaitingTermination)
                  200063ac    0000000c     cpu_usage.obj (.bss)
                  200063b8    0000000c     rgb.obj (.bss:g_ui32Colors)
                  200063c4    0000000c     i2c_if.obj (.bss:transaction$1)
                  200063d0    00000008     usbhostenum.obj (.bss:g_pui32Alloc)
                  200063d8    00000008     adc.obj (.bss:g_pui8OversampleFactor)
                  200063e0    00000008     i2c_if.obj (.bss)
                  200063e8    00000008     tasks.obj (.bss)
                  200063f0    00000008     timers.obj (.bss)
                  200063f8    00000008     usb_dev_serial.obj (.bss)
                  20006400    00000008     usbhhub.obj (.bss)
                  20006408    00000008     heap_4.obj (.bss:xStart)
                  20006410    00000004     configADC.obj (.bss)
                  20006414    00000004     rgb.obj (.bss)
                  20006418    00000004     usbdenum.obj (.bss)
                  2000641c    00000004     usbhostenum.obj (.bss)
                  20006420    00000004     usbmode.obj (.bss)
                  20006424    00000004     (.common:FlagsEventos)
                  20006428    00000004     (.common:Intensidad)
                  2000642c    00000004     (.common:g_pUARTSemaphore)
                  20006430    00000004     (.common:g_ppsDevInfo)
                  20006434    00000004     (.common:g_ui32CPUUsage)
                  20006438    00000004     (.common:g_ui32PollRate)
                  2000643c    00000004     (.common:g_ulSystemClock)
                  20006440    00000001     (.common:g_eOTGModeState)
                  20006441    00000001     (.common:proximity_data)

.data      0    20006444    000002e4     UNINITIALIZED
                  20006444    00000084     commands.obj (.data:g_psCmdTable)
                  200064c8    00000060     usb_serial_structs.obj (.data:g_sCDCDevice)
                  20006528    0000003c     tasks.obj (.data)
                  20006564    00000038     usb_serial_structs.obj (.data:g_sRxBuffer)
                  2000659c    00000038     usb_serial_structs.obj (.data:g_sTxBuffer)
                  200065d4    00000018     cpu_usage.obj (.data:g_pui32CPUUsageTimerBase)
                  200065ec    00000018     cpu_usage.obj (.data:g_pui32CPUUsageTimerPeriph)
                  20006604    00000018     usbhostenum.obj (.data:g_sUSBHEP0State)
                  2000661c    00000014     usbhostenum.obj (.data)
                  20006630    00000012     usbdcdc.obj (.data:g_pui8CDCSerDeviceDescriptor)
                  20006642    00000002     i2c_if.obj (.data)
                  20006644    00000010     usbdcdc.obj (.data:g_psCDCCompSerSections)
                  20006654    00000010     usbdcdc.obj (.data:g_psCDCCompSerSectionsHS)
                  20006664    00000010     heap_4.obj (.data)
                  20006674    0000000d     usb_dev_serial.obj (.data)
                  20006681    00000003     buttons.obj (.data)
                  20006684    0000000c     rtsv7M4_T_le_v4SPD16_eabi.lib : exit.obj (.data:$O1$$)
                  20006690    0000000c     usbdcdc.obj (.data:g_psCDCSerSections)
                  2000669c    0000000c     usbdcdc.obj (.data:g_psCDCSerSectionsHS)
                  200066a8    0000000c     port.obj (.data)
                  200066b4    0000000c     timers.obj (.data)
                  200066c0    0000000c     uartstdio.obj (.data)
                  200066cc    0000000c     usbtick.obj (.data)
                  200066d8    00000009     usbdcdc.obj (.data:g_pui8CDCSerDescriptor)
                  200066e1    00000009     main.obj (.data)
                  200066ea    00000002     usbdcdc.obj (.data)
                  200066ec    00000009     usbmode.obj (.data)
                  200066f5    00000003     --HOLE--
                  200066f8    00000008     rtsv7M4_T_le_v4SPD16_eabi.lib : _lock.obj (.data:$O1$$)
                  20006700    00000008     usbdcdc.obj (.data:g_pui8IADSerDescriptor)
                  20006708    00000008     usbdenum.obj (.data)
                  20006710    00000007     usb_dev_serial.obj (.data:ConfigLinea)
                  20006717    00000001     --HOLE--
                  20006718    00000004     rgb.obj (.data)
                  2000671c    00000004     rtsv7M4_T_le_v4SPD16_eabi.lib : errno.obj (.data)
                  20006720    00000004                                   : stkdepth_vars.obj (.data)
                  20006724    00000004     tivarpc.obj (.data)

.stack     0    20006728    00000200     UNINITIALIZED
                  20006728    00000200     --HOLE--

MODULE SUMMARY

       Module                     code     ro data   rw data
       ------                     ----     -------   -------
    .\
       sparkfun_apds9960drv.obj   5102     0         164    
       main.obj                   3012     0         90     
       tivarpc.obj                2464     56        136    
       commands.obj               1729     446       132    
       usb_dev_serial.obj         948      0         28     
       usb_serial_structs.obj     0        214       720    
       serialprotocol.obj         754      0         0      
       startup_ccs.obj            84       620       0      
       crc.obj                    104      512       0      
    +--+--------------------------+--------+---------+---------+
       Total:                     14197    1848      1270   
                                                            
    .\FreeRTOS\Source\
       tasks.obj                  7932     0         488    
       queue.obj                  4208     0         80     
       timers.obj                 1844     0         60     
       event_groups.obj           1336     0         0      
       list.obj                   298      0         0      
    +--+--------------------------+--------+---------+---------+
       Total:                     15618    0         628    
                                                            
    .\FreeRTOS\Source\portable\CCS\ARM_CM4F\
       port.obj                   720      8         12     
       portasm.obj                218      0         0      
    +--+--------------------------+--------+---------+---------+
       Total:                     938      8         12     
                                                            
    .\FreeRTOS\Source\portable\MemMang\
       heap_4.obj                 916      4         20504  
    +--+--------------------------+--------+---------+---------+
       Total:                     916      4         20504  
                                                            
    .\driverlib\
       usb.obj                    9100     0         0      
       sysctl.obj                 5782     596       0      
       gpio.obj                   4596     560       0      
       adc.obj                    4180     0         8      
       timer.obj                  3336     168       0      
       i2c.obj                    3012     136       0      
       uart.obj                   2688     136       0      
       interrupt.obj              1168     268       620    
       cpu.obj                    62       0         0      
    +--+--------------------------+--------+---------+---------+
       Total:                     33924    1864      628    
                                                            
    .\drivers\
       i2c_if.obj                 2352     0         22     
       rgb.obj                    1068     0         20     
       configADC.obj              328      0         4      
       buttons.obj                296      0         3      
    +--+--------------------------+--------+---------+---------+
       Total:                     4044     0         49     
                                                            
    .\usblib\
       usbdma.obj                 4008     0         272    
       usbbuffer.obj              1432     0         0      
       usbmode.obj                1392     0         18     
       usbringbuf.obj             1164     0         0      
       usbdesc.obj                466      0         0      
       usbtick.obj                236      0         60     
       usbulpi.obj                200      0         0      
    +--+--------------------------+--------+---------+---------+
       Total:                     8898     0         350    
                                                            
    .\usblib\device\
       usbdenum.obj               5488     52        160    
       usbdcdc.obj                4060     217       93     
       usbdconfig.obj             956      0         0      
       usbdcdesc.obj              734      0         0      
       usbdhandler.obj            36       0         0      
    +--+--------------------------+--------+---------+---------+
       Total:                     11274    269       253    
                                                            
    .\usblib\host\
       usbhostenum.obj            12280    0         1844   
       usbhhub.obj                2340     0         164    
    +--+--------------------------+--------+---------+---------+
       Total:                     14620    0         2008   
                                                            
    .\utils\
       uartstdio.obj              2956     58        576    
       cpu_usage.obj              292      0         60     
       cmdline.obj                172      0         36     
       RunTimeStatsConfig.obj     140      0         0      
    +--+--------------------------+--------+---------+---------+
       Total:                     3560     58        672    
                                                            
    C:\ti\ccsv7\tools\compiler\ti-cgt-arm_16.9.4.LTS\lib\rtsv7M4_T_le_v4SPD16_eabi.lib
       _printfi.obj               4414     0         0      
       ull_div_t2.obj             500      0         0      
       fd_add_t2.obj              438      0         0      
       fd_div_t2.obj              310      0         0      
       strtoul.obj                276      0         0      
       fd_cmp_t2.obj              268      0         0      
       ctype.obj                  0        257       0      
       fd_mul_t2.obj              252      0         0      
       s_scalbn.obj               252      0         0      
       memcpy_t2.obj              156      0         0      
       memset_t2.obj              122      0         0      
       autoinit.obj               112      0         0      
       copy_decompress_lzss.obj   104      0         0      
       s_frexp.obj                100      0         0      
       exit.obj                   84       0         12     
       sprintf.obj                96       0         0      
       boot.obj                   84       0         0      
       ltoa.obj                   84       0         0      
       fs_toull_t2.obj            80       0         0      
       atoi.obj                   76       0         0      
       cpy_tbl.obj                76       0         0      
       fd_toi_t2.obj              72       0         0      
       u_divt2.obj                64       0         0      
       i_tofd_t2.obj              46       0         0      
       strncmp.obj                44       0         0      
       _lock.obj                  20       0         8      
       memccpy.obj                28       0         0      
       args_main.obj              24       0         0      
       strcmp.obj                 24       0         0      
       strchr.obj                 22       0         0      
       s_copysign.obj             20       0         0      
       strcpy.obj                 20       0         0      
       strlen.obj                 20       0         0      
       copy_decompress_none.obj   14       0         0      
       copy_zero_init.obj         12       0         0      
       errno.obj                  0        0         4      
       pre_init.obj               4        0         0      
       stkdepth_vars.obj          0        0         4      
       i_div0.obj                 2        0         0      
       mpu_init.obj               2        0         0      
       startup.obj                2        0         0      
    +--+--------------------------+--------+---------+---------+
       Total:                     8324     257       28     
                                                            
       Stack:                     0        0         512    
       Linker Generated:          0        408       0      
    +--+--------------------------+--------+---------+---------+
       Grand Total:               116313   4716      26914  


LINKER GENERATED COPY TABLES

__TI_cinit_table @ 0001d8c8 records: 3, size/record: 8, table size: 24
	.data: load addr=0001d748, load size=00000164 bytes, run addr=20006444, run size=000002e4 bytes, compression=lzss
	.bss: load addr=0001d8b8, load size=00000008 bytes, run addr=2000026c, run size=000061d6 bytes, compression=zero_init
	.vtable: load addr=0001d8c0, load size=00000008 bytes, run addr=20000000, run size=0000026c bytes, compression=zero_init


LINKER GENERATED HANDLER TABLE

__TI_handler_table @ 0001d8ac records: 3, size/record: 4, table size: 12
	index: 0, handler: __TI_zero_init
	index: 1, handler: __TI_decompress_lzss
	index: 2, handler: __TI_decompress_none


GLOBAL SYMBOLS: SORTED ALPHABETICALLY BY Name 

address   name                                    
-------   ----                                    
0000f7cf  ADCBusy                                 
0000f86d  ADCClockConfigGet                       
0000f809  ADCClockConfigSet                       
0000f357  ADCComparatorConfigure                  
0000f539  ADCComparatorIntClear                   
0000f48d  ADCComparatorIntDisable                 
0000f4d1  ADCComparatorIntEnable                  
0000f515  ADCComparatorIntStatus                  
0000f39d  ADCComparatorRegionSet                  
0000f415  ADCComparatorReset                      
0000f2dd  ADCHardwareOversampleConfigure          
0000ea93  ADCIntClear                             
0000f609  ADCIntClearEx                           
0000e985  ADCIntDisable                           
0000f565  ADCIntDisableEx                         
0000e9c3  ADCIntEnable                            
0000f593  ADCIntEnableEx                          
0000e8db  ADCIntRegister                          
0000ea0f  ADCIntStatus                            
0000f5c1  ADCIntStatusEx                          
0000e935  ADCIntUnregister                        
0000f727  ADCPhaseDelayGet                        
0000f68d  ADCPhaseDelaySet                        
0000ef8d  ADCProcessorTrigger                     
0000f665  ADCReferenceGet                         
0000f61b  ADCReferenceSet                         
0000eb69  ADCSequenceConfigure                    
0000f78d  ADCSequenceDMADisable                   
0000f74b  ADCSequenceDMAEnable                    
0000ef1b  ADCSequenceDataGet                      
0000eb21  ADCSequenceDisable                      
0000eacf  ADCSequenceEnable                       
0000ee21  ADCSequenceOverflow                     
0000ee65  ADCSequenceOverflowClear                
0000eccd  ADCSequenceStepConfigure                
0000eea1  ADCSequenceUnderflow                    
0000eedf  ADCSequenceUnderflowClear               
0000efdb  ADCSoftwareOversampleConfigure          
0000f1d5  ADCSoftwareOversampleDataGet            
0000f07f  ADCSoftwareOversampleStepConfigure      
200066e3  ADC_Automatico                          
200066e6  Aux_ProxSen                             
0001b7d7  ButtonsInit                             
0001b731  ButtonsPoll                             
0001c4a9  C$$EXIT                                 
0001b897  CPUUsageInit                            
0001b859  CPUUsageTick                            
0001c749  CPUbasepriGet                           
0001c73b  CPUbasepriSet                           
0001c715  CPUcpsid                                
0001c72b  CPUcpsie                                
0001c721  CPUprimask                              
0001c737  CPUwfi                                  
0001bf19  CmdLineProcess                          
0001761d  Cmd_cpu                                 
00017647  Cmd_free                                
00017711  Cmd_help                                
00017749  Cmd_led                                 
000177b5  Cmd_mode                                
000179f1  Cmd_read                                
00017819  Cmd_rgb                                 
000176d9  Cmd_stats                               
0001765d  Cmd_tasks                               
0000026d  ConfigDescAlloc                         
00000303  ConfigDescFree                          
20006424  FlagsEventos                            
0000c697  GPIOADCTriggerDisable                   
0000c66b  GPIOADCTriggerEnable                    
0000c63f  GPIODMATriggerDisable                   
0000c613  GPIODMATriggerEnable                    
0000b6bd  GPIODirModeGet                          
0000b639  GPIODirModeSet                          
00013ba1  GPIOFIntHandle                          
0000be3d  GPIOIntClear                            
0000bde5  GPIOIntDisable                          
0000bdbd  GPIOIntEnable                           
0000be5f  GPIOIntRegister                         
0000bedd  GPIOIntRegisterPin                      
0000be0d  GPIOIntStatus                           
0000b8e5  GPIOIntTypeGet                          
0000b791  GPIOIntTypeSet                          
0000be9d  GPIOIntUnregister                       
0000bf47  GPIOIntUnregisterPin                    
0000bc45  GPIOPadConfigGet                        
0000b989  GPIOPadConfigSet                        
0000c58d  GPIOPinConfigure                        
0000bf99  GPIOPinRead                             
0000bfed  GPIOPinTypeADC                          
0000c023  GPIOPinTypeCAN                          
0000c059  GPIOPinTypeComparator                   
0000c08f  GPIOPinTypeComparatorOutput             
0000c0c5  GPIOPinTypeDIVSCLK                      
0000c0fb  GPIOPinTypeEPI                          
0000c131  GPIOPinTypeEthernetLED                  
0000c167  GPIOPinTypeEthernetMII                  
0000c1a9  GPIOPinTypeGPIOInput                    
0000c1df  GPIOPinTypeGPIOOutput                   
0000c215  GPIOPinTypeGPIOOutputOD                 
0000c24b  GPIOPinTypeHibernateRTCCLK              
0000c281  GPIOPinTypeI2C                          
0000c2b7  GPIOPinTypeI2CSCL                       
0000c2ed  GPIOPinTypeLCD                          
0000c323  GPIOPinTypeOneWire                      
0000c359  GPIOPinTypePWM                          
0000c38f  GPIOPinTypeQEI                          
0000c3c5  GPIOPinTypeSSI                          
0000c3fb  GPIOPinTypeTimer                        
0000c431  GPIOPinTypeTrace                        
0000c467  GPIOPinTypeUART                         
0000c4a1  GPIOPinTypeUSBAnalog                    
0000c4d7  GPIOPinTypeUSBDigital                   
0000c50d  GPIOPinTypeWakeHigh                     
0000c545  GPIOPinTypeWakeLow                      
0000c57d  GPIOPinWakeStatus                       
0000bfbf  GPIOPinWrite                            
0001c7ad  GetOverflowCounts                       
00012f9f  I2CFIFODataGet                          
00012fc7  I2CFIFODataGetNonBlocking               
00012f39  I2CFIFODataPut                          
00012f69  I2CFIFODataPutNonBlocking               
00012f1b  I2CFIFOStatus                           
0001282d  I2CIntRegister                          
0001289d  I2CIntUnregister                        
000130eb  I2CLoopbackEnable                       
0001302d  I2CMasterBurstCountGet                  
00012ffb  I2CMasterBurstLengthSet                 
00012c0f  I2CMasterBusBusy                        
00012be9  I2CMasterBusy                           
00012c35  I2CMasterControl                        
00012d41  I2CMasterDataGet                        
00012d1d  I2CMasterDataPut                        
000127b5  I2CMasterDisable                        
00012765  I2CMasterEnable                         
00012ce3  I2CMasterErr                            
00013049  I2CMasterGlitchFilterConfigSet          
00012635  I2CMasterInitExpClk                     
00012aff  I2CMasterIntClear                       
00012b29  I2CMasterIntClearEx                     
0001297d  I2CMasterIntDisable                     
0001299b  I2CMasterIntDisableEx                   
000128d9  I2CMasterIntEnable                      
000128f7  I2CMasterIntEnableEx                    
00012a0f  I2CMasterIntStatus                      
00012a57  I2CMasterIntStatusEx                    
00012bcd  I2CMasterLineStateGet                   
00012b8b  I2CMasterSlaveAddrSet                   
00012d5d  I2CMasterTimeoutSet                     
00012ebf  I2CRxFIFOConfigSet                      
00012ef5  I2CRxFIFOFlush                          
00012d81  I2CSlaveACKOverride                     
00012dc1  I2CSlaveACKValueSet                     
000126f5  I2CSlaveAddressSet                      
00012e45  I2CSlaveDataGet                         
00012e1f  I2CSlaveDataPut                         
000127d9  I2CSlaveDisable                         
00012789  I2CSlaveEnable                          
000130cb  I2CSlaveFIFODisable                     
000130a5  I2CSlaveFIFOEnable                      
000126b7  I2CSlaveInit                            
00012b49  I2CSlaveIntClear                        
00012b69  I2CSlaveIntClearEx                      
000129c1  I2CSlaveIntDisable                      
000129e7  I2CSlaveIntDisableEx                    
00012925  I2CSlaveIntEnable                       
00012955  I2CSlaveIntEnableEx                     
00012a83  I2CSlaveIntStatus                       
00012acf  I2CSlaveIntStatusEx                     
00012e01  I2CSlaveStatus                          
00012e63  I2CTxFIFOConfigSet                      
00012e99  I2CTxFIFOFlush                          
00016567  I2C_IF_Close                            
00015f31  I2C_IF_ISR                              
0001647f  I2C_IF_Open                             
00015dcb  I2C_IF_Read                             
00015e61  I2C_IF_ReadFrom                         
00015d25  I2C_IF_Write                            
00018f4d  IntDisable                              
00018ecf  IntEnable                               
00018fd5  IntIsEnabled                            
00018d33  IntMasterDisable                        
00018d23  IntMasterEnable                         
000190f9  IntPendClear                            
00019089  IntPendSet                              
00018e99  IntPriorityGet                          
00018dff  IntPriorityGroupingGet                  
00018dd9  IntPriorityGroupingSet                  
0001915f  IntPriorityMaskGet                      
00019153  IntPriorityMaskSet                      
00018e37  IntPrioritySet                          
00018d43  IntRegister                             
00019167  IntTrigger                              
00018db9  IntUnregister                           
20006428  Intensidad                              
00002535  InternalUSBHCDSendEvent                 
0001bccf  InternalUSBRegisterTickHandler          
0001bd1f  InternalUSBStartOfFrameTick             
0001bc89  InternalUSBTickInit                     
0001bcc7  InternalUSBTickReset                    
200066e4  Muestras8                               
000186d5  OTGDeviceDisconnect                     
0000fb1d  ProcessDataFromHost                     
0000fc2d  ProcessDataToHost                       
0000fbcb  ProcessNotificationToHost               
200066e7  Prox_Gest                               
200066e8  Prox_Gest_Qt                            
200066e5  Prox_int                                
0001963d  RGBBlinkIntHandler                      
00019951  RGBBlinkRateSet                         
000199dd  RGBColorGet                             
00019893  RGBColorSet                             
0001981d  RGBDisable                              
00019765  RGBEnable                               
0001966b  RGBInit                                 
0001993d  RGBIntensitySet                         
0001987b  RGBSet                                  
0001c551  ResetISR                                
0000b463  SF_APDS9960_clearAmbientLightInt        
0000b477  SF_APDS9960_clearProximityInt           
0000a5ed  SF_APDS9960_disableGestureSensor        
0000a4c1  SF_APDS9960_disableLightSensor          
0000a785  SF_APDS9960_disablePower                
0000a539  SF_APDS9960_disableProximitySensor      
0000a559  SF_APDS9960_enableGestureSensor         
0000a475  SF_APDS9960_enableLightSensor           
0000a771  SF_APDS9960_enablePower                 
0000a4e1  SF_APDS9960_enableProximitySensor       
0000af2f  SF_APDS9960_getAmbientLightGain         
0000b2ef  SF_APDS9960_getAmbientLightIntEnable    
0000b02f  SF_APDS9960_getGestureGain              
0000b3e7  SF_APDS9960_getGestureIntEnable         
0000b0ab  SF_APDS9960_getGestureLEDDrive          
0000ae19  SF_APDS9960_getLEDDrive                 
0000b1fd  SF_APDS9960_getLightIntHighThreshold    
0000b177  SF_APDS9960_getLightIntLowThreshold     
0000a361  SF_APDS9960_getMode                     
0000adc9  SF_APDS9960_getProxIntLowThresh         
0000ae9f  SF_APDS9960_getProximityGain            
0000b36b  SF_APDS9960_getProximityIntEnable       
0000b2b9  SF_APDS9960_getProximityIntHighThreshold
0000b283  SF_APDS9960_getProximityIntLowThreshold 
0000a17d  SF_APDS9960_init                        
0000a61d  SF_APDS9960_isGestureAvailable          
0000a799  SF_APDS9960_readAmbientLight            
0000a85f  SF_APDS9960_readBlueLight               
0000a649  SF_APDS9960_readGesture                 
0000a81d  SF_APDS9960_readGreenLight              
0000a8a1  SF_APDS9960_readProximity               
0000a7db  SF_APDS9960_readRedLight                
0000af51  SF_APDS9960_setAmbientLightGain         
0000b311  SF_APDS9960_setAmbientLightIntEnable    
0000b051  SF_APDS9960_setGestureGain              
0000b409  SF_APDS9960_setGestureIntEnable         
0000b0cd  SF_APDS9960_setGestureLEDDrive          
0000ae45  SF_APDS9960_setLEDDrive                 
0000b23f  SF_APDS9960_setLightIntHighThreshold    
0000b1b9  SF_APDS9960_setLightIntLowThreshold     
0000a3dd  SF_APDS9960_setMode                     
0000aed5  SF_APDS9960_setProximityGain            
0000b38d  SF_APDS9960_setProximityIntEnable       
0000b2d5  SF_APDS9960_setProximityIntHighThreshold
0000b29f  SF_APDS9960_setProximityIntLowThreshold 
UNDEFED   SHT$$INIT_ARRAY$$Base                   
UNDEFED   SHT$$INIT_ARRAY$$Limit                  
00008b07  SysCtlAltClkConfig                      
000080c9  SysCtlClockFreqSet                      
000085a9  SysCtlClockGet                          
00008acf  SysCtlClockOutConfig                    
000083d5  SysCtlClockSet                          
00007fb1  SysCtlDeepSleep                         
00008789  SysCtlDeepSleepClockConfigSet           
0000876d  SysCtlDeepSleepClockSet                 
00007f91  SysCtlDeepSleepPowerSet                 
0001c8c3  SysCtlDelay                             
000078b9  SysCtlFlashSectorSizeGet                
00007889  SysCtlFlashSizeGet                      
00008959  SysCtlGPIOAHBDisable                    
000088d5  SysCtlGPIOAHBEnable                     
00007ea5  SysCtlIntClear                          
00007e8d  SysCtlIntDisable                        
00007e79  SysCtlIntEnable                         
00007e55  SysCtlIntRegister                       
00007eb5  SysCtlIntStatus                         
00007e69  SysCtlIntUnregister                     
00007f7b  SysCtlLDODeepSleepGet                   
00007f2d  SysCtlLDODeepSleepSet                   
00007f1f  SysCtlLDOSleepGet                       
00007ed1  SysCtlLDOSleepSet                       
00007fed  SysCtlMOSCConfigSet                     
00008abb  SysCtlNMIClear                          
00008ab5  SysCtlNMIStatus                         
00007ffd  SysCtlPIOSCCalibrate                    
000088a1  SysCtlPWMClockGet                       
00008835  SysCtlPWMClockSet                       
00007e01  SysCtlPeripheralClockGating             
00007db3  SysCtlPeripheralDeepSleepDisable        
00007d65  SysCtlPeripheralDeepSleepEnable         
00007c59  SysCtlPeripheralDisable                 
00007c05  SysCtlPeripheralEnable                  
00007ab9  SysCtlPeripheralPowerOff                
00007a39  SysCtlPeripheralPowerOn                 
00007925  SysCtlPeripheralPresent                 
000079b1  SysCtlPeripheralReady                   
00007b65  SysCtlPeripheralReset                   
00007d11  SysCtlPeripheralSleepDisable            
00007cbf  SysCtlPeripheralSleepEnable             
00007fa1  SysCtlReset                             
0000805d  SysCtlResetBehaviorGet                  
0000804d  SysCtlResetBehaviorSet                  
00007fd9  SysCtlResetCauseClear                   
00007fcd  SysCtlResetCauseGet                     
0000787f  SysCtlSRAMSizeGet                       
00007fa9  SysCtlSleep                             
00007f81  SysCtlSleepPowerSet                     
000089cf  SysCtlUSBPLLDisable                     
000089c3  SysCtlUSBPLLEnable                      
00008a09  SysCtlVCOGet                            
000089f1  SysCtlVoltageEventClear                 
000089db  SysCtlVoltageEventConfig                
000089eb  SysCtlVoltageEventStatus                
000124ad  TimerADCEventGet                        
0001248d  TimerADCEventSet                        
00011ecf  TimerClockSourceGet                     
00011e99  TimerClockSourceSet                     
00011a2d  TimerConfigure                          
00011cf9  TimerControlEvent                       
00011bd7  TimerControlLevel                       
00011d57  TimerControlStall                       
00011c55  TimerControlTrigger                     
00011dc1  TimerControlWaitOnTrigger               
000124e9  TimerDMAEventGet                        
000124c9  TimerDMAEventSet                        
00011999  TimerDisable                            
0001194f  TimerEnable                             
0001244d  TimerIntClear                           
000123f5  TimerIntDisable                         
000123cf  TimerIntEnable                          
00012313  TimerIntRegister                        
00012421  TimerIntStatus                          
0001237d  TimerIntUnregister                      
000120c3  TimerLoadGet                            
00012131  TimerLoadGet64                          
00012069  TimerLoadSet                            
00012105  TimerLoadSet64                          
0001225f  TimerMatchGet                           
000122cd  TimerMatchGet64                         
00012205  TimerMatchSet                           
000122a1  TimerMatchSet64                         
00011f67  TimerPrescaleGet                        
0001201d  TimerPrescaleMatchGet                   
00011fb3  TimerPrescaleMatchSet                   
00011efd  TimerPrescaleSet                        
00011e75  TimerRTCDisable                         
00011e51  TimerRTCEnable                          
0001246d  TimerSynchronize                        
00012505  TimerUpdateMode                         
0001217d  TimerValueGet                           
000121bf  TimerValueGet64                         
00015ad1  TivaRPC_Init                            
00015af9  TivaRPC_SendFrame                       
00015277  UART9BitAddrSend                        
00015243  UART9BitAddrSet                         
0001521f  UART9BitDisable                         
000151fb  UART9BitEnable                          
00014fa5  UARTBreakCtl                            
00014fdd  UARTBusy                                
00014f1f  UARTCharGet                             
00014ef5  UARTCharGetNonBlocking                  
00014f75  UARTCharPut                             
00014f43  UARTCharPutNonBlocking                  
00014e9d  UARTCharsAvail                          
000151dd  UARTClockSourceGet                      
000151a7  UARTClockSourceSet                      
00014b25  UARTConfigGetExpClk                     
00014a3f  UARTConfigSetExpClk                     
00015143  UARTDMADisable                          
0001511d  UARTDMAEnable                           
00014bcd  UARTDisable                             
00014c89  UARTDisableSIR                          
00014743  UARTEchoSet                             
00014b85  UARTEnable                              
00014c4d  UARTEnableSIR                           
00014c29  UARTFIFODisable                         
00014c05  UARTFIFOEnable                          
00014a03  UARTFIFOLevelGet                        
00014991  UARTFIFOLevelSet                        
00014e17  UARTFlowControlGet                      
00014ddb  UARTFlowControlSet                      
0001470f  UARTFlushRx                             
0001471d  UARTFlushTx                             
000150fd  UARTIntClear                            
000150a7  UARTIntDisable                          
00015081  UARTIntEnable                           
00015009  UARTIntRegister                         
000150cd  UARTIntStatus                           
00015047  UARTIntUnregister                       
000152cd  UARTLoopbackEnable                      
00014d55  UARTModemControlClear                   
00014d99  UARTModemControlGet                     
00014d11  UARTModemControlSet                     
00014db9  UARTModemStatusGet                      
00014973  UARTParityModeGet                       
00014927  UARTParityModeSet                       
000146f7  UARTRxBytesAvail                        
00015189  UARTRxErrorClear                        
00015169  UARTRxErrorGet                          
00014ced  UARTSmartCardDisable                    
00014cad  UARTSmartCardEnable                     
00014ec9  UARTSpaceAvail                          
00013d43  UARTStdioConfig                         
0001476b  UARTStdioIntHandler                     
00014703  UARTTxBytesFree                         
00014e79  UARTTxIntModeGet                        
00014e37  UARTTxIntModeSet                        
00014399  UARTgetc                                
00013f39  UARTgets                                
000146d3  UARTprintf                              
000143c1  UARTvprintf                             
00013e6f  UARTwrite                               
0001be4f  ULPIConfigSet                           
0001bef1  ULPIPowerTransceiver                    
0001c7d1  USB0DeviceIntHandler                    
00018343  USB0DualModeIntHandler                  
00002429  USB0HostIntHandler                      
000185ed  USB0OTGModeIntHandler                   
000180a3  USBBufferCallbackDataSet                
00018199  USBBufferDataAvailable                  
0001807b  USBBufferDataRemoved                    
0001804d  USBBufferDataWritten                    
000181d9  USBBufferEventCallback                  
00018125  USBBufferFlush                          
00018013  USBBufferInfoGet                        
00017f8f  USBBufferInit                           
00018145  USBBufferRead                           
000181b9  USBBufferSpaceAvailable                 
000180bd  USBBufferWrite                          
00017fd9  USBBufferZeroLengthPacketInsert         
00004f7f  USBClockDisable                         
00004f55  USBClockEnable                          
00019e69  USBControlHandler                       
00004f3d  USBControllerVersion                    
00010337  USBDCDCCompositeInit                    
000104b5  USBDCDCInit                             
000106a5  USBDCDCPacketRead                       
000105ed  USBDCDCPacketWrite                      
00010867  USBDCDCPowerStatusSet                   
00010889  USBDCDCRemoteWakeupRequest              
000107b7  USBDCDCRxPacketAvailable                
00010821  USBDCDCSerialStateChange                
00010549  USBDCDCSetControlCBData                 
00010577  USBDCDCSetRxCBData                      
000105a9  USBDCDCSetTxCBData                      
00010523  USBDCDCTerm                             
0001078d  USBDCDCTxPacketAvailable                
0001a9b7  USBDCDConfigDescGet                     
0001a969  USBDCDConfigDescGetNum                  
0001a931  USBDCDConfigDescGetSize                 
0001aa99  USBDCDConfigGetInterface                
0001aacf  USBDCDConfigGetInterfaceEndpoint        
0001aa45  USBDCDConfigGetNumAlternateInterfaces   
00008b7d  USBDCDDeviceInfoInit                    
0000908b  USBDCDFeatureGet                        
00008fd9  USBDCDFeatureSet                        
00008be1  USBDCDInit                              
00008f79  USBDCDPowerStatusSet                    
000090c5  USBDCDRemoteWakeLPM                     
000090df  USBDCDRemoteWakeupRequest               
00008e75  USBDCDRequestDataEP0                    
00008ee1  USBDCDSendDataEP0                       
00008f1d  USBDCDSetDefaultConfiguration           
00008f39  USBDCDStallEP0                          
00008ddf  USBDCDTerm                              
000051d7  USBDMAChannelAddressGet                 
0000519d  USBDMAChannelAddressSet                 
000050b5  USBDMAChannelConfigSet                  
0000524f  USBDMAChannelCountGet                   
00005215  USBDMAChannelCountSet                   
00005077  USBDMAChannelDisable                    
00005039  USBDMAChannelEnable                     
00004fdd  USBDMAChannelIntDisable                 
00004f9f  USBDMAChannelIntEnable                  
0000501b  USBDMAChannelIntStatus                  
0000511b  USBDMAChannelStatus                     
00005155  USBDMAChannelStatusClear                
00005285  USBDMANumChannels                       
0001b05d  USBDescGet                              
0001b181  USBDescGetInterface                     
0001b1af  USBDescGetInterfaceEndpoint             
0001b001  USBDescGetNum                           
0001b0c7  USBDescGetNumAlternateInterfaces        
00003ca7  USBDevAddrGet                           
00003c85  USBDevAddrSet                           
00003c3d  USBDevConnect                           
00003c61  USBDevDisconnect                        
000040eb  USBDevEndpointConfigGet                 
00003fb1  USBDevEndpointConfigSet                 
00004605  USBDevEndpointDataAck                   
00003ac9  USBDevEndpointStall                     
00003b71  USBDevEndpointStallClear                
00003845  USBDevEndpointStatusClear               
0000548d  USBDevLPMConfig                         
000054d7  USBDevLPMDisable                        
000054b1  USBDevLPMEnable                         
00005467  USBDevLPMRemoteWake                     
00004e6d  USBDevMode                              
0000348b  USBDevSpeedGet                          
00019b2f  USBDeviceConfig                         
00019d5b  USBDeviceConfigAlternate                
00009225  USBDeviceEnumHandler                    
00009385  USBDeviceEnumResetHandler               
00009efd  USBDeviceIntHandlerInternal             
00009125  USBDeviceResumeTickHandler              
0001838f  USBDualModeInit                         
0001840d  USBDualModeTerm                         
00004db9  USBEndpointDMAChannel                   
00004399  USBEndpointDMAConfigSet                 
0000446b  USBEndpointDMADisable                   
00004431  USBEndpointDMAEnable                    
000044a5  USBEndpointDataAvail                    
0000452f  USBEndpointDataGet                      
00004701  USBEndpointDataPut                      
000047bb  USBEndpointDataSend                     
000039fd  USBEndpointDataToggleClear              
00004f01  USBEndpointPacketCountSet               
00003731  USBEndpointStatus                       
00004d81  USBFIFOAddrGet                          
000042ed  USBFIFOConfigGet                        
00004241  USBFIFOConfigSet                        
0000485f  USBFIFOFlush                            
00004d29  USBFrameNumberGet                       
00002aa5  USBHCDControlTransfer                   
00002f71  USBHCDDevAddress                        
00002f9d  USBHCDDevClass                          
00002f45  USBHCDDevHubPort                        
00003031  USBHCDDevProtocol                       
00002fe5  USBHCDDevSubClass                       
00000429  USBHCDEventDisable                      
000003eb  USBHCDEventEnable                       
00003095  USBHCDFeatureSet                        
00002c25  USBHCDHubDeviceConnected                
00002ce9  USBHCDHubDeviceDisconnected             
00001539  USBHCDInit                              
00003211  USBHCDLPMResume                         
00003197  USBHCDLPMSleep                          
0000314d  USBHCDLPMStatus                         
00002685  USBHCDMain                              
000008c1  USBHCDPipeAlloc                         
0000060d  USBHCDPipeAllocSize                     
0000090d  USBHCDPipeConfig                        
00000e17  USBHCDPipeDataAck                       
0000105d  USBHCDPipeFree                          
00000e49  USBHCDPipeRead                          
00000dcd  USBHCDPipeReadNonBlocking               
00000ca1  USBHCDPipeSchedule                      
00000a87  USBHCDPipeStatus                        
000005e7  USBHCDPipeTransferSizeGet               
00000abd  USBHCDPipeWrite                         
000014d9  USBHCDPowerAutomatic                    
00001419  USBHCDPowerConfigGet                    
000013f1  USBHCDPowerConfigInit                   
00001441  USBHCDPowerConfigSet                    
0000169d  USBHCDRegisterDrivers                   
00001789  USBHCDReset                             
00001801  USBHCDResume                            
00001a45  USBHCDSetAddress                        
00001b5d  USBHCDSetConfig                         
00001bb3  USBHCDSetInterface                      
000019c9  USBHCDStringDescriptorGet               
000017e1  USBHCDSuspend                           
000016c5  USBHCDTerm                              
00016e55  USBHHubClose                            
00016df9  USBHHubEnumerationComplete              
00016e1b  USBHHubEnumerationError                 
00016e69  USBHHubInit                             
00016e97  USBHHubLPMSleep                         
00016ea5  USBHHubLPMStatus                        
00016bcd  USBHHubMain                             
00016e3d  USBHHubOpen                             
000033cf  USBHighSpeed                            
00004aa5  USBHostAddrGet                          
00004a21  USBHostAddrSet                          
00001c0d  USBHostCheckPipes                       
00003cc9  USBHostEndpointConfig                   
00004689  USBHostEndpointDataAck                  
00003919  USBHostEndpointDataToggle               
00003a7d  USBHostEndpointPing                     
00003ec9  USBHostEndpointSpeed                    
000037a9  USBHostEndpointStatusClear              
00004bc9  USBHostHubAddrGet                       
00004b19  USBHostHubAddrSet                       
00001cd5  USBHostIntHandlerInternal               
000053eb  USBHostLPMConfig                        
00005441  USBHostLPMResume                        
0000537f  USBHostLPMSend                          
00004e4d  USBHostMode                             
00004c41  USBHostPwrConfig                        
00004d03  USBHostPwrDisable                       
00004cdd  USBHostPwrEnable                        
00004cb7  USBHostPwrFaultDisable                  
00004c91  USBHostPwrFaultEnable                   
00004915  USBHostRequestIN                        
00004983  USBHostRequestINClear                   
000049fd  USBHostRequestStatus                    
00003393  USBHostReset                            
0000340b  USBHostResume                           
00003447  USBHostSpeedGet                         
00003371  USBHostSuspend                          
000034b1  USBIntDisableControl                    
000035dd  USBIntDisableEndpoint                   
00003529  USBIntEnableControl                     
00003619  USBIntEnableEndpoint                    
000036b9  USBIntRegister                          
00003583  USBIntStatusControl                     
00003655  USBIntStatusEndpoint                    
000036f7  USBIntUnregister                        
00005527  USBLPMEndpointGet                       
000055bf  USBLPMIntDisable                        
00005597  USBLPMIntEnable                         
00005579  USBLPMIntStatus                         
00005505  USBLPMLinkStateGet                      
00005551  USBLPMRemoteWakeEnabled                 
00011641  USBLibDMAAddrGet                        
00011671  USBLibDMAInit                           
00011659  USBLibDMASizeGet                        
00004ead  USBModeConfig                           
00004d97  USBModeGet                              
00004f25  USBNumEndpointsGet                      
0001878d  USBOTGFeatureSet                        
000186ef  USBOTGMain                              
00004e8d  USBOTGMode                              
00018497  USBOTGModeInit                          
0001844f  USBOTGModeTerm                          
000185bd  USBOTGPollRate                          
00004d45  USBOTGSessionRequest                    
00004ecf  USBPHYPowerOff                          
00004ee5  USBPHYPowerOn                           
0001944b  USBRingBufAdvanceRead                   
000194a1  USBRingBufAdvanceWrite                  
00019331  USBRingBufContigFree                    
000192f9  USBRingBufContigUsed                    
0001923d  USBRingBufEmpty                         
0001926f  USBRingBufFlush                         
000192d5  USBRingBufFree                          
000191fb  USBRingBufFull                          
000195ed  USBRingBufInit                          
000193d5  USBRingBufRead                          
0001938f  USBRingBufReadOne                       
00019377  USBRingBufSize                          
0001929b  USBRingBufUsed                          
00019577  USBRingBufWrite                         
00019531  USBRingBufWriteOne                      
00019f67  USBRxHandler                            
0001a075  USBSerialGetChar                        
00019fc9  USBSerialInit                           
0001a08d  USBSerialPutChar                        
0001a0e1  USBSerialRead                           
0001a125  USBSerialWrite                          
000182f9  USBStackModeSet                         
00019ef7  USBTxHandler                            
000052a5  USBULPIConfig                           
000052d3  USBULPIDisable                          
000052bb  USBULPIEnable                           
000052eb  USBULPIRegRead                          
00005331  USBULPIRegWrite                         
20006928  __STACK_END                             
00000200  __STACK_SIZE                            
20006928  __STACK_TOP                             
0001d8c8  __TI_CINIT_Base                         
0001d8e0  __TI_CINIT_Limit                        
0001d8ac  __TI_Handler_Table_Base                 
0001d8b8  __TI_Handler_Table_Limit                
0001c1e9  __TI_auto_init                          
20006684  __TI_cleanup_ptr                        
0001c329  __TI_decompress_lzss                    
0001c8a9  __TI_decompress_none                    
20006688  __TI_dtors_ptr                          
2000668c  __TI_enable_exit_profile_output         
ffffffff  __TI_pprof_out_hndl                     
0000cf15  __TI_printfi                            
ffffffff  __TI_prof_data_size                     
ffffffff  __TI_prof_data_start                    
00000000  __TI_static_base__                      
0001c8b7  __TI_zero_init                          
0001c061  __aeabi_cdcmpeq                         
0001c061  __aeabi_cdcmple                         
0001c0e7  __aeabi_cdrcmple                        
0001c68d  __aeabi_d2iz                            
0001b1dd  __aeabi_dadd                            
0001b4d1  __aeabi_ddiv                            
0001ba91  __aeabi_dmul                            
0001b1d3  __aeabi_dsub                            
0001c5a5  __aeabi_f2ulz                           
0001c753  __aeabi_i2d                             
0000b4db  __aeabi_idiv0                           
0001c16d  __aeabi_memclr                          
0001c16d  __aeabi_memclr4                         
0001c16d  __aeabi_memclr8                         
0001bfc5  __aeabi_memcpy                          
0001bfc5  __aeabi_memcpy4                         
0001bfc5  __aeabi_memcpy8                         
0001c16f  __aeabi_memset                          
0001c16f  __aeabi_memset4                         
0001c16f  __aeabi_memset8                         
0001c6d5  __aeabi_uidiv                           
0001c6d5  __aeabi_uidivmod                        
0001ae0d  __aeabi_uldivmod                        
ffffffff  __binit__                               
ffffffff  __c_args__                              
00013125  __error__                               
0000d80f  __mpu_init                              
20006728  __stack                                 
0001c811  _args_main                              
0001c455  _c_int00                                
0001ce3c  _ctypes_                                
200066f8  _lock                                   
0001c867  _nop                                    
0001c85f  _register_lock                          
0001c859  _register_unlock                        
00017cdf  _system_post_cinit                      
0001c8c9  _system_pre_init                        
200066fc  _unlock                                 
0001c4ad  abort                                   
0001c5f5  atoi                                    
ffffffff  binit                                   
2000626c  chan12                                  
2000628c  chan8                                   
0001a805  check_and_extract_command_param         
0001b389  configADC_DisparaADC                    
0001b457  configADC_ISR                           
0001b395  configADC_IniciaADC                     
0001b443  configADC_LeeADC                        
0001c641  copy_in                                 
0001c86d  copysign                                
0001c86d  copysignl                               
0001c259  create_checksum                         
0001a773  create_frame                            
0001a7f7  decode_command_type                     
0001a71f  destuff_and_check_checksum              
00005a1d  eTaskGetState                           
2000671c  errno                                   
0001c4b5  exit                                    
0001c391  frexp                                   
0001c391  frexpl                                  
200066cc  g_bUSBTimerInitialized                  
20006440  g_eOTGModeState                         
200066ec  g_iUSBMode                              
0001d72c  g_pCDCCompSerConfigDescriptors          
0001d730  g_pCDCCompSerConfigDescriptorsHS        
2000642c  g_pUARTSemaphore                        
20000000  g_pfnRAMVectors                         
200062dc  g_pfnTickHandlers                       
00000000  g_pfnVectors                            
0001d734  g_ppCDCSerConfigDescriptors             
0001d738  g_ppCDCSerConfigDescriptorsHS           
20006430  g_ppsDevInfo                            
0001d5cc  g_ppui8StringDescriptors                
20006644  g_psCDCCompSerSections                  
20006654  g_psCDCCompSerSectionsHS                
20006690  g_psCDCSerSections                      
2000669c  g_psCDCSerSectionsHS                    
20006444  g_psCmdTable                            
200060a8  g_psDCDInst                             
0001d564  g_pui8CDCSerCommInterface               
0001d5e4  g_pui8CDCSerDataInterface               
0001d5fb  g_pui8CDCSerDataInterfaceHS             
200066d8  g_pui8CDCSerDescriptor                  
20006630  g_pui8CDCSerDeviceDescriptor            
0001d418  g_pui8ConfigString                      
0001d514  g_pui8ControlInterfaceString            
20006700  g_pui8IADSerDescriptor                  
0001d728  g_pui8LangDescriptor                    
0001d540  g_pui8ManufacturerString                
0001d587  g_pui8ProductString                     
0001d664  g_pui8SerialNumberString                
20005d88  g_pui8USBRxBuffer                       
20005e88  g_pui8USBTxBuffer                       
200062f4  g_pvTickInstance                        
0001d6b8  g_sCDCCompSerConfigHeader               
0001d6c0  g_sCDCCompSerConfigHeaderHS             
200064c8  g_sCDCDevice                            
0001d4b4  g_sCDCHandlers                          
0001d6c8  g_sCDCSerCommInterfaceSection           
0001d6d0  g_sCDCSerConfigHeader                   
0001d6d8  g_sCDCSerConfigHeaderHS                 
0001d6e0  g_sCDCSerConfigSection                  
0001d6e8  g_sCDCSerDataInterfaceSection           
0001d6f0  g_sCDCSerDataInterfaceSectionHS         
0001d6f8  g_sIADSerConfigSection                  
20006564  g_sRxBuffer                             
2000659c  g_sTxBuffer                             
20006434  g_ui32CPUUsage                          
200066d0  g_ui32CurrentUSBTick                    
20006438  g_ui32PollRate                          
200066d4  g_ui32USBSOFCount                       
200066f0  g_ui32WaitTicks                         
2000643c  g_ulSystemClock                         
20006678  g_ulUARTRxCount                         
2000667c  g_ulUARTRxErrors                        
20006674  g_ulUARTTxCount                         
20006024  gesture_data_                           
0001a831  get_command_param_pointer               
200066e1  i12                                     
200066e2  i8                                      
0001bb8d  ldexp                                   
0001bb8d  ldexpl                                  
0001c4fd  ltoa                                    
000139a1  main                                    
20006720  main_func_sp                            
0001c7f5  memccpy                                 
0001bfc5  memcpy                                  
0001c175  memset                                  
0000e793  pcQueueGetName                          
00006093  pcTaskGetName                           
0001707f  pcTimerGetName                          
20006441  proximity_data                          
0001a1d9  pvPortMalloc                            
00006f63  pvTaskIncrementMutexHeldCount           
0001750d  pvTimerGetTimerID                       
20006528  pxCurrentTCB                            
0001ab3d  pxPortInitialiseStack                   
0001bb8d  scalbn                                  
0001bb8d  scalbnl                                 
0001c3f5  sprintf                                 
0001c841  strchr                                  
0001c829  strcmp                                  
0001c881  strcpy                                  
0001c895  strlen                                  
0001c781  strncmp                                 
0001b97d  strtoul                                 
0000e4dd  ucQueueGetQueueType                     
0001d710  ulMaxSyscallInterruptPriority           
0001bd85  ulPortGetIPSR                           
00006f7b  ulTaskNotifyTake                        
00018ce1  uxEventGroupGetNumber                   
0001b6e9  uxListRemove                            
0000e4bd  uxQueueGetQueueNumber                   
0000e425  uxQueueMessagesWaiting                  
0000e47d  uxQueueMessagesWaitingFromISR           
0000e449  uxQueueSpacesAvailable                  
0000608d  uxTaskGetNumberOfTasks                  
00006985  uxTaskGetStackHighWaterMark             
000060c9  uxTaskGetSystemState                    
000066e7  uxTaskGetTaskNumber                     
00005ab3  uxTaskPriorityGet                       
00005ae1  uxTaskPriorityGetFromISR                
00006f41  uxTaskResetEventItemValue               
000175dd  uxTimerGetTimerNumber                   
00013159  vApplicationIdleHook                    
00013161  vApplicationMallocFailedHook            
0001312f  vApplicationStackOverflowHook           
00013139  vApplicationTickHook                    
0001c2c1  vConfigureTimerForRunTimeStats          
00018c7b  vEventGroupClearBitsCallback            
00018c1b  vEventGroupDelete                       
00018c6b  vEventGroupSetBitsCallback              
00018d01  vEventGroupSetNumber                    
0001b607  vListInitialise                         
0001b637  vListInitialiseItem                     
0001b683  vListInsert                             
0001b647  vListInsertEnd                          
0001be41  vPortEnableVFP                          
0001ac75  vPortEndScheduler                       
0001ac95  vPortEnterCritical                      
0001acd3  vPortExitCritical                       
0001a337  vPortFree                               
0001a3cd  vPortInitialiseBlocks                   
0001bdfd  vPortSVCHandler                         
0001ad21  vPortSetupTimerInterrupt                
0001be1d  vPortStartFirstTask                     
0001ad4d  vPortValidateInterruptPriority          
0000e751  vQueueAddToRegistry                     
0000e499  vQueueDelete                            
0000e4cb  vQueueSetQueueNumber                    
0000e7d3  vQueueUnregisterQueue                   
0000e817  vQueueWaitForMessageRestricted          
000059bd  vTaskDelay                              
000058cd  vTaskDelayUntil                         
00005809  vTaskDelete                             
00005f2f  vTaskEndScheduler                       
000067f1  vTaskGetInfo                            
00006e69  vTaskGetRunTimeStats                    
00006623  vTaskInternalSetTimeOutState            
00006d55  vTaskList                               
000066df  vTaskMissedYield                        
0000730b  vTaskNotifyGiveFromISR                  
00006409  vTaskPlaceOnEventList                   
00006487  vTaskPlaceOnEventListRestricted         
00006439  vTaskPlaceOnUnorderedEventList          
00006c0d  vTaskPriorityDisinheritAfterTimeout     
00005b29  vTaskPrioritySet                        
00006569  vTaskRemoveFromUnorderedEventList       
00005d89  vTaskResume                             
00006707  vTaskSetTaskNumber                      
000065f7  vTaskSetTimeOutState                    
00005ebd  vTaskStartScheduler                     
00005c59  vTaskSuspend                            
00005f4b  vTaskSuspendAll                         
0000630d  vTaskSwitchContext                      
00017539  vTimerSetTimerID                        
000175eb  vTimerSetTimerNumber                    
00017b31  vUARTTask                               
00018a8f  xEventGroupClearBits                    
00018ae1  xEventGroupClearBitsFromISR             
000187e9  xEventGroupCreate                       
00018af9  xEventGroupGetBitsFromISR               
00018b2d  xEventGroupSetBits                      
00018cc1  xEventGroupSetBitsFromISR               
00018809  xEventGroupSync                         
00018923  xEventGroupWaitBits                     
0001a3c1  xPortGetFreeHeapSize                    
0001a3c7  xPortGetMinimumEverFreeHeapSize         
0001bd9d  xPortPendSVHandler                      
0001abc3  xPortStartScheduler                     
0001acfb  xPortSysTickHandler                     
0000da51  xQueueCreateCountingSemaphore           
0000d989  xQueueCreateMutex                       
0000d8bb  xQueueGenericCreate                     
0000d811  xQueueGenericReset                      
0000dabd  xQueueGenericSend                       
0000dc57  xQueueGenericSendFromISR                
0000dd51  xQueueGiveFromISR                       
0000d9b5  xQueueGiveMutexRecursive                
0000e6d9  xQueueIsQueueEmptyFromISR               
0000e725  xQueueIsQueueFullFromISR                
0000e151  xQueuePeek                              
0000e38b  xQueuePeekFromISR                       
0000de2d  xQueueReceive                           
0000e2c1  xQueueReceiveFromISR                    
200060f8  xQueueRegistry                          
0000df93  xQueueSemaphoreTake                     
0000d9ff  xQueueTakeMutexRecursive                
0000663d  xTaskCheckForTimeOut                    
000055f1  xTaskCreate                             
000070b9  xTaskGenericNotify                      
000071d9  xTaskGenericNotifyFromISR               
000069fb  xTaskGetCurrentTaskHandle               
00006a29  xTaskGetSchedulerState                  
00006069  xTaskGetTickCount                       
00006079  xTaskGetTickCountFromISR                
000061c5  xTaskIncrementTick                      
000073f1  xTaskNotifyStateClear                   
00006ff9  xTaskNotifyWait                         
00006b33  xTaskPriorityDisinherit                 
00006a59  xTaskPriorityInherit                    
000064c5  xTaskRemoveFromEventList                
00005f61  xTaskResumeAll                          
00005e15  xTaskResumeFromISR                      
00016f23  xTimerCreate                            
00016ee9  xTimerCreateTimerTask                   
00016fab  xTimerGenericCommand                    
0001705f  xTimerGetExpiryTime                     
00017043  xTimerGetPeriod                         
00017025  xTimerGetTimerDaemonTaskHandle          
000174d3  xTimerIsTimerActive                     
00017597  xTimerPendFunctionCall                  
00017561  xTimerPendFunctionCallFromISR           


GLOBAL SYMBOLS: SORTED BY Symbol Address 

address   name                                    
[...]
00014927  UARTParityModeSet                       
00014973  UARTParityModeGet                       
00014991  UARTFIFOLevelSet                        
00014a03  UARTFIFOLevelGet                        
00014a3f  UARTConfigSetExpClk                     
00014b25  UARTConfigGetExpClk                     
00014b85  UARTEnable                              
00014bcd  UARTDisable                             
00014c05  UARTFIFOEnable                          
00014c29  UARTFIFODisable                         
00014c4d  UARTEnableSIR                           
00014c89  UARTDisableSIR                          
00014cad  UARTSmartCardEnable                     
00014ced  UARTSmartCardDisable                    
00014d11  UARTModemControlSet                     
00014d55  UARTModemControlClear                   
00014d99  UARTModemControlGet                     
00014db9  UARTModemStatusGet                      
00014ddb  UARTFlowControlSet                      
00014e17  UARTFlowControlGet                      
00014e37  UARTTxIntModeSet                        
00014e79  UARTTxIntModeGet                        
00014e9d  UARTCharsAvail                          
00014ec9  UARTSpaceAvail                          
00014ef5  UARTCharGetNonBlocking                  
00014f1f  UARTCharGet                             
00014f43  UARTCharPutNonBlocking                  
00014f75  UARTCharPut                             
00014fa5  UARTBreakCtl                            
00014fdd  UARTBusy                                
00015009  UARTIntRegister                         
00015047  UARTIntUnregister                       
00015081  UARTIntEnable                           
000150a7  UARTIntDisable                          
000150cd  UARTIntStatus                           
000150fd  UARTIntClear                            
0001511d  UARTDMAEnable                           
00015143  UARTDMADisable                          
00015169  UARTRxErrorGet                          
00015189  UARTRxErrorClear                        
000151a7  UARTClockSourceSet                      
000151dd  UARTClockSourceGet                      
000151fb  UART9BitEnable                          
0001521f  UART9BitDisable                         
00015243  UART9BitAddrSet                         
00015277  UART9BitAddrSend                        
000152cd  UARTLoopbackEnable                      
00015ad1  TivaRPC_Init                            
00015af9  TivaRPC_SendFrame                       
00015d25  I2C_IF_Write                            
00015dcb  I2C_IF_Read                             
00015e61  I2C_IF_ReadFrom                         
00015f31  I2C_IF_ISR                              
0001647f  I2C_IF_Open                             
00016567  I2C_IF_Close                            
00016bcd  USBHHubMain                             
00016df9  USBHHubEnumerationComplete              
00016e1b  USBHHubEnumerationError                 
00016e3d  USBHHubOpen                             
00016e55  USBHHubClose                            
00016e69  USBHHubInit                             
00016e97  USBHHubLPMSleep                         
00016ea5  USBHHubLPMStatus                        
00016ee9  xTimerCreateTimerTask                   
00016f23  xTimerCreate                            
00016fab  xTimerGenericCommand                    
00017025  xTimerGetTimerDaemonTaskHandle          
00017043  xTimerGetPeriod                         
0001705f  xTimerGetExpiryTime                     
0001707f  pcTimerGetName                          
000174d3  xTimerIsTimerActive                     
0001750d  pvTimerGetTimerID                       
00017539  vTimerSetTimerID                        
00017561  xTimerPendFunctionCallFromISR           
00017597  xTimerPendFunctionCall                  
000175dd  uxTimerGetTimerNumber                   
000175eb  vTimerSetTimerNumber                    
0001761d  Cmd_cpu                                 
00017647  Cmd_free                                
0001765d  Cmd_tasks                               
000176d9  Cmd_stats                               
00017711  Cmd_help                                
00017749  Cmd_led                                 
000177b5  Cmd_mode                                
00017819  Cmd_rgb                                 
000179f1  Cmd_read                                
00017b31  vUARTTask                               
00017cdf  _system_post_cinit                      
00017f8f  USBBufferInit                           
00017fd9  USBBufferZeroLengthPacketInsert         
00018013  USBBufferInfoGet                        
0001804d  USBBufferDataWritten                    
0001807b  USBBufferDataRemoved                    
000180a3  USBBufferCallbackDataSet                
000180bd  USBBufferWrite                          
00018125  USBBufferFlush                          
00018145  USBBufferRead                           
00018199  USBBufferDataAvailable                  
000181b9  USBBufferSpaceAvailable                 
000181d9  USBBufferEventCallback                  
000182f9  USBStackModeSet                         
00018343  USB0DualModeIntHandler                  
0001838f  USBDualModeInit                         
0001840d  USBDualModeTerm                         
0001844f  USBOTGModeTerm                          
00018497  USBOTGModeInit                          
000185bd  USBOTGPollRate                          
000185ed  USB0OTGModeIntHandler                   
000186d5  OTGDeviceDisconnect                     
000186ef  USBOTGMain                              
0001878d  USBOTGFeatureSet                        
000187e9  xEventGroupCreate                       
00018809  xEventGroupSync                         
00018923  xEventGroupWaitBits                     
00018a8f  xEventGroupClearBits                    
00018ae1  xEventGroupClearBitsFromISR             
00018af9  xEventGroupGetBitsFromISR               
00018b2d  xEventGroupSetBits                      
00018c1b  vEventGroupDelete                       
00018c6b  vEventGroupSetBitsCallback              
00018c7b  vEventGroupClearBitsCallback            
00018cc1  xEventGroupSetBitsFromISR               
00018ce1  uxEventGroupGetNumber                   
00018d01  vEventGroupSetNumber                    
00018d23  IntMasterEnable                         
00018d33  IntMasterDisable                        
00018d43  IntRegister                             
00018db9  IntUnregister                           
00018dd9  IntPriorityGroupingSet                  
00018dff  IntPriorityGroupingGet                  
00018e37  IntPrioritySet                          
00018e99  IntPriorityGet                          
00018ecf  IntEnable                               
00018f4d  IntDisable                              
00018fd5  IntIsEnabled                            
00019089  IntPendSet                              
000190f9  IntPendClear                            
00019153  IntPriorityMaskSet                      
0001915f  IntPriorityMaskGet                      
00019167  IntTrigger                              
000191fb  USBRingBufFull                          
0001923d  USBRingBufEmpty                         
0001926f  USBRingBufFlush                         
0001929b  USBRingBufUsed                          
000192d5  USBRingBufFree                          
000192f9  USBRingBufContigUsed                    
00019331  USBRingBufContigFree                    
00019377  USBRingBufSize                          
0001938f  USBRingBufReadOne                       
000193d5  USBRingBufRead                          
0001944b  USBRingBufAdvanceRead                   
000194a1  USBRingBufAdvanceWrite                  
00019531  USBRingBufWriteOne                      
00019577  USBRingBufWrite                         
000195ed  USBRingBufInit                          
0001963d  RGBBlinkIntHandler                      
0001966b  RGBInit                                 
00019765  RGBEnable                               
0001981d  RGBDisable                              
0001987b  RGBSet                                  
00019893  RGBColorSet                             
0001993d  RGBIntensitySet                         
00019951  RGBBlinkRateSet                         
000199dd  RGBColorGet                             
00019b2f  USBDeviceConfig                         
00019d5b  USBDeviceConfigAlternate                
00019e69  USBControlHandler                       
00019ef7  USBTxHandler                            
00019f67  USBRxHandler                            
00019fc9  USBSerialInit                           
0001a075  USBSerialGetChar                        
0001a08d  USBSerialPutChar                        
0001a0e1  USBSerialRead                           
0001a125  USBSerialWrite                          
0001a1d9  pvPortMalloc                            
0001a337  vPortFree                               
0001a3c1  xPortGetFreeHeapSize                    
0001a3c7  xPortGetMinimumEverFreeHeapSize         
0001a3cd  vPortInitialiseBlocks                   
0001a71f  destuff_and_check_checksum              
0001a773  create_frame                            
0001a7f7  decode_command_type                     
0001a805  check_and_extract_command_param         
0001a831  get_command_param_pointer               
0001a931  USBDCDConfigDescGetSize                 
0001a969  USBDCDConfigDescGetNum                  
0001a9b7  USBDCDConfigDescGet                     
0001aa45  USBDCDConfigGetNumAlternateInterfaces   
0001aa99  USBDCDConfigGetInterface                
0001aacf  USBDCDConfigGetInterfaceEndpoint        
0001ab3d  pxPortInitialiseStack                   
0001abc3  xPortStartScheduler                     
0001ac75  vPortEndScheduler                       
0001ac95  vPortEnterCritical                      
0001acd3  vPortExitCritical                       
0001acfb  xPortSysTickHandler                     
0001ad21  vPortSetupTimerInterrupt                
0001ad4d  vPortValidateInterruptPriority          
0001ae0d  __aeabi_uldivmod                        
0001b001  USBDescGetNum                           
0001b05d  USBDescGet                              
0001b0c7  USBDescGetNumAlternateInterfaces        
0001b181  USBDescGetInterface                     
0001b1af  USBDescGetInterfaceEndpoint             
0001b1d3  __aeabi_dsub                            
0001b1dd  __aeabi_dadd                            
0001b389  configADC_DisparaADC                    
0001b395  configADC_IniciaADC                     
0001b443  configADC_LeeADC                        
0001b457  configADC_ISR                           
0001b4d1  __aeabi_ddiv                            
0001b607  vListInitialise                         
0001b637  vListInitialiseItem                     
0001b647  vListInsertEnd                          
0001b683  vListInsert                             
0001b6e9  uxListRemove                            
0001b731  ButtonsPoll                             
0001b7d7  ButtonsInit                             
0001b859  CPUUsageTick                            
0001b897  CPUUsageInit                            
0001b97d  strtoul                                 
0001ba91  __aeabi_dmul                            
0001bb8d  ldexp                                   
0001bb8d  ldexpl                                  
0001bb8d  scalbn                                  
0001bb8d  scalbnl                                 
0001bc89  InternalUSBTickInit                     
0001bcc7  InternalUSBTickReset                    
0001bccf  InternalUSBRegisterTickHandler          
0001bd1f  InternalUSBStartOfFrameTick             
0001bd85  ulPortGetIPSR                           
0001bd9d  xPortPendSVHandler                      
0001bdfd  vPortSVCHandler                         
0001be1d  vPortStartFirstTask                     
0001be41  vPortEnableVFP                          
0001be4f  ULPIConfigSet                           
0001bef1  ULPIPowerTransceiver                    
0001bf19  CmdLineProcess                          
0001bfc5  __aeabi_memcpy                          
0001bfc5  __aeabi_memcpy4                         
0001bfc5  __aeabi_memcpy8                         
0001bfc5  memcpy                                  
0001c061  __aeabi_cdcmpeq                         
0001c061  __aeabi_cdcmple                         
0001c0e7  __aeabi_cdrcmple                        
0001c16d  __aeabi_memclr                          
0001c16d  __aeabi_memclr4                         
0001c16d  __aeabi_memclr8                         
0001c16f  __aeabi_memset                          
0001c16f  __aeabi_memset4                         
0001c16f  __aeabi_memset8                         
0001c175  memset                                  
0001c1e9  __TI_auto_init                          
0001c259  create_checksum                         
0001c2c1  vConfigureTimerForRunTimeStats          
0001c329  __TI_decompress_lzss                    
0001c391  frexp                                   
0001c391  frexpl                                  
0001c3f5  sprintf                                 
0001c455  _c_int00                                
0001c4a9  C$$EXIT                                 
0001c4ad  abort                                   
0001c4b5  exit                                    
0001c4fd  ltoa                                    
0001c551  ResetISR                                
0001c5a5  __aeabi_f2ulz                           
0001c5f5  atoi                                    
0001c641  copy_in                                 
0001c68d  __aeabi_d2iz                            
0001c6d5  __aeabi_uidiv                           
0001c6d5  __aeabi_uidivmod                        
0001c715  CPUcpsid                                
0001c721  CPUprimask                              
0001c72b  CPUcpsie                                
0001c737  CPUwfi                                  
0001c73b  CPUbasepriSet                           
0001c749  CPUbasepriGet                           
0001c753  __aeabi_i2d                             
0001c781  strncmp                                 
0001c7ad  GetOverflowCounts                       
0001c7d1  USB0DeviceIntHandler                    
0001c7f5  memccpy                                 
0001c811  _args_main                              
0001c829  strcmp                                  
0001c841  strchr                                  
0001c859  _register_unlock                        
0001c85f  _register_lock                          
0001c867  _nop                                    
0001c86d  copysign                                
0001c86d  copysignl                               
0001c881  strcpy                                  
0001c895  strlen                                  
0001c8a9  __TI_decompress_none                    
0001c8b7  __TI_zero_init                          
0001c8c3  SysCtlDelay                             
0001c8c9  _system_pre_init                        
0001ce3c  _ctypes_                                
0001d418  g_pui8ConfigString                      
0001d4b4  g_sCDCHandlers                          
0001d514  g_pui8ControlInterfaceString            
0001d540  g_pui8ManufacturerString                
0001d564  g_pui8CDCSerCommInterface               
0001d587  g_pui8ProductString                     
0001d5cc  g_ppui8StringDescriptors                
0001d5e4  g_pui8CDCSerDataInterface               
0001d5fb  g_pui8CDCSerDataInterfaceHS             
0001d664  g_pui8SerialNumberString                
0001d6b8  g_sCDCCompSerConfigHeader               
0001d6c0  g_sCDCCompSerConfigHeaderHS             
0001d6c8  g_sCDCSerCommInterfaceSection           
0001d6d0  g_sCDCSerConfigHeader                   
0001d6d8  g_sCDCSerConfigHeaderHS                 
0001d6e0  g_sCDCSerConfigSection                  
0001d6e8  g_sCDCSerDataInterfaceSection           
0001d6f0  g_sCDCSerDataInterfaceSectionHS         
0001d6f8  g_sIADSerConfigSection                  
0001d710  ulMaxSyscallInterruptPriority           
0001d728  g_pui8LangDescriptor                    
0001d72c  g_pCDCCompSerConfigDescriptors          
0001d730  g_pCDCCompSerConfigDescriptorsHS        
0001d734  g_ppCDCSerConfigDescriptors             
0001d738  g_ppCDCSerConfigDescriptorsHS           
0001d8ac  __TI_Handler_Table_Base                 
0001d8b8  __TI_Handler_Table_Limit                
0001d8c8  __TI_CINIT_Base                         
0001d8e0  __TI_CINIT_Limit                        
20000000  g_pfnRAMVectors                         
20005d88  g_pui8USBRxBuffer                       
20005e88  g_pui8USBTxBuffer                       
20006024  gesture_data_                           
200060a8  g_psDCDInst                             
200060f8  xQueueRegistry                          
2000626c  chan12                                  
2000628c  chan8                                   
200062dc  g_pfnTickHandlers                       
200062f4  g_pvTickInstance                        
20006424  FlagsEventos                            
20006428  Intensidad                              
2000642c  g_pUARTSemaphore                        
20006430  g_ppsDevInfo                            
20006434  g_ui32CPUUsage                          
20006438  g_ui32PollRate                          
2000643c  g_ulSystemClock                         
20006440  g_eOTGModeState                         
20006441  proximity_data                          
20006444  g_psCmdTable                            
200064c8  g_sCDCDevice                            
20006528  pxCurrentTCB                            
20006564  g_sRxBuffer                             
2000659c  g_sTxBuffer                             
20006630  g_pui8CDCSerDeviceDescriptor            
20006644  g_psCDCCompSerSections                  
20006654  g_psCDCCompSerSectionsHS                
20006674  g_ulUARTTxCount                         
20006678  g_ulUARTRxCount                         
2000667c  g_ulUARTRxErrors                        
20006684  __TI_cleanup_ptr                        
20006688  __TI_dtors_ptr                          
2000668c  __TI_enable_exit_profile_output         
20006690  g_psCDCSerSections                      
2000669c  g_psCDCSerSectionsHS                    
200066cc  g_bUSBTimerInitialized                  
200066d0  g_ui32CurrentUSBTick                    
200066d4  g_ui32USBSOFCount                       
200066d8  g_pui8CDCSerDescriptor                  
200066e1  i12                                     
200066e2  i8                                      
200066e3  ADC_Automatico                          
200066e4  Muestras8                               
200066e5  Prox_int                                
200066e6  Aux_ProxSen                             
200066e7  Prox_Gest                               
200066e8  Prox_Gest_Qt                            
200066ec  g_iUSBMode                              
200066f0  g_ui32WaitTicks                         
200066f8  _lock                                   
200066fc  _unlock                                 
20006700  g_pui8IADSerDescriptor                  
2000671c  errno                                   
20006720  main_func_sp                            
20006728  __stack                                 
20006928  __STACK_END                             
20006928  __STACK_TOP                             
ffffffff  __TI_pprof_out_hndl                     
ffffffff  __TI_prof_data_size                     
ffffffff  __TI_prof_data_start                    
ffffffff  __binit__                               
ffffffff  __c_args__                              
ffffffff  binit                                   
UNDEFED   SHT$$INIT_ARRAY$$Base                   
UNDEFED   SHT$$INIT_ARRAY$$Limit                  

[955 symbols]
