<?xml version="1.0"?>
<link_info>
   <banner>TI ARM Linker PC v16.9.4.LTS</banner>
   <copyright>Copyright (c) 1996-2017 Texas Instruments Incorporated</copyright>
   <link_time>0x5b11b0fc</link_time>
   <link_errors>0x0</link_errors>
   <output_file>gise-p1-tiva-Santy241996.out</output_file>
   <entry_point>
      <name>_c_int00</name>
      <address>0x1c455</address>
   </entry_point>
   <input_file_list>
      <input_file id="fl-2">
         <path>.\</path>
         <kind>object</kind>
         <file>commands.obj</file>
         <name>commands.obj</name>
      </input_file>
      <input_file id="fl-3">
         <path>.\</path>
         <kind>object</kind>
         <file>crc.obj</file>
         <name>crc.obj</name>
      </input_file>
      <input_file id="fl-4">
         <path>.\</path>
         <kind>object</kind>
         <file>main.obj</file>
         <name>main.obj</name>
      </input_file>
      <input_file id="fl-5">
         <path>.\</path>
         <kind>object</kind>
         <file>serialprotocol.obj</file>
         <name>serialprotocol.obj</name>
      </input_file>
      <input_file id="fl-6">
         <path>.\</path>
         <kind>object</kind>
         <file>sparkfun_apds9960drv.obj</file>
         <name>sparkfun_apds9960drv.obj</name>
      </input_file>
      <input_file id="fl-7">
         <path>.\</path>
         <kind>object</kind>
         <file>startup_ccs.obj</file>
         <name>startup_ccs.obj</name>
      </input_file>
      <input_file id="fl-8">
         <path>.\</path>
         <kind>object</kind>
         <file>tivarpc.obj</file>
         <name>tivarpc.obj</name>
      </input_file>
      <input_file id="fl-9">
         <path>.\</path>
         <kind>object</kind>
         <file>usb_dev_serial.obj</file>
         <name>usb_dev_serial.obj</name>
      </input_file>
      <input_file id="fl-a">
         <path>.\</path>
         <kind>object</kind>
         <file>usb_serial_structs.obj</file>
         <name>usb_serial_structs.obj</name>
      </input_file>
      <input_file id="fl-b">
         <path>.\FreeRTOS\Source\</path>
         <kind>object</kind>
         <file>croutine.obj</file>
         <name>croutine.obj</name>
      </input_file>
      <input_file id="fl-c">
         <path>.\FreeRTOS\Source\</path>
         <kind>object</kind>
         <file>event_groups.obj</file>
         <name>event_groups.obj</name>
      </input_file>
      <input_file id="fl-d">
         <path>.\FreeRTOS\Source\</path>
         <kind>object</kind>
         <file>list.obj</file>
         <name>list.obj</name>
      </input_file>
      <input_file id="fl-e">
         <path>.\FreeRTOS\Source\</path>
         <kind>object</kind>
         <file>queue.obj</file>
         <name>queue.obj</name>
      </input_file>
      <input_file id="fl-f">
         <path>.\FreeRTOS\Source\</path>
         <kind>object</kind>
         <file>stream_buffer.obj</file>
         <name>stream_buffer.obj</name>
      </input_file>
      <input_file id="fl-10">
         <path>.\FreeRTOS\Source\</path>
         <kind>object</kind>
         <file>tasks.obj</file>
         <name>tasks.obj</name>
      </input_file>
      <input_file id="fl-11">
         <path>.\FreeRTOS\Source\</path>
         <kind>object</kind>
         <file>timers.obj</file>
         <name>timers.obj</name>
      </input_file>
      <input_file id="fl-12">
         <path>.\FreeRTOS\Source\portable\CCS\ARM_CM4F\</path>
         <kind>object</kind>
         <file>port.obj</file>
         <name>port.obj</name>
      </input_file>
      <input_file id="fl-13">
         <path>.\FreeRTOS\Source\portable\CCS\ARM_CM4F\</path>
         <kind>object</kind>
         <file>portasm.obj</file>
         <name>portasm.obj</name>
      </input_file>
      <input_file id="fl-14">
         <path>.\FreeRTOS\Source\portable\MemMang\</path>
         <kind>object</kind>
         <file>heap_4.obj</file>
         <name>heap_4.obj</name>
      </input_file>
      <input_file id="fl-15">
         <path>.\driverlib\</path>
         <kind>object</kind>
         <file>adc.obj</file>
         <name>adc.obj</name>
      </input_file>
      <input_file id="fl-16">
         <path>.\driverlib\</path>
         <kind>object</kind>
         <file>aes.obj</file>
         <name>aes.obj</name>
      </input_file>
      <input_file id="fl-17">
         <path>.\driverlib\</path>
         <kind>object</kind>
         <file>can.obj</file>
         <name>can.obj</name>
      </input_file>
      <input_file id="fl-18">
         <path>.\driverlib\</path>
         <kind>object</kind>
         <file>comp.obj</file>
         <name>comp.obj</name>
      </input_file>
      <input_file id="fl-19">
         <path>.\driverlib\</path>
         <kind>object</kind>
         <file>cpu.obj</file>
         <name>cpu.obj</name>
      </input_file>
      <input_file id="fl-1a">
         <path>.\driverlib\</path>
         <kind>object</kind>
         <file>crc.obj</file>
         <name>crc.obj</name>
      </input_file>
      <input_file id="fl-1b">
         <path>.\driverlib\</path>
         <kind>object</kind>
         <file>des.obj</file>
         <name>des.obj</name>
      </input_file>
      <input_file id="fl-1c">
         <path>.\driverlib\</path>
         <kind>object</kind>
         <file>eeprom.obj</file>
         <name>eeprom.obj</name>
      </input_file>
      <input_file id="fl-1d">
         <path>.\driverlib\</path>
         <kind>object</kind>
         <file>emac.obj</file>
         <name>emac.obj</name>
      </input_file>
      <input_file id="fl-1e">
         <path>.\driverlib\</path>
         <kind>object</kind>
         <file>epi.obj</file>
         <name>epi.obj</name>
      </input_file>
      <input_file id="fl-1f">
         <path>.\driverlib\</path>
         <kind>object</kind>
         <file>epi_workaround_ccs.obj</file>
         <name>epi_workaround_ccs.obj</name>
      </input_file>
      <input_file id="fl-20">
         <path>.\driverlib\</path>
         <kind>object</kind>
         <file>flash.obj</file>
         <name>flash.obj</name>
      </input_file>
      <input_file id="fl-21">
         <path>.\driverlib\</path>
         <kind>object</kind>
         <file>fpu.obj</file>
         <name>fpu.obj</name>
      </input_file>
      <input_file id="fl-22">
         <path>.\driverlib\</path>
         <kind>object</kind>
         <file>gpio.obj</file>
         <name>gpio.obj</name>
      </input_file>
      <input_file id="fl-23">
         <path>.\driverlib\</path>
         <kind>object</kind>
         <file>hibernate.obj</file>
         <name>hibernate.obj</name>
      </input_file>
      <input_file id="fl-24">
         <path>.\driverlib\</path>
         <kind>object</kind>
         <file>i2c.obj</file>
         <name>i2c.obj</name>
      </input_file>
      <input_file id="fl-25">
         <path>.\driverlib\</path>
         <kind>object</kind>
         <file>interrupt.obj</file>
         <name>interrupt.obj</name>
      </input_file>
      <input_file id="fl-26">
         <path>.\driverlib\</path>
         <kind>object</kind>
         <file>lcd.obj</file>
         <name>lcd.obj</name>
      </input_file>
      <input_file id="fl-27">
         <path>.\driverlib\</path>
         <kind>object</kind>
         <file>mpu.obj</file>
         <name>mpu.obj</name>
      </input_file>
      <input_file id="fl-28">
         <path>.\driverlib\</path>
         <kind>object</kind>
         <file>onewire.obj</file>
         <name>onewire.obj</name>
      </input_file>
      <input_file id="fl-29">
         <path>.\driverlib\</path>
         <kind>object</kind>
         <file>pwm.obj</file>
         <name>pwm.obj</name>
      </input_file>
      <input_file id="fl-2a">
         <path>.\driverlib\</path>
         <kind>object</kind>
         <file>qei.obj</file>
         <name>qei.obj</name>
      </input_file>
      <input_file id="fl-2b">
         <path>.\driverlib\</path>
         <kind>object</kind>
         <file>shamd5.obj</file>
         <name>shamd5.obj</name>
      </input_file>
      <input_file id="fl-2c">
         <path>.\driverlib\</path>
         <kind>object</kind>
         <file>ssi.obj</file>
         <name>ssi.obj</name>
      </input_file>
      <input_file id="fl-2d">
         <path>.\driverlib\</path>
         <kind>object</kind>
         <file>sw_crc.obj</file>
         <name>sw_crc.obj</name>
      </input_file>
      <input_file id="fl-2e">
         <path>.\driverlib\</path>
         <kind>object</kind>
         <file>sysctl.obj</file>
         <name>sysctl.obj</name>
      </input_file>
      <input_file id="fl-2f">
         <path>.\driverlib\</path>
         <kind>object</kind>
         <file>sysexc.obj</file>
         <name>sysexc.obj</name>
      </input_file>
      <input_file id="fl-30">
         <path>.\driverlib\</path>
         <kind>object</kind>
         <file>systick.obj</file>
         <name>systick.obj</name>
      </input_file>
      <input_file id="fl-31">
         <path>.\driverlib\</path>
         <kind>object</kind>
         <file>timer.obj</file>
         <name>timer.obj</name>
      </input_file>
      <input_file id="fl-32">
         <path>.\driverlib\</path>
         <kind>object</kind>
         <file>uart.obj</file>
         <name>uart.obj</name>
      </input_file>
      <input_file id="fl-33">
         <path>.\driverlib\</path>
         <kind>object</kind>
         <file>udma.obj</file>
         <name>udma.obj</name>
      </input_file>
      <input_file id="fl-34">
         <path>.\driverlib\</path>
         <kind>object</kind>
         <file>usb.obj</file>
         <name>usb.obj</name>
      </input_file>
      <input_file id="fl-35">
         <path>.\driverlib\</path>
         <kind>object</kind>
         <file>watchdog.obj</file>
         <name>watchdog.obj</name>
      </input_file>
      <input_file id="fl-36">
         <path>.\drivers\</path>
         <kind>object</kind>
         <file>buttons.obj</file>
         <name>buttons.obj</name>
      </input_file>
      <input_file id="fl-37">
         <path>.\drivers\</path>
         <kind>object</kind>
         <file>configADC.obj</file>
         <name>configADC.obj</name>
      </input_file>
      <input_file id="fl-38">
         <path>.\drivers\</path>
         <kind>object</kind>
         <file>i2c_if.obj</file>
         <name>i2c_if.obj</name>
      </input_file>
      <input_file id="fl-39">
         <path>.\drivers\</path>
         <kind>object</kind>
         <file>rgb.obj</file>
         <name>rgb.obj</name>
      </input_file>
      <input_file id="fl-3a">
         <path>.\usblib\device\</path>
         <kind>object</kind>
         <file>usbdaudio.obj</file>
         <name>usbdaudio.obj</name>
      </input_file>
      <input_file id="fl-3b">
         <path>.\usblib\device\</path>
         <kind>object</kind>
         <file>usbdbulk.obj</file>
         <name>usbdbulk.obj</name>
      </input_file>
      <input_file id="fl-3c">
         <path>.\usblib\device\</path>
         <kind>object</kind>
         <file>usbdcdc.obj</file>
         <name>usbdcdc.obj</name>
      </input_file>
      <input_file id="fl-3d">
         <path>.\usblib\device\</path>
         <kind>object</kind>
         <file>usbdcdesc.obj</file>
         <name>usbdcdesc.obj</name>
      </input_file>
      <input_file id="fl-3e">
         <path>.\usblib\device\</path>
         <kind>object</kind>
         <file>usbdcomp.obj</file>
         <name>usbdcomp.obj</name>
      </input_file>
      <input_file id="fl-3f">
         <path>.\usblib\device\</path>
         <kind>object</kind>
         <file>usbdconfig.obj</file>
         <name>usbdconfig.obj</name>
      </input_file>
      <input_file id="fl-40">
         <path>.\usblib\device\</path>
         <kind>object</kind>
         <file>usbddfu-rt.obj</file>
         <name>usbddfu-rt.obj</name>
      </input_file>
      <input_file id="fl-41">
         <path>.\usblib\device\</path>
         <kind>object</kind>
         <file>usbdenum.obj</file>
         <name>usbdenum.obj</name>
      </input_file>
      <input_file id="fl-42">
         <path>.\usblib\device\</path>
         <kind>object</kind>
         <file>usbdhandler.obj</file>
         <name>usbdhandler.obj</name>
      </input_file>
      <input_file id="fl-43">
         <path>.\usblib\device\</path>
         <kind>object</kind>
         <file>usbdhid.obj</file>
         <name>usbdhid.obj</name>
      </input_file>
      <input_file id="fl-44">
         <path>.\usblib\device\</path>
         <kind>object</kind>
         <file>usbdhidgamepad.obj</file>
         <name>usbdhidgamepad.obj</name>
      </input_file>
      <input_file id="fl-45">
         <path>.\usblib\device\</path>
         <kind>object</kind>
         <file>usbdhidkeyb.obj</file>
         <name>usbdhidkeyb.obj</name>
      </input_file>
      <input_file id="fl-46">
         <path>.\usblib\device\</path>
         <kind>object</kind>
         <file>usbdhidmouse.obj</file>
         <name>usbdhidmouse.obj</name>
      </input_file>
      <input_file id="fl-47">
         <path>.\usblib\device\</path>
         <kind>object</kind>
         <file>usbdmsc.obj</file>
         <name>usbdmsc.obj</name>
      </input_file>
      <input_file id="fl-48">
         <path>.\usblib\host\</path>
         <kind>object</kind>
         <file>usbhaudio.obj</file>
         <name>usbhaudio.obj</name>
      </input_file>
      <input_file id="fl-49">
         <path>.\usblib\host\</path>
         <kind>object</kind>
         <file>usbhhid.obj</file>
         <name>usbhhid.obj</name>
      </input_file>
      <input_file id="fl-4a">
         <path>.\usblib\host\</path>
         <kind>object</kind>
         <file>usbhhidkeyboard.obj</file>
         <name>usbhhidkeyboard.obj</name>
      </input_file>
      <input_file id="fl-4b">
         <path>.\usblib\host\</path>
         <kind>object</kind>
         <file>usbhhidmouse.obj</file>
         <name>usbhhidmouse.obj</name>
      </input_file>
      <input_file id="fl-4c">
         <path>.\usblib\host\</path>
         <kind>object</kind>
         <file>usbhhub.obj</file>
         <name>usbhhub.obj</name>
      </input_file>
      <input_file id="fl-4d">
         <path>.\usblib\host\</path>
         <kind>object</kind>
         <file>usbhmsc.obj</file>
         <name>usbhmsc.obj</name>
      </input_file>
      <input_file id="fl-4e">
         <path>.\usblib\host\</path>
         <kind>object</kind>
         <file>usbhostenum.obj</file>
         <name>usbhostenum.obj</name>
      </input_file>
      <input_file id="fl-4f">
         <path>.\usblib\host\</path>
         <kind>object</kind>
         <file>usbhscsi.obj</file>
         <name>usbhscsi.obj</name>
      </input_file>
      <input_file id="fl-50">
         <path>.\usblib\</path>
         <kind>object</kind>
         <file>usbbuffer.obj</file>
         <name>usbbuffer.obj</name>
      </input_file>
      <input_file id="fl-51">
         <path>.\usblib\</path>
         <kind>object</kind>
         <file>usbdesc.obj</file>
         <name>usbdesc.obj</name>
      </input_file>
      <input_file id="fl-52">
         <path>.\usblib\</path>
         <kind>object</kind>
         <file>usbdma.obj</file>
         <name>usbdma.obj</name>
      </input_file>
      <input_file id="fl-53">
         <path>.\usblib\</path>
         <kind>object</kind>
         <file>usbkeyboardmap.obj</file>
         <name>usbkeyboardmap.obj</name>
      </input_file>
      <input_file id="fl-54">
         <path>.\usblib\</path>
         <kind>object</kind>
         <file>usbmode.obj</file>
         <name>usbmode.obj</name>
      </input_file>
      <input_file id="fl-55">
         <path>.\usblib\</path>
         <kind>object</kind>
         <file>usbringbuf.obj</file>
         <name>usbringbuf.obj</name>
      </input_file>
      <input_file id="fl-56">
         <path>.\usblib\</path>
         <kind>object</kind>
         <file>usbtick.obj</file>
         <name>usbtick.obj</name>
      </input_file>
      <input_file id="fl-57">
         <path>.\usblib\</path>
         <kind>object</kind>
         <file>usbulpi.obj</file>
         <name>usbulpi.obj</name>
      </input_file>
      <input_file id="fl-58">
         <path>.\utils\</path>
         <kind>object</kind>
         <file>RunTimeStatsConfig.obj</file>
         <name>RunTimeStatsConfig.obj</name>
      </input_file>
      <input_file id="fl-59">
         <path>.\utils\</path>
         <kind>object</kind>
         <file>cmdline.obj</file>
         <name>cmdline.obj</name>
      </input_file>
      <input_file id="fl-5a">
         <path>.\utils\</path>
         <kind>object</kind>
         <file>cpu_usage.obj</file>
         <name>cpu_usage.obj</name>
      </input_file>
      <input_file id="fl-5b">
         <path>.\utils\</path>
         <kind>object</kind>
         <file>uartstdio.obj</file>
         <name>uartstdio.obj</name>
      </input_file>
      <input_file id="fl-5f">
         <kind>object</kind>
         <file>&lt;internal&gt;</file>
         <name>&lt;internal&gt;</name>
      </input_file>
      <input_file id="fl-115">
         <path>C:\ti\ccsv7\tools\compiler\ti-cgt-arm_16.9.4.LTS\lib\</path>
         <kind>archive</kind>
         <file>rtsv7M4_T_le_v4SPD16_eabi.lib</file>
         <name>boot.obj</name>
      </input_file>
      <input_file id="fl-116">
         <path>C:\ti\ccsv7\tools\compiler\ti-cgt-arm_16.9.4.LTS\lib\</path>
         <kind>archive</kind>
         <file>rtsv7M4_T_le_v4SPD16_eabi.lib</file>
         <name>copy_decompress_lzss.obj</name>
      </input_file>
      <input_file id="fl-117">
         <path>C:\ti\ccsv7\tools\compiler\ti-cgt-arm_16.9.4.LTS\lib\</path>
         <kind>archive</kind>
         <file>rtsv7M4_T_le_v4SPD16_eabi.lib</file>
         <name>copy_decompress_none.obj</name>
      </input_file>
      <input_file id="fl-118">
         <path>C:\ti\ccsv7\tools\compiler\ti-cgt-arm_16.9.4.LTS\lib\</path>
         <kind>archive</kind>
         <file>rtsv7M4_T_le_v4SPD16_eabi.lib</file>
         <name>copy_zero_init.obj</name>
      </input_file>
      <input_file id="fl-119">
         <path>C:\ti\ccsv7\tools\compiler\ti-cgt-arm_16.9.4.LTS\lib\</path>
         <kind>archive</kind>
         <file>rtsv7M4_T_le_v4SPD16_eabi.lib</file>
         <name>exit.obj</name>
      </input_file>
      <input_file id="fl-11a">
         <path>C:\ti\ccsv7\tools\compiler\ti-cgt-arm_16.9.4.LTS\lib\</path>
         <kind>archive</kind>
         <file>rtsv7M4_T_le_v4SPD16_eabi.lib</file>
         <name>fs_toull_t2.obj</name>
      </input_file>
      <input_file id="fl-11b">
         <path>C:\ti\ccsv7\tools\compiler\ti-cgt-arm_16.9.4.LTS\lib\</path>
         <kind>archive</kind>
         <file>rtsv7M4_T_le_v4SPD16_eabi.lib</file>
         <name>memcpy_t2.obj</name>
      </input_file>
      <input_file id="fl-11c">
         <path>C:\ti\ccsv7\tools\compiler\ti-cgt-arm_16.9.4.LTS\lib\</path>
         <kind>archive</kind>
         <file>rtsv7M4_T_le_v4SPD16_eabi.lib</file>
         <name>memset_t2.obj</name>
      </input_file>
      <input_file id="fl-11d">
         <path>C:\ti\ccsv7\tools\compiler\ti-cgt-arm_16.9.4.LTS\lib\</path>
         <kind>archive</kind>
         <file>rtsv7M4_T_le_v4SPD16_eabi.lib</file>
         <name>mpu_init.obj</name>
      </input_file>
      <input_file id="fl-11e">
         <path>C:\ti\ccsv7\tools\compiler\ti-cgt-arm_16.9.4.LTS\lib\</path>
         <kind>archive</kind>
         <file>rtsv7M4_T_le_v4SPD16_eabi.lib</file>
         <name>pre_init.obj</name>
      </input_file>
      <input_file id="fl-11f">
         <path>C:\ti\ccsv7\tools\compiler\ti-cgt-arm_16.9.4.LTS\lib\</path>
         <kind>archive</kind>
         <file>rtsv7M4_T_le_v4SPD16_eabi.lib</file>
         <name>sprintf.obj</name>
      </input_file>
      <input_file id="fl-120">
         <path>C:\ti\ccsv7\tools\compiler\ti-cgt-arm_16.9.4.LTS\lib\</path>
         <kind>archive</kind>
         <file>rtsv7M4_T_le_v4SPD16_eabi.lib</file>
         <name>stkdepth_vars.obj</name>
      </input_file>
      <input_file id="fl-121">
         <path>C:\ti\ccsv7\tools\compiler\ti-cgt-arm_16.9.4.LTS\lib\</path>
         <kind>archive</kind>
         <file>rtsv7M4_T_le_v4SPD16_eabi.lib</file>
         <name>strcmp.obj</name>
      </input_file>
      <input_file id="fl-122">
         <path>C:\ti\ccsv7\tools\compiler\ti-cgt-arm_16.9.4.LTS\lib\</path>
         <kind>archive</kind>
         <file>rtsv7M4_T_le_v4SPD16_eabi.lib</file>
         <name>strcpy.obj</name>
      </input_file>
      <input_file id="fl-123">
         <path>C:\ti\ccsv7\tools\compiler\ti-cgt-arm_16.9.4.LTS\lib\</path>
         <kind>archive</kind>
         <file>rtsv7M4_T_le_v4SPD16_eabi.lib</file>
         <name>strlen.obj</name>
      </input_file>
      <input_file id="fl-124">
         <path>C:\ti\ccsv7\tools\compiler\ti-cgt-arm_16.9.4.LTS\lib\</path>
         <kind>archive</kind>
         <file>rtsv7M4_T_le_v4SPD16_eabi.lib</file>
         <name>strncmp.obj</name>
      </input_file>
      <input_file id="fl-125">
         <path>C:\ti\ccsv7\tools\compiler\ti-cgt-arm_16.9.4.LTS\lib\</path>
         <kind>archive</kind>
         <file>rtsv7M4_T_le_v4SPD16_eabi.lib</file>
         <name>strtoul.obj</name>
      </input_file>
      <input_file id="fl-126">
         <path>C:\ti\ccsv7\tools\compiler\ti-cgt-arm_16.9.4.LTS\lib\</path>
         <kind>archive</kind>
         <file>rtsv7M4_T_le_v4SPD16_eabi.lib</file>
         <name>u_divt2.obj</name>
      </input_file>
      <input_file id="fl-127">
         <path>C:\ti\ccsv7\tools\compiler\ti-cgt-arm_16.9.4.LTS\lib\</path>
         <kind>archive</kind>
         <file>rtsv7M4_T_le_v4SPD16_eabi.lib</file>
         <name>_lock.obj</name>
      </input_file>
      <input_file id="fl-128">
         <path>C:\ti\ccsv7\tools\compiler\ti-cgt-arm_16.9.4.LTS\lib\</path>
         <kind>archive</kind>
         <file>rtsv7M4_T_le_v4SPD16_eabi.lib</file>
         <name>_printfi.obj</name>
      </input_file>
      <input_file id="fl-129">
         <path>C:\ti\ccsv7\tools\compiler\ti-cgt-arm_16.9.4.LTS\lib\</path>
         <kind>archive</kind>
         <file>rtsv7M4_T_le_v4SPD16_eabi.lib</file>
         <name>args_main.obj</name>
      </input_file>
      <input_file id="fl-12a">
         <path>C:\ti\ccsv7\tools\compiler\ti-cgt-arm_16.9.4.LTS\lib\</path>
         <kind>archive</kind>
         <file>rtsv7M4_T_le_v4SPD16_eabi.lib</file>
         <name>atoi.obj</name>
      </input_file>
      <input_file id="fl-12b">
         <path>C:\ti\ccsv7\tools\compiler\ti-cgt-arm_16.9.4.LTS\lib\</path>
         <kind>archive</kind>
         <file>rtsv7M4_T_le_v4SPD16_eabi.lib</file>
         <name>autoinit.obj</name>
      </input_file>
      <input_file id="fl-12c">
         <path>C:\ti\ccsv7\tools\compiler\ti-cgt-arm_16.9.4.LTS\lib\</path>
         <kind>archive</kind>
         <file>rtsv7M4_T_le_v4SPD16_eabi.lib</file>
         <name>cpy_tbl.obj</name>
      </input_file>
      <input_file id="fl-12d">
         <path>C:\ti\ccsv7\tools\compiler\ti-cgt-arm_16.9.4.LTS\lib\</path>
         <kind>archive</kind>
         <file>rtsv7M4_T_le_v4SPD16_eabi.lib</file>
         <name>ctype.obj</name>
      </input_file>
      <input_file id="fl-12e">
         <path>C:\ti\ccsv7\tools\compiler\ti-cgt-arm_16.9.4.LTS\lib\</path>
         <kind>archive</kind>
         <file>rtsv7M4_T_le_v4SPD16_eabi.lib</file>
         <name>errno.obj</name>
      </input_file>
      <input_file id="fl-12f">
         <path>C:\ti\ccsv7\tools\compiler\ti-cgt-arm_16.9.4.LTS\lib\</path>
         <kind>archive</kind>
         <file>rtsv7M4_T_le_v4SPD16_eabi.lib</file>
         <name>fd_add_t2.obj</name>
      </input_file>
      <input_file id="fl-130">
         <path>C:\ti\ccsv7\tools\compiler\ti-cgt-arm_16.9.4.LTS\lib\</path>
         <kind>archive</kind>
         <file>rtsv7M4_T_le_v4SPD16_eabi.lib</file>
         <name>fd_cmp_t2.obj</name>
      </input_file>
      <input_file id="fl-131">
         <path>C:\ti\ccsv7\tools\compiler\ti-cgt-arm_16.9.4.LTS\lib\</path>
         <kind>archive</kind>
         <file>rtsv7M4_T_le_v4SPD16_eabi.lib</file>
         <name>fd_div_t2.obj</name>
      </input_file>
      <input_file id="fl-132">
         <path>C:\ti\ccsv7\tools\compiler\ti-cgt-arm_16.9.4.LTS\lib\</path>
         <kind>archive</kind>
         <file>rtsv7M4_T_le_v4SPD16_eabi.lib</file>
         <name>fd_mul_t2.obj</name>
      </input_file>
      <input_file id="fl-133">
         <path>C:\ti\ccsv7\tools\compiler\ti-cgt-arm_16.9.4.LTS\lib\</path>
         <kind>archive</kind>
         <file>rtsv7M4_T_le_v4SPD16_eabi.lib</file>
         <name>fd_toi_t2.obj</name>
      </input_file>
      <input_file id="fl-134">
         <path>C:\ti\ccsv7\tools\compiler\ti-cgt-arm_16.9.4.LTS\lib\</path>
         <kind>archive</kind>
         <file>rtsv7M4_T_le_v4SPD16_eabi.lib</file>
         <name>i_div0.obj</name>
      </input_file>
      <input_file id="fl-135">
         <path>C:\ti\ccsv7\tools\compiler\ti-cgt-arm_16.9.4.LTS\lib\</path>
         <kind>archive</kind>
         <file>rtsv7M4_T_le_v4SPD16_eabi.lib</file>
         <name>i_tofd_t2.obj</name>
      </input_file>
      <input_file id="fl-136">
         <path>C:\ti\ccsv7\tools\compiler\ti-cgt-arm_16.9.4.LTS\lib\</path>
         <kind>archive</kind>
         <file>rtsv7M4_T_le_v4SPD16_eabi.lib</file>
         <name>ltoa.obj</name>
      </input_file>
      <input_file id="fl-137">
         <path>C:\ti\ccsv7\tools\compiler\ti-cgt-arm_16.9.4.LTS\lib\</path>
         <kind>archive</kind>
         <file>rtsv7M4_T_le_v4SPD16_eabi.lib</file>
         <name>memccpy.obj</name>
      </input_file>
      <input_file id="fl-138">
         <path>C:\ti\ccsv7\tools\compiler\ti-cgt-arm_16.9.4.LTS\lib\</path>
         <kind>archive</kind>
         <file>rtsv7M4_T_le_v4SPD16_eabi.lib</file>
         <name>s_frexp.obj</name>
      </input_file>
      <input_file id="fl-139">
         <path>C:\ti\ccsv7\tools\compiler\ti-cgt-arm_16.9.4.LTS\lib\</path>
         <kind>archive</kind>
         <file>rtsv7M4_T_le_v4SPD16_eabi.lib</file>
         <name>s_scalbn.obj</name>
      </input_file>
      <input_file id="fl-13a">
         <path>C:\ti\ccsv7\tools\compiler\ti-cgt-arm_16.9.4.LTS\lib\</path>
         <kind>archive</kind>
         <file>rtsv7M4_T_le_v4SPD16_eabi.lib</file>
         <name>startup.obj</name>
      </input_file>
      <input_file id="fl-13b">
         <path>C:\ti\ccsv7\tools\compiler\ti-cgt-arm_16.9.4.LTS\lib\</path>
         <kind>archive</kind>
         <file>rtsv7M4_T_le_v4SPD16_eabi.lib</file>
         <name>strchr.obj</name>
      </input_file>
      <input_file id="fl-13c">
         <path>C:\ti\ccsv7\tools\compiler\ti-cgt-arm_16.9.4.LTS\lib\</path>
         <kind>archive</kind>
         <file>rtsv7M4_T_le_v4SPD16_eabi.lib</file>
         <name>ull_div_t2.obj</name>
      </input_file>
      <input_file id="fl-13d">
         <path>C:\ti\ccsv7\tools\compiler\ti-cgt-arm_16.9.4.LTS\lib\</path>
         <kind>archive</kind>
         <file>rtsv7M4_T_le_v4SPD16_eabi.lib</file>
         <name>s_copysign.obj</name>
      </input_file>
   </input_file_list>
   <object_component_list>
      <object_component id="oc-f">
         <name>.intvecs</name>
         <load_address>0x0</load_address>
         <run_address>0x0</run_address>
         <size>0x26c</size>
         <input_file_ref idref="fl-7"/>
      </object_component>
      <object_component id="oc-575">
         <name>.text</name>
         <load_address>0x26c</load_address>
         <run_address>0x26c</run_address>
         <size>0x2ff8</size>
         <input_file_ref idref="fl-4e"/>
      </object_component>
      <object_component id="oc-314">
         <name>.text</name>
         <load_address>0x3264</load_address>
         <run_address>0x3264</run_address>
         <size>0x238c</size>
         <input_file_ref idref="fl-34"/>
      </object_component>
      <object_component id="oc-a9">
         <name>.text</name>
         <load_address>0x55f0</load_address>
         <run_address>0x55f0</run_address>
         <size>0x1efc</size>
         <input_file_ref idref="fl-10"/>
      </object_component>
      <object_component id="oc-ca">
         <name>.text</name>
         <load_address>0x74ec</load_address>
         <run_address>0x74ec</run_address>
         <size>0x1690</size>
         <input_file_ref idref="fl-2e"/>
      </object_component>
      <object_component id="oc-160">
         <name>.text</name>
         <load_address>0x8b7c</load_address>
         <run_address>0x8b7c</run_address>
         <size>0x1570</size>
         <input_file_ref idref="fl-41"/>
      </object_component>
      <object_component id="oc-ee">
         <name>.text</name>
         <load_address>0xa0ec</load_address>
         <run_address>0xa0ec</run_address>
         <size>0x13ee</size>
         <input_file_ref idref="fl-6"/>
      </object_component>
      <object_component id="oc-2ff">
         <name>.text</name>
         <load_address>0xb4da</load_address>
         <run_address>0xb4da</run_address>
         <size>0x2</size>
         <input_file_ref idref="fl-134"/>
      </object_component>
      <object_component id="oc-d6">
         <name>.text</name>
         <load_address>0xb4dc</load_address>
         <run_address>0xb4dc</run_address>
         <size>0x11f4</size>
         <input_file_ref idref="fl-22"/>
      </object_component>
      <object_component id="oc-3c8">
         <name>.text</name>
         <load_address>0xc6d0</load_address>
         <run_address>0xc6d0</run_address>
         <size>0x113e</size>
         <input_file_ref idref="fl-128"/>
      </object_component>
      <object_component id="oc-80">
         <name>.text</name>
         <load_address>0xd80e</load_address>
         <run_address>0xd80e</run_address>
         <size>0x2</size>
         <input_file_ref idref="fl-11d"/>
      </object_component>
      <object_component id="oc-dc">
         <name>.text</name>
         <load_address>0xd810</load_address>
         <run_address>0xd810</run_address>
         <size>0x1070</size>
         <input_file_ref idref="fl-e"/>
      </object_component>
      <object_component id="oc-155">
         <name>.text</name>
         <load_address>0xe880</load_address>
         <run_address>0xe880</run_address>
         <size>0x1054</size>
         <input_file_ref idref="fl-15"/>
      </object_component>
      <object_component id="oc-423">
         <name>.text</name>
         <load_address>0xf8d4</load_address>
         <run_address>0xf8d4</run_address>
         <size>0xfdc</size>
         <input_file_ref idref="fl-3c"/>
      </object_component>
      <object_component id="oc-320">
         <name>.text</name>
         <load_address>0x108b0</load_address>
         <run_address>0x108b0</run_address>
         <size>0xfa8</size>
         <input_file_ref idref="fl-52"/>
      </object_component>
      <object_component id="oc-10e">
         <name>.text</name>
         <load_address>0x11858</load_address>
         <run_address>0x11858</run_address>
         <size>0xd08</size>
         <input_file_ref idref="fl-31"/>
      </object_component>
      <object_component id="oc-167">
         <name>.text</name>
         <load_address>0x12560</load_address>
         <run_address>0x12560</run_address>
         <size>0xbc4</size>
         <input_file_ref idref="fl-24"/>
      </object_component>
      <object_component id="oc-3c">
         <name>.text</name>
         <load_address>0x13124</load_address>
         <run_address>0x13124</run_address>
         <size>0xbc4</size>
         <input_file_ref idref="fl-4"/>
      </object_component>
      <object_component id="oc-42">
         <name>.text</name>
         <load_address>0x13ce8</load_address>
         <run_address>0x13ce8</run_address>
         <size>0xb8c</size>
         <input_file_ref idref="fl-5b"/>
      </object_component>
      <object_component id="oc-12b">
         <name>.text</name>
         <load_address>0x14874</load_address>
         <run_address>0x14874</run_address>
         <size>0xa80</size>
         <input_file_ref idref="fl-32"/>
      </object_component>
      <object_component id="oc-e2">
         <name>.text</name>
         <load_address>0x152f4</load_address>
         <run_address>0x152f4</run_address>
         <size>0x9a0</size>
         <input_file_ref idref="fl-8"/>
      </object_component>
      <object_component id="oc-54">
         <name>.text</name>
         <load_address>0x15c94</load_address>
         <run_address>0x15c94</run_address>
         <size>0x930</size>
         <input_file_ref idref="fl-38"/>
      </object_component>
      <object_component id="oc-624">
         <name>.text</name>
         <load_address>0x165c4</load_address>
         <run_address>0x165c4</run_address>
         <size>0x924</size>
         <input_file_ref idref="fl-4c"/>
      </object_component>
      <object_component id="oc-1d2">
         <name>.text</name>
         <load_address>0x16ee8</load_address>
         <run_address>0x16ee8</run_address>
         <size>0x734</size>
         <input_file_ref idref="fl-11"/>
      </object_component>
      <object_component id="oc-115">
         <name>.text</name>
         <load_address>0x1761c</load_address>
         <run_address>0x1761c</run_address>
         <size>0x6c1</size>
         <input_file_ref idref="fl-2"/>
      </object_component>
      <object_component id="oc-19b">
         <name>.text</name>
         <load_address>0x17cde</load_address>
         <run_address>0x17cde</run_address>
         <size>0x2</size>
         <input_file_ref idref="fl-13a"/>
      </object_component>
      <object_component id="oc-417">
         <name>.text</name>
         <load_address>0x17ce0</load_address>
         <run_address>0x17ce0</run_address>
         <size>0x598</size>
         <input_file_ref idref="fl-50"/>
      </object_component>
      <object_component id="oc-41d">
         <name>.text</name>
         <load_address>0x18278</load_address>
         <run_address>0x18278</run_address>
         <size>0x570</size>
         <input_file_ref idref="fl-54"/>
      </object_component>
      <object_component id="oc-d0">
         <name>.text</name>
         <load_address>0x187e8</load_address>
         <run_address>0x187e8</run_address>
         <size>0x538</size>
         <input_file_ref idref="fl-c"/>
      </object_component>
      <object_component id="oc-108">
         <name>.text</name>
         <load_address>0x18d20</load_address>
         <run_address>0x18d20</run_address>
         <size>0x490</size>
         <input_file_ref idref="fl-25"/>
      </object_component>
      <object_component id="oc-56d">
         <name>.text</name>
         <load_address>0x191b0</load_address>
         <run_address>0x191b0</run_address>
         <size>0x48c</size>
         <input_file_ref idref="fl-55"/>
      </object_component>
      <object_component id="oc-fc">
         <name>.text</name>
         <load_address>0x1963c</load_address>
         <run_address>0x1963c</run_address>
         <size>0x42c</size>
         <input_file_ref idref="fl-39"/>
      </object_component>
      <object_component id="oc-345">
         <name>.text</name>
         <load_address>0x19a68</load_address>
         <run_address>0x19a68</run_address>
         <size>0x3bc</size>
         <input_file_ref idref="fl-3f"/>
      </object_component>
      <object_component id="oc-263">
         <name>.text</name>
         <load_address>0x19e24</load_address>
         <run_address>0x19e24</run_address>
         <size>0x3b4</size>
         <input_file_ref idref="fl-9"/>
      </object_component>
      <object_component id="oc-1ba">
         <name>.text</name>
         <load_address>0x1a1d8</load_address>
         <run_address>0x1a1d8</run_address>
         <size>0x394</size>
         <input_file_ref idref="fl-14"/>
      </object_component>
      <object_component id="oc-257">
         <name>.text</name>
         <load_address>0x1a56c</load_address>
         <run_address>0x1a56c</run_address>
         <size>0x2f2</size>
         <input_file_ref idref="fl-5"/>
      </object_component>
      <object_component id="oc-33f">
         <name>.text</name>
         <load_address>0x1a85e</load_address>
         <run_address>0x1a85e</run_address>
         <size>0x2de</size>
         <input_file_ref idref="fl-3d"/>
      </object_component>
      <object_component id="oc-36">
         <name>.text</name>
         <load_address>0x1ab3c</load_address>
         <run_address>0x1ab3c</run_address>
         <size>0x2d0</size>
         <input_file_ref idref="fl-12"/>
      </object_component>
      <object_component id="oc-4f4">
         <name>.text</name>
         <load_address>0x1ae0c</load_address>
         <run_address>0x1ae0c</run_address>
         <size>0x1f4</size>
         <input_file_ref idref="fl-13c"/>
      </object_component>
      <object_component id="oc-4b1">
         <name>.text</name>
         <load_address>0x1b000</load_address>
         <run_address>0x1b000</run_address>
         <size>0x1d2</size>
         <input_file_ref idref="fl-51"/>
      </object_component>
      <object_component id="oc-51d">
         <name>.text</name>
         <load_address>0x1b1d2</load_address>
         <run_address>0x1b1d2</run_address>
         <size>0x1b6</size>
         <input_file_ref idref="fl-12f"/>
      </object_component>
      <object_component id="oc-48">
         <name>.text</name>
         <load_address>0x1b388</load_address>
         <run_address>0x1b388</run_address>
         <size>0x148</size>
         <input_file_ref idref="fl-37"/>
      </object_component>
      <object_component id="oc-503">
         <name>.text</name>
         <load_address>0x1b4d0</load_address>
         <run_address>0x1b4d0</run_address>
         <size>0x136</size>
         <input_file_ref idref="fl-131"/>
      </object_component>
      <object_component id="oc-1c0">
         <name>.text</name>
         <load_address>0x1b606</load_address>
         <run_address>0x1b606</run_address>
         <size>0x12a</size>
         <input_file_ref idref="fl-d"/>
      </object_component>
      <object_component id="oc-102">
         <name>.text</name>
         <load_address>0x1b730</load_address>
         <run_address>0x1b730</run_address>
         <size>0x128</size>
         <input_file_ref idref="fl-36"/>
      </object_component>
      <object_component id="oc-c4">
         <name>.text</name>
         <load_address>0x1b858</load_address>
         <run_address>0x1b858</run_address>
         <size>0x124</size>
         <input_file_ref idref="fl-5a"/>
      </object_component>
      <object_component id="oc-2d9">
         <name>.text</name>
         <load_address>0x1b97c</load_address>
         <run_address>0x1b97c</run_address>
         <size>0x114</size>
         <input_file_ref idref="fl-125"/>
      </object_component>
      <object_component id="oc-4fe">
         <name>.text</name>
         <load_address>0x1ba90</load_address>
         <run_address>0x1ba90</run_address>
         <size>0xfc</size>
         <input_file_ref idref="fl-132"/>
      </object_component>
      <object_component id="oc-528">
         <name>.text</name>
         <load_address>0x1bb8c</load_address>
         <run_address>0x1bb8c</run_address>
         <size>0xfc</size>
         <input_file_ref idref="fl-139"/>
      </object_component>
      <object_component id="oc-326">
         <name>.text</name>
         <load_address>0x1bc88</load_address>
         <run_address>0x1bc88</run_address>
         <size>0xec</size>
         <input_file_ref idref="fl-56"/>
      </object_component>
      <object_component id="oc-31">
         <name>.text</name>
         <load_address>0x1bd74</load_address>
         <run_address>0x1bd74</run_address>
         <size>0xda</size>
         <input_file_ref idref="fl-13"/>
      </object_component>
      <object_component id="oc-31a">
         <name>.text</name>
         <load_address>0x1be4e</load_address>
         <run_address>0x1be4e</run_address>
         <size>0xc8</size>
         <input_file_ref idref="fl-57"/>
      </object_component>
      <object_component id="oc-2df">
         <name>.text</name>
         <load_address>0x1bf18</load_address>
         <run_address>0x1bf18</run_address>
         <size>0xac</size>
         <input_file_ref idref="fl-59"/>
      </object_component>
      <object_component id="oc-68">
         <name>.text</name>
         <load_address>0x1bfc4</load_address>
         <run_address>0x1bfc4</run_address>
         <size>0x9c</size>
         <input_file_ref idref="fl-11b"/>
      </object_component>
      <object_component id="oc-4f9">
         <name>.text:__aeabi_cdcmple</name>
         <load_address>0x1c060</load_address>
         <run_address>0x1c060</run_address>
         <size>0x86</size>
         <input_file_ref idref="fl-130"/>
      </object_component>
      <object_component id="oc-508">
         <name>.text:__aeabi_cdrcmple</name>
         <load_address>0x1c0e6</load_address>
         <run_address>0x1c0e6</run_address>
         <size>0x86</size>
         <input_file_ref idref="fl-130"/>
      </object_component>
      <object_component id="oc-74">
         <name>.text</name>
         <load_address>0x1c16c</load_address>
         <run_address>0x1c16c</run_address>
         <size>0x7a</size>
         <input_file_ref idref="fl-11c"/>
      </object_component>
      <object_component id="oc-8c">
         <name>.text</name>
         <load_address>0x1c1e8</load_address>
         <run_address>0x1c1e8</run_address>
         <size>0x70</size>
         <input_file_ref idref="fl-12b"/>
      </object_component>
      <object_component id="oc-406">
         <name>.text</name>
         <load_address>0x1c258</load_address>
         <run_address>0x1c258</run_address>
         <size>0x68</size>
         <input_file_ref idref="fl-3"/>
      </object_component>
      <object_component id="oc-1d8">
         <name>.text</name>
         <load_address>0x1c2c0</load_address>
         <run_address>0x1c2c0</run_address>
         <size>0x68</size>
         <input_file_ref idref="fl-58"/>
      </object_component>
      <object_component id="oc-12">
         <name>.text:decompress:lzss</name>
         <load_address>0x1c328</load_address>
         <run_address>0x1c328</run_address>
         <size>0x68</size>
         <input_file_ref idref="fl-116"/>
      </object_component>
      <object_component id="oc-522">
         <name>.text</name>
         <load_address>0x1c390</load_address>
         <run_address>0x1c390</run_address>
         <size>0x64</size>
         <input_file_ref idref="fl-138"/>
      </object_component>
      <object_component id="oc-1fa">
         <name>.text</name>
         <load_address>0x1c3f4</load_address>
         <run_address>0x1c3f4</run_address>
         <size>0x60</size>
         <input_file_ref idref="fl-11f"/>
      </object_component>
      <object_component id="oc-24">
         <name>.text</name>
         <load_address>0x1c454</load_address>
         <run_address>0x1c454</run_address>
         <size>0x54</size>
         <input_file_ref idref="fl-115"/>
      </object_component>
      <object_component id="oc-98">
         <name>.text</name>
         <load_address>0x1c4a8</load_address>
         <run_address>0x1c4a8</run_address>
         <size>0x54</size>
         <input_file_ref idref="fl-119"/>
      </object_component>
      <object_component id="oc-512">
         <name>.text</name>
         <load_address>0x1c4fc</load_address>
         <run_address>0x1c4fc</run_address>
         <size>0x54</size>
         <input_file_ref idref="fl-136"/>
      </object_component>
      <object_component id="oc-2b">
         <name>.text</name>
         <load_address>0x1c550</load_address>
         <run_address>0x1c550</run_address>
         <size>0x54</size>
         <input_file_ref idref="fl-7"/>
      </object_component>
      <object_component id="oc-29b">
         <name>.text</name>
         <load_address>0x1c5a4</load_address>
         <run_address>0x1c5a4</run_address>
         <size>0x50</size>
         <input_file_ref idref="fl-11a"/>
      </object_component>
      <object_component id="oc-534">
         <name>.text</name>
         <load_address>0x1c5f4</load_address>
         <run_address>0x1c5f4</run_address>
         <size>0x4c</size>
         <input_file_ref idref="fl-12a"/>
      </object_component>
      <object_component id="oc-195">
         <name>.text</name>
         <load_address>0x1c640</load_address>
         <run_address>0x1c640</run_address>
         <size>0x4c</size>
         <input_file_ref idref="fl-12c"/>
      </object_component>
      <object_component id="oc-50d">
         <name>.text</name>
         <load_address>0x1c68c</load_address>
         <run_address>0x1c68c</run_address>
         <size>0x48</size>
         <input_file_ref idref="fl-133"/>
      </object_component>
      <object_component id="oc-146">
         <name>.text</name>
         <load_address>0x1c6d4</load_address>
         <run_address>0x1c6d4</run_address>
         <size>0x40</size>
         <input_file_ref idref="fl-126"/>
      </object_component>
      <object_component id="oc-227">
         <name>.text</name>
         <load_address>0x1c714</load_address>
         <run_address>0x1c714</run_address>
         <size>0x3e</size>
         <input_file_ref idref="fl-19"/>
      </object_component>
      <object_component id="oc-518">
         <name>.text</name>
         <load_address>0x1c752</load_address>
         <run_address>0x1c752</run_address>
         <size>0x2e</size>
         <input_file_ref idref="fl-135"/>
      </object_component>
      <object_component id="oc-2d0">
         <name>.text</name>
         <load_address>0x1c780</load_address>
         <run_address>0x1c780</run_address>
         <size>0x2c</size>
         <input_file_ref idref="fl-124"/>
      </object_component>
      <object_component id="oc-1e1">
         <name>.text:GetOverflowCounts</name>
         <load_address>0x1c7ac</load_address>
         <run_address>0x1c7ac</run_address>
         <size>0x24</size>
         <input_file_ref idref="fl-58"/>
      </object_component>
      <object_component id="oc-4e">
         <name>.text</name>
         <load_address>0x1c7d0</load_address>
         <run_address>0x1c7d0</run_address>
         <size>0x24</size>
         <input_file_ref idref="fl-42"/>
      </object_component>
      <object_component id="oc-53a">
         <name>.text</name>
         <load_address>0x1c7f4</load_address>
         <run_address>0x1c7f4</run_address>
         <size>0x1c</size>
         <input_file_ref idref="fl-137"/>
      </object_component>
      <object_component id="oc-92">
         <name>.text</name>
         <load_address>0x1c810</load_address>
         <run_address>0x1c810</run_address>
         <size>0x18</size>
         <input_file_ref idref="fl-129"/>
      </object_component>
      <object_component id="oc-474">
         <name>.text</name>
         <load_address>0x1c828</load_address>
         <run_address>0x1c828</run_address>
         <size>0x18</size>
         <input_file_ref idref="fl-121"/>
      </object_component>
      <object_component id="oc-52e">
         <name>.text</name>
         <load_address>0x1c840</load_address>
         <run_address>0x1c840</run_address>
         <size>0x16</size>
         <input_file_ref idref="fl-13b"/>
      </object_component>
      <object_component id="oc-37f">
         <name>.text</name>
         <load_address>0x1c858</load_address>
         <run_address>0x1c858</run_address>
         <size>0x14</size>
         <input_file_ref idref="fl-127"/>
      </object_component>
      <object_component id="oc-5fe">
         <name>.text</name>
         <load_address>0x1c86c</load_address>
         <run_address>0x1c86c</run_address>
         <size>0x14</size>
         <input_file_ref idref="fl-13d"/>
      </object_component>
      <object_component id="oc-1ee">
         <name>.text</name>
         <load_address>0x1c880</load_address>
         <run_address>0x1c880</run_address>
         <size>0x14</size>
         <input_file_ref idref="fl-122"/>
      </object_component>
      <object_component id="oc-1f4">
         <name>.text</name>
         <load_address>0x1c894</load_address>
         <run_address>0x1c894</run_address>
         <size>0x14</size>
         <input_file_ref idref="fl-123"/>
      </object_component>
      <object_component id="oc-18">
         <name>.text:decompress:none</name>
         <load_address>0x1c8a8</load_address>
         <run_address>0x1c8a8</run_address>
         <size>0xe</size>
         <input_file_ref idref="fl-117"/>
      </object_component>
      <object_component id="oc-1e">
         <name>.text:decompress:ZI</name>
         <load_address>0x1c8b6</load_address>
         <run_address>0x1c8b6</run_address>
         <size>0xc</size>
         <input_file_ref idref="fl-118"/>
      </object_component>
      <object_component id="oc-236">
         <name>.text:SysCtlDelay</name>
         <load_address>0x1c8c2</load_address>
         <run_address>0x1c8c2</run_address>
         <size>0x6</size>
         <input_file_ref idref="fl-2e"/>
      </object_component>
      <object_component id="oc-86">
         <name>.text</name>
         <load_address>0x1c8c8</load_address>
         <run_address>0x1c8c8</run_address>
         <size>0x4</size>
         <input_file_ref idref="fl-11e"/>
      </object_component>
      <object_component id="oc-566">
         <name>.const:crctttab</name>
         <load_address>0x1c8cc</load_address>
         <run_address>0x1c8cc</run_address>
         <size>0x200</size>
         <input_file_ref idref="fl-3"/>
      </object_component>
      <object_component id="oc-469">
         <name>.const:.string</name>
         <load_address>0x1cacc</load_address>
         <run_address>0x1cacc</run_address>
         <size>0x1be</size>
         <input_file_ref idref="fl-2"/>
      </object_component>
      <object_component id="oc-233">
         <name>.const:g_pppui32XTALtoVCO</name>
         <load_address>0x1cc8c</load_address>
         <run_address>0x1cc8c</run_address>
         <size>0x1b0</size>
         <input_file_ref idref="fl-2e"/>
      </object_component>
      <object_component id="oc-46c">
         <name>.const:.string:_ctypes_</name>
         <load_address>0x1ce3c</load_address>
         <run_address>0x1ce3c</run_address>
         <size>0x101</size>
         <input_file_ref idref="fl-12d"/>
      </object_component>
      <object_component id="oc-246">
         <name>.const:g_ppui32GPIOIntMapSnowflake</name>
         <load_address>0x1cf40</load_address>
         <run_address>0x1cf40</run_address>
         <size>0xd8</size>
         <input_file_ref idref="fl-22"/>
      </object_component>
      <object_component id="oc-240">
         <name>.const:g_ppui32GPIOIntMapBlizzard</name>
         <load_address>0x1d018</load_address>
         <run_address>0x1d018</run_address>
         <size>0xc0</size>
         <input_file_ref idref="fl-22"/>
      </object_component>
      <object_component id="oc-2b4">
         <name>.const:g_pui32Regs</name>
         <load_address>0x1d0d8</load_address>
         <run_address>0x1d0d8</run_address>
         <size>0x9c</size>
         <input_file_ref idref="fl-25"/>
      </object_component>
      <object_component id="oc-249">
         <name>.const:g_pui32GPIOBaseAddrs</name>
         <load_address>0x1d174</load_address>
         <run_address>0x1d174</run_address>
         <size>0x90</size>
         <input_file_ref idref="fl-22"/>
      </object_component>
      <object_component id="oc-22d">
         <name>.const:g_pui32Xtals</name>
         <load_address>0x1d204</load_address>
         <run_address>0x1d204</run_address>
         <size>0x6c</size>
         <input_file_ref idref="fl-2e"/>
      </object_component>
      <object_component id="oc-2c5">
         <name>.const:g_ppui32TimerIntMap</name>
         <load_address>0x1d270</load_address>
         <run_address>0x1d270</run_address>
         <size>0x60</size>
         <input_file_ref idref="fl-31"/>
      </object_component>
      <object_component id="oc-35a">
         <name>.const:g_ppui32I2CIntMapSnowflake</name>
         <load_address>0x1d2d0</load_address>
         <run_address>0x1d2d0</run_address>
         <size>0x50</size>
         <input_file_ref idref="fl-24"/>
      </object_component>
      <object_component id="oc-2cb">
         <name>.const:g_ppui32TimerIntMapSnowflake</name>
         <load_address>0x1d320</load_address>
         <run_address>0x1d320</run_address>
         <size>0x40</size>
         <input_file_ref idref="fl-31"/>
      </object_component>
      <object_component id="oc-2e6">
         <name>.const:g_ppui32UARTIntMap</name>
         <load_address>0x1d360</load_address>
         <run_address>0x1d360</run_address>
         <size>0x40</size>
         <input_file_ref idref="fl-32"/>
      </object_component>
      <object_component id="oc-2ec">
         <name>.const:g_ppui32UARTIntMapSnowflake</name>
         <load_address>0x1d3a0</load_address>
         <run_address>0x1d3a0</run_address>
         <size>0x40</size>
         <input_file_ref idref="fl-32"/>
      </object_component>
      <object_component id="oc-26c">
         <name>.const:rpc_function_table</name>
         <load_address>0x1d3e0</load_address>
         <run_address>0x1d3e0</run_address>
         <size>0x38</size>
         <input_file_ref idref="fl-8"/>
      </object_component>
      <object_component id="oc-66e">
         <name>.const:.string:g_pui8ConfigString</name>
         <load_address>0x1d418</load_address>
         <run_address>0x1d418</run_address>
         <size>0x36</size>
         <input_file_ref idref="fl-a"/>
      </object_component>
      <object_component id="oc-33c">
         <name>.const:g_psUSBDStdRequests</name>
         <load_address>0x1d450</load_address>
         <run_address>0x1d450</run_address>
         <size>0x34</size>
         <input_file_ref idref="fl-41"/>
      </object_component>
      <object_component id="oc-354">
         <name>.const:g_ppui32I2CIntMap</name>
         <load_address>0x1d484</load_address>
         <run_address>0x1d484</run_address>
         <size>0x30</size>
         <input_file_ref idref="fl-24"/>
      </object_component>
      <object_component id="oc-584">
         <name>.const:g_sCDCHandlers</name>
         <load_address>0x1d4b4</load_address>
         <run_address>0x1d4b4</run_address>
         <size>0x30</size>
         <input_file_ref idref="fl-3c"/>
      </object_component>
      <object_component id="oc-224">
         <name>.const:g_sXTALtoMEMTIM</name>
         <load_address>0x1d4e4</load_address>
         <run_address>0x1d4e4</run_address>
         <size>0x30</size>
         <input_file_ref idref="fl-2e"/>
      </object_component>
      <object_component id="oc-66b">
         <name>.const:.string:g_pui8ControlInterfaceString</name>
         <load_address>0x1d514</load_address>
         <run_address>0x1d514</run_address>
         <size>0x2c</size>
         <input_file_ref idref="fl-a"/>
      </object_component>
      <object_component id="oc-662">
         <name>.const:.string:g_pui8ManufacturerString</name>
         <load_address>0x1d540</load_address>
         <run_address>0x1d540</run_address>
         <size>0x24</size>
         <input_file_ref idref="fl-a"/>
      </object_component>
      <object_component id="oc-705">
         <name>.const:.string:g_pui8CDCSerCommInterface</name>
         <load_address>0x1d564</load_address>
         <run_address>0x1d564</run_address>
         <size>0x23</size>
         <input_file_ref idref="fl-3c"/>
      </object_component>
      <object_component id="oc-665">
         <name>.const:.string:g_pui8ProductString</name>
         <load_address>0x1d587</load_address>
         <run_address>0x1d587</run_address>
         <size>0x22</size>
         <input_file_ref idref="fl-a"/>
      </object_component>
      <object_component id="oc-2b1">
         <name>.const:g_pui32Priority</name>
         <load_address>0x1d5ac</load_address>
         <run_address>0x1d5ac</run_address>
         <size>0x20</size>
         <input_file_ref idref="fl-25"/>
      </object_component>
      <object_component id="oc-5ae">
         <name>.const:g_ppui8StringDescriptors</name>
         <load_address>0x1d5cc</load_address>
         <run_address>0x1d5cc</run_address>
         <size>0x18</size>
         <input_file_ref idref="fl-a"/>
      </object_component>
      <object_component id="oc-70a">
         <name>.const:.string:g_pui8CDCSerDataInterface</name>
         <load_address>0x1d5e4</load_address>
         <run_address>0x1d5e4</run_address>
         <size>0x17</size>
         <input_file_ref idref="fl-3c"/>
      </object_component>
      <object_component id="oc-70f">
         <name>.const:.string:g_pui8CDCSerDataInterfaceHS</name>
         <load_address>0x1d5fb</load_address>
         <run_address>0x1d5fb</run_address>
         <size>0x17</size>
         <input_file_ref idref="fl-3c"/>
      </object_component>
      <object_component id="oc-2ba">
         <name>.const:g_pui32Dii16Regs</name>
         <load_address>0x1d614</load_address>
         <run_address>0x1d614</run_address>
         <size>0x14</size>
         <input_file_ref idref="fl-25"/>
      </object_component>
      <object_component id="oc-2b7">
         <name>.const:g_pui32EnRegs</name>
         <load_address>0x1d628</load_address>
         <run_address>0x1d628</run_address>
         <size>0x14</size>
         <input_file_ref idref="fl-25"/>
      </object_component>
      <object_component id="oc-2bd">
         <name>.const:g_pui32PendRegs</name>
         <load_address>0x1d63c</load_address>
         <run_address>0x1d63c</run_address>
         <size>0x14</size>
         <input_file_ref idref="fl-25"/>
      </object_component>
      <object_component id="oc-2c0">
         <name>.const:g_pui32UnpendRegs</name>
         <load_address>0x1d650</load_address>
         <run_address>0x1d650</run_address>
         <size>0x14</size>
         <input_file_ref idref="fl-25"/>
      </object_component>
      <object_component id="oc-668">
         <name>.const:.string:g_pui8SerialNumberString</name>
         <load_address>0x1d664</load_address>
         <run_address>0x1d664</run_address>
         <size>0x12</size>
         <input_file_ref idref="fl-a"/>
      </object_component>
      <object_component id="oc-306">
         <name>.const:.string</name>
         <load_address>0x1d678</load_address>
         <run_address>0x1d678</run_address>
         <size>0x12</size>
         <input_file_ref idref="fl-5b"/>
      </object_component>
      <object_component id="oc-134">
         <name>.const:g_ui32UARTBase</name>
         <load_address>0x1d68c</load_address>
         <run_address>0x1d68c</run_address>
         <size>0xc</size>
         <input_file_ref idref="fl-5b"/>
      </object_component>
      <object_component id="oc-13a">
         <name>.const:g_ui32UARTInt</name>
         <load_address>0x1d698</load_address>
         <run_address>0x1d698</run_address>
         <size>0xc</size>
         <input_file_ref idref="fl-5b"/>
      </object_component>
      <object_component id="oc-137">
         <name>.const:g_ui32UARTPeriph</name>
         <load_address>0x1d6a4</load_address>
         <run_address>0x1d6a4</run_address>
         <size>0xc</size>
         <input_file_ref idref="fl-5b"/>
      </object_component>
      <object_component id="oc-230">
         <name>.const:g_pui32VCOFrequencies</name>
         <load_address>0x1d6b0</load_address>
         <run_address>0x1d6b0</run_address>
         <size>0x8</size>
         <input_file_ref idref="fl-2e"/>
      </object_component>
      <object_component id="oc-64f">
         <name>.const:g_sCDCCompSerConfigHeader</name>
         <load_address>0x1d6b8</load_address>
         <run_address>0x1d6b8</run_address>
         <size>0x8</size>
         <input_file_ref idref="fl-3c"/>
      </object_component>
      <object_component id="oc-654">
         <name>.const:g_sCDCCompSerConfigHeaderHS</name>
         <load_address>0x1d6c0</load_address>
         <run_address>0x1d6c0</run_address>
         <size>0x8</size>
         <input_file_ref idref="fl-3c"/>
      </object_component>
      <object_component id="oc-6ea">
         <name>.const:g_sCDCSerCommInterfaceSection</name>
         <load_address>0x1d6c8</load_address>
         <run_address>0x1d6c8</run_address>
         <size>0x8</size>
         <input_file_ref idref="fl-3c"/>
      </object_component>
      <object_component id="oc-645">
         <name>.const:g_sCDCSerConfigHeader</name>
         <load_address>0x1d6d0</load_address>
         <run_address>0x1d6d0</run_address>
         <size>0x8</size>
         <input_file_ref idref="fl-3c"/>
      </object_component>
      <object_component id="oc-64a">
         <name>.const:g_sCDCSerConfigHeaderHS</name>
         <load_address>0x1d6d8</load_address>
         <run_address>0x1d6d8</run_address>
         <size>0x8</size>
         <input_file_ref idref="fl-3c"/>
      </object_component>
      <object_component id="oc-6e7">
         <name>.const:g_sCDCSerConfigSection</name>
         <load_address>0x1d6e0</load_address>
         <run_address>0x1d6e0</run_address>
         <size>0x8</size>
         <input_file_ref idref="fl-3c"/>
      </object_component>
      <object_component id="oc-6ed">
         <name>.const:g_sCDCSerDataInterfaceSection</name>
         <load_address>0x1d6e8</load_address>
         <run_address>0x1d6e8</run_address>
         <size>0x8</size>
         <input_file_ref idref="fl-3c"/>
      </object_component>
      <object_component id="oc-6f2">
         <name>.const:g_sCDCSerDataInterfaceSectionHS</name>
         <load_address>0x1d6f0</load_address>
         <run_address>0x1d6f0</run_address>
         <size>0x8</size>
         <input_file_ref idref="fl-3c"/>
      </object_component>
      <object_component id="oc-6f7">
         <name>.const:g_sIADSerConfigSection</name>
         <load_address>0x1d6f8</load_address>
         <run_address>0x1d6f8</run_address>
         <size>0x8</size>
         <input_file_ref idref="fl-3c"/>
      </object_component>
      <object_component id="oc-243">
         <name>.const</name>
         <load_address>0x1d700</load_address>
         <run_address>0x1d700</run_address>
         <size>0x8</size>
         <input_file_ref idref="fl-22"/>
      </object_component>
      <object_component id="oc-357">
         <name>.const</name>
         <load_address>0x1d708</load_address>
         <run_address>0x1d708</run_address>
         <size>0x8</size>
         <input_file_ref idref="fl-24"/>
      </object_component>
      <object_component id="oc-a6">
         <name>.const</name>
         <load_address>0x1d710</load_address>
         <run_address>0x1d710</run_address>
         <size>0x8</size>
         <input_file_ref idref="fl-12"/>
      </object_component>
      <object_component id="oc-2c8">
         <name>.const</name>
         <load_address>0x1d718</load_address>
         <run_address>0x1d718</run_address>
         <size>0x8</size>
         <input_file_ref idref="fl-31"/>
      </object_component>
      <object_component id="oc-2e9">
         <name>.const</name>
         <load_address>0x1d720</load_address>
         <run_address>0x1d720</run_address>
         <size>0x8</size>
         <input_file_ref idref="fl-32"/>
      </object_component>
      <object_component id="oc-65f">
         <name>.const:.string:g_pui8LangDescriptor</name>
         <load_address>0x1d728</load_address>
         <run_address>0x1d728</run_address>
         <size>0x4</size>
         <input_file_ref idref="fl-a"/>
      </object_component>
      <object_component id="oc-590">
         <name>.const:g_pCDCCompSerConfigDescriptors</name>
         <load_address>0x1d72c</load_address>
         <run_address>0x1d72c</run_address>
         <size>0x4</size>
         <input_file_ref idref="fl-3c"/>
      </object_component>
      <object_component id="oc-593">
         <name>.const:g_pCDCCompSerConfigDescriptorsHS</name>
         <load_address>0x1d730</load_address>
         <run_address>0x1d730</run_address>
         <size>0x4</size>
         <input_file_ref idref="fl-3c"/>
      </object_component>
      <object_component id="oc-58a">
         <name>.const:g_ppCDCSerConfigDescriptors</name>
         <load_address>0x1d734</load_address>
         <run_address>0x1d734</run_address>
         <size>0x4</size>
         <input_file_ref idref="fl-3c"/>
      </object_component>
      <object_component id="oc-58d">
         <name>.const:g_ppCDCSerConfigDescriptorsHS</name>
         <load_address>0x1d738</load_address>
         <run_address>0x1d738</run_address>
         <size>0x4</size>
         <input_file_ref idref="fl-3c"/>
      </object_component>
      <object_component id="oc-395">
         <name>.const</name>
         <load_address>0x1d73c</load_address>
         <run_address>0x1d73c</run_address>
         <size>0x4</size>
         <input_file_ref idref="fl-14"/>
      </object_component>
      <object_component id="oc-14b">
         <name>.const</name>
         <load_address>0x1d740</load_address>
         <run_address>0x1d740</run_address>
         <size>0x4</size>
         <input_file_ref idref="fl-5b"/>
      </object_component>
      <object_component id="oc-743">
         <name>.cinit..data.load</name>
         <load_address>0x1d748</load_address>
         <run_address>0x1d748</run_address>
         <size>0x164</size>
      </object_component>
      <object_component id="oc-740">
         <name>__TI_handler_table</name>
         <load_address>0x1d8ac</load_address>
         <run_address>0x1d8ac</run_address>
         <size>0xc</size>
      </object_component>
      <object_component id="oc-744">
         <name>.cinit..bss.load</name>
         <load_address>0x1d8b8</load_address>
         <run_address>0x1d8b8</run_address>
         <size>0x8</size>
      </object_component>
      <object_component id="oc-742">
         <name>.cinit..vtable.load</name>
         <load_address>0x1d8c0</load_address>
         <run_address>0x1d8c0</run_address>
         <size>0x8</size>
      </object_component>
      <object_component id="oc-741">
         <name>__TI_cinit_table</name>
         <load_address>0x1d8c8</load_address>
         <run_address>0x1d8c8</run_address>
         <size>0x18</size>
      </object_component>
      <object_component id="oc-2ae">
         <name>.vtable</name>
         <uninitialized>true</uninitialized>
         <run_address>0x20000000</run_address>
         <size>0x26c</size>
         <input_file_ref idref="fl-25"/>
      </object_component>
      <object_component id="oc-2d6">
         <name>.data:g_psCmdTable</name>
         <load_address>0x20006444</load_address>
         <run_address>0x20006444</run_address>
         <size>0x84</size>
         <input_file_ref idref="fl-2"/>
      </object_component>
      <object_component id="oc-e8">
         <name>.data</name>
         <load_address>0x200066e1</load_address>
         <run_address>0x200066e1</run_address>
         <size>0x9</size>
         <input_file_ref idref="fl-4"/>
      </object_component>
      <object_component id="oc-25d">
         <name>.data</name>
         <load_address>0x20006724</load_address>
         <run_address>0x20006724</run_address>
         <size>0x4</size>
         <input_file_ref idref="fl-8"/>
      </object_component>
      <object_component id="oc-42f">
         <name>.data</name>
         <load_address>0x20006674</load_address>
         <run_address>0x20006674</run_address>
         <size>0xd</size>
         <input_file_ref idref="fl-9"/>
      </object_component>
      <object_component id="oc-435">
         <name>.data:ConfigLinea</name>
         <load_address>0x20006710</load_address>
         <run_address>0x20006710</run_address>
         <size>0x7</size>
         <input_file_ref idref="fl-9"/>
      </object_component>
      <object_component id="oc-438">
         <name>.data:g_sCDCDevice</name>
         <load_address>0x200064c8</load_address>
         <run_address>0x200064c8</run_address>
         <size>0x60</size>
         <input_file_ref idref="fl-a"/>
      </object_component>
      <object_component id="oc-429">
         <name>.data:g_sRxBuffer</name>
         <load_address>0x20006564</load_address>
         <run_address>0x20006564</run_address>
         <size>0x38</size>
         <input_file_ref idref="fl-a"/>
      </object_component>
      <object_component id="oc-432">
         <name>.data:g_sTxBuffer</name>
         <load_address>0x2000659c</load_address>
         <run_address>0x2000659c</run_address>
         <size>0x38</size>
         <input_file_ref idref="fl-a"/>
      </object_component>
      <object_component id="oc-a3">
         <name>.data</name>
         <load_address>0x20006528</load_address>
         <run_address>0x20006528</run_address>
         <size>0x3c</size>
         <input_file_ref idref="fl-10"/>
      </object_component>
      <object_component id="oc-3aa">
         <name>.data</name>
         <load_address>0x200066b4</load_address>
         <run_address>0x200066b4</run_address>
         <size>0xc</size>
         <input_file_ref idref="fl-11"/>
      </object_component>
      <object_component id="oc-b0">
         <name>.data</name>
         <load_address>0x200066a8</load_address>
         <run_address>0x200066a8</run_address>
         <size>0xc</size>
         <input_file_ref idref="fl-12"/>
      </object_component>
      <object_component id="oc-392">
         <name>.data</name>
         <load_address>0x20006664</load_address>
         <run_address>0x20006664</run_address>
         <size>0x10</size>
         <input_file_ref idref="fl-14"/>
      </object_component>
      <object_component id="oc-2a9">
         <name>.data</name>
         <load_address>0x20006681</load_address>
         <run_address>0x20006681</run_address>
         <size>0x3</size>
         <input_file_ref idref="fl-36"/>
      </object_component>
      <object_component id="oc-170">
         <name>.data</name>
         <load_address>0x20006642</load_address>
         <run_address>0x20006642</run_address>
         <size>0x2</size>
         <input_file_ref idref="fl-38"/>
      </object_component>
      <object_component id="oc-2a4">
         <name>.data</name>
         <load_address>0x20006718</load_address>
         <run_address>0x20006718</run_address>
         <size>0x4</size>
         <input_file_ref idref="fl-39"/>
      </object_component>
      <object_component id="oc-587">
         <name>.data:g_pui8CDCSerDeviceDescriptor</name>
         <load_address>0x20006630</load_address>
         <run_address>0x20006630</run_address>
         <size>0x12</size>
         <input_file_ref idref="fl-3c"/>
      </object_component>
      <object_component id="oc-596">
         <name>.data:g_pui8CDCSerDescriptor</name>
         <load_address>0x200066d8</load_address>
         <run_address>0x200066d8</run_address>
         <size>0x9</size>
         <input_file_ref idref="fl-3c"/>
      </object_component>
      <object_component id="oc-714">
         <name>.data:g_pui8IADSerDescriptor</name>
         <load_address>0x20006700</load_address>
         <run_address>0x20006700</run_address>
         <size>0x8</size>
         <input_file_ref idref="fl-3c"/>
      </object_component>
      <object_component id="oc-6b5">
         <name>.data:g_psCDCSerSections</name>
         <load_address>0x20006690</load_address>
         <run_address>0x20006690</run_address>
         <size>0xc</size>
         <input_file_ref idref="fl-3c"/>
      </object_component>
      <object_component id="oc-6ba">
         <name>.data:g_psCDCSerSectionsHS</name>
         <load_address>0x2000669c</load_address>
         <run_address>0x2000669c</run_address>
         <size>0xc</size>
         <input_file_ref idref="fl-3c"/>
      </object_component>
      <object_component id="oc-6bf">
         <name>.data:g_psCDCCompSerSections</name>
         <load_address>0x20006644</load_address>
         <run_address>0x20006644</run_address>
         <size>0x10</size>
         <input_file_ref idref="fl-3c"/>
      </object_component>
      <object_component id="oc-6c4">
         <name>.data:g_psCDCCompSerSectionsHS</name>
         <load_address>0x20006654</load_address>
         <run_address>0x20006654</run_address>
         <size>0x10</size>
         <input_file_ref idref="fl-3c"/>
      </object_component>
      <object_component id="oc-581">
         <name>.data</name>
         <load_address>0x200066ea</load_address>
         <run_address>0x200066ea</run_address>
         <size>0x2</size>
         <input_file_ref idref="fl-3c"/>
      </object_component>
      <object_component id="oc-333">
         <name>.data</name>
         <load_address>0x20006708</load_address>
         <run_address>0x20006708</run_address>
         <size>0x8</size>
         <input_file_ref idref="fl-41"/>
      </object_component>
      <object_component id="oc-621">
         <name>.data</name>
         <load_address>0x2000661c</load_address>
         <run_address>0x2000661c</run_address>
         <size>0x14</size>
         <input_file_ref idref="fl-4e"/>
      </object_component>
      <object_component id="oc-633">
         <name>.data:g_sUSBHEP0State</name>
         <load_address>0x20006604</load_address>
         <run_address>0x20006604</run_address>
         <size>0x18</size>
         <input_file_ref idref="fl-4e"/>
      </object_component>
      <object_component id="oc-330">
         <name>.data</name>
         <load_address>0x200066ec</load_address>
         <run_address>0x200066ec</run_address>
         <size>0x9</size>
         <input_file_ref idref="fl-54"/>
      </object_component>
      <object_component id="oc-34b">
         <name>.data</name>
         <load_address>0x200066cc</load_address>
         <run_address>0x200066cc</run_address>
         <size>0xc</size>
         <input_file_ref idref="fl-56"/>
      </object_component>
      <object_component id="oc-220">
         <name>.data:g_pui32CPUUsageTimerPeriph</name>
         <load_address>0x200065ec</load_address>
         <run_address>0x200065ec</run_address>
         <size>0x18</size>
         <input_file_ref idref="fl-5a"/>
      </object_component>
      <object_component id="oc-21a">
         <name>.data:g_pui32CPUUsageTimerBase</name>
         <load_address>0x200065d4</load_address>
         <run_address>0x200065d4</run_address>
         <size>0x18</size>
         <input_file_ref idref="fl-5a"/>
      </object_component>
      <object_component id="oc-13d">
         <name>.data</name>
         <load_address>0x200066c0</load_address>
         <run_address>0x200066c0</run_address>
         <size>0xc</size>
         <input_file_ref idref="fl-5b"/>
      </object_component>
      <object_component id="oc-1a5">
         <name>.data:$O1$$</name>
         <load_address>0x20006684</load_address>
         <run_address>0x20006684</run_address>
         <size>0xc</size>
         <input_file_ref idref="fl-119"/>
      </object_component>
      <object_component id="oc-9e">
         <name>.data</name>
         <load_address>0x20006720</load_address>
         <run_address>0x20006720</run_address>
         <size>0x4</size>
         <input_file_ref idref="fl-120"/>
      </object_component>
      <object_component id="oc-1a8">
         <name>.data:$O1$$</name>
         <load_address>0x200066f8</load_address>
         <run_address>0x200066f8</run_address>
         <size>0x8</size>
         <input_file_ref idref="fl-127"/>
      </object_component>
      <object_component id="oc-46f">
         <name>.data</name>
         <load_address>0x2000671c</load_address>
         <run_address>0x2000671c</run_address>
         <size>0x4</size>
         <input_file_ref idref="fl-12e"/>
      </object_component>
      <object_component id="oc-28b">
         <name>.bss</name>
         <uninitialized>true</uninitialized>
         <run_address>0x2000624c</run_address>
         <size>0x20</size>
         <input_file_ref idref="fl-6"/>
      </object_component>
      <object_component id="oc-269">
         <name>.bss:Rxframe</name>
         <uninitialized>true</uninitialized>
         <run_address>0x20006148</run_address>
         <size>0x40</size>
         <input_file_ref idref="fl-8"/>
      </object_component>
      <object_component id="oc-26f">
         <name>.bss:Txframe</name>
         <uninitialized>true</uninitialized>
         <run_address>0x20006188</run_address>
         <size>0x40</size>
         <input_file_ref idref="fl-8"/>
      </object_component>
      <object_component id="oc-42c">
         <name>.bss</name>
         <uninitialized>true</uninitialized>
         <run_address>0x200063f8</run_address>
         <size>0x8</size>
         <input_file_ref idref="fl-9"/>
      </object_component>
      <object_component id="oc-1c6">
         <name>.bss:pxReadyTasksLists</name>
         <uninitialized>true</uninitialized>
         <run_address>0x20005b38</run_address>
         <size>0x140</size>
         <input_file_ref idref="fl-10"/>
      </object_component>
      <object_component id="oc-1e8">
         <name>.bss:xDelayedTaskList1</name>
         <uninitialized>true</uninitialized>
         <run_address>0x20006348</run_address>
         <size>0x14</size>
         <input_file_ref idref="fl-10"/>
      </object_component>
      <object_component id="oc-1eb">
         <name>.bss:xDelayedTaskList2</name>
         <uninitialized>true</uninitialized>
         <run_address>0x2000635c</run_address>
         <size>0x14</size>
         <input_file_ref idref="fl-10"/>
      </object_component>
      <object_component id="oc-1cc">
         <name>.bss</name>
         <uninitialized>true</uninitialized>
         <run_address>0x200063e8</run_address>
         <size>0x8</size>
         <input_file_ref idref="fl-10"/>
      </object_component>
      <object_component id="oc-1de">
         <name>.bss:xPendingReadyList</name>
         <uninitialized>true</uninitialized>
         <run_address>0x20006370</run_address>
         <size>0x14</size>
         <input_file_ref idref="fl-10"/>
      </object_component>
      <object_component id="oc-1c9">
         <name>.bss:xTasksWaitingTermination</name>
         <uninitialized>true</uninitialized>
         <run_address>0x20006398</run_address>
         <size>0x14</size>
         <input_file_ref idref="fl-10"/>
      </object_component>
      <object_component id="oc-1cf">
         <name>.bss:xSuspendedTaskList</name>
         <uninitialized>true</uninitialized>
         <run_address>0x20006384</run_address>
         <size>0x14</size>
         <input_file_ref idref="fl-10"/>
      </object_component>
      <object_component id="oc-3b0">
         <name>.bss:xActiveTimerList1</name>
         <uninitialized>true</uninitialized>
         <run_address>0x20006320</run_address>
         <size>0x14</size>
         <input_file_ref idref="fl-11"/>
      </object_component>
      <object_component id="oc-3b3">
         <name>.bss:xActiveTimerList2</name>
         <uninitialized>true</uninitialized>
         <run_address>0x20006334</run_address>
         <size>0x14</size>
         <input_file_ref idref="fl-11"/>
      </object_component>
      <object_component id="oc-3ad">
         <name>.bss</name>
         <uninitialized>true</uninitialized>
         <run_address>0x200063f0</run_address>
         <size>0x8</size>
         <input_file_ref idref="fl-11"/>
      </object_component>
      <object_component id="oc-39b">
         <name>.bss:ucHeap</name>
         <uninitialized>true</uninitialized>
         <run_address>0x2000026c</run_address>
         <size>0x5000</size>
         <input_file_ref idref="fl-14"/>
      </object_component>
      <object_component id="oc-398">
         <name>.bss:xStart</name>
         <uninitialized>true</uninitialized>
         <run_address>0x20006408</run_address>
         <size>0x8</size>
[...]
         <name>USBOTGMain</name>
         <value>0x186ef</value>
         <object_component_ref idref="oc-41d"/>
      </symbol>
      <symbol id="sm-21ad">
         <name>USB0OTGModeIntHandler</name>
         <value>0x185ed</value>
         <object_component_ref idref="oc-41d"/>
      </symbol>
      <symbol id="sm-21ae">
         <name>USBDualModeInit</name>
         <value>0x1838f</value>
         <object_component_ref idref="oc-41d"/>
      </symbol>
      <symbol id="sm-21af">
         <name>USBDualModeTerm</name>
         <value>0x1840d</value>
         <object_component_ref idref="oc-41d"/>
      </symbol>
      <symbol id="sm-21b0">
         <name>g_iUSBMode</name>
         <value>0x200066ec</value>
         <object_component_ref idref="oc-330"/>
      </symbol>
      <symbol id="sm-21b1">
         <name>USBOTGModeInit</name>
         <value>0x18497</value>
         <object_component_ref idref="oc-41d"/>
      </symbol>
      <symbol id="sm-21b2">
         <name>USBStackModeSet</name>
         <value>0x182f9</value>
         <object_component_ref idref="oc-41d"/>
      </symbol>
      <symbol id="sm-21b3">
         <name>g_ui32WaitTicks</name>
         <value>0x200066f0</value>
         <object_component_ref idref="oc-330"/>
      </symbol>
      <symbol id="sm-21b4">
         <name>USBOTGPollRate</name>
         <value>0x185bd</value>
         <object_component_ref idref="oc-41d"/>
      </symbol>
      <symbol id="sm-21b5">
         <name>OTGDeviceDisconnect</name>
         <value>0x186d5</value>
         <object_component_ref idref="oc-41d"/>
      </symbol>
      <symbol id="sm-21b6">
         <name>USBOTGFeatureSet</name>
         <value>0x1878d</value>
         <object_component_ref idref="oc-41d"/>
      </symbol>
      <symbol id="sm-220d">
         <name>USBRingBufWrite</name>
         <value>0x19577</value>
         <object_component_ref idref="oc-56d"/>
      </symbol>
      <symbol id="sm-220e">
         <name>USBRingBufContigUsed</name>
         <value>0x192f9</value>
         <object_component_ref idref="oc-56d"/>
      </symbol>
      <symbol id="sm-220f">
         <name>USBRingBufFlush</name>
         <value>0x1926f</value>
         <object_component_ref idref="oc-56d"/>
      </symbol>
      <symbol id="sm-2210">
         <name>USBRingBufAdvanceWrite</name>
         <value>0x194a1</value>
         <object_component_ref idref="oc-56d"/>
      </symbol>
      <symbol id="sm-2211">
         <name>USBRingBufWriteOne</name>
         <value>0x19531</value>
         <object_component_ref idref="oc-56d"/>
      </symbol>
      <symbol id="sm-2212">
         <name>USBRingBufUsed</name>
         <value>0x1929b</value>
         <object_component_ref idref="oc-56d"/>
      </symbol>
      <symbol id="sm-2213">
         <name>USBRingBufFree</name>
         <value>0x192d5</value>
         <object_component_ref idref="oc-56d"/>
      </symbol>
      <symbol id="sm-2214">
         <name>USBRingBufAdvanceRead</name>
         <value>0x1944b</value>
         <object_component_ref idref="oc-56d"/>
      </symbol>
      <symbol id="sm-2215">
         <name>USBRingBufFull</name>
         <value>0x191fb</value>
         <object_component_ref idref="oc-56d"/>
      </symbol>
      <symbol id="sm-2216">
         <name>USBRingBufReadOne</name>
         <value>0x1938f</value>
         <object_component_ref idref="oc-56d"/>
      </symbol>
      <symbol id="sm-2217">
         <name>USBRingBufEmpty</name>
         <value>0x1923d</value>
         <object_component_ref idref="oc-56d"/>
      </symbol>
      <symbol id="sm-2218">
         <name>USBRingBufSize</name>
         <value>0x19377</value>
         <object_component_ref idref="oc-56d"/>
      </symbol>
      <symbol id="sm-2219">
         <name>USBRingBufInit</name>
         <value>0x195ed</value>
         <object_component_ref idref="oc-56d"/>
      </symbol>
      <symbol id="sm-221a">
         <name>USBRingBufRead</name>
         <value>0x193d5</value>
         <object_component_ref idref="oc-56d"/>
      </symbol>
      <symbol id="sm-221b">
         <name>USBRingBufContigFree</name>
         <value>0x19331</value>
         <object_component_ref idref="oc-56d"/>
      </symbol>
      <symbol id="sm-2244">
         <name>g_pfnTickHandlers</name>
         <value>0x200062dc</value>
      </symbol>
      <symbol id="sm-2245">
         <name>g_pvTickInstance</name>
         <value>0x200062f4</value>
      </symbol>
      <symbol id="sm-2246">
         <name>g_ui32USBSOFCount</name>
         <value>0x200066d4</value>
         <object_component_ref idref="oc-34b"/>
      </symbol>
      <symbol id="sm-2247">
         <name>InternalUSBTickReset</name>
         <value>0x1bcc7</value>
         <object_component_ref idref="oc-326"/>
      </symbol>
      <symbol id="sm-2248">
         <name>g_bUSBTimerInitialized</name>
         <value>0x200066cc</value>
         <object_component_ref idref="oc-34b"/>
      </symbol>
      <symbol id="sm-2249">
         <name>g_ui32CurrentUSBTick</name>
         <value>0x200066d0</value>
         <object_component_ref idref="oc-34b"/>
      </symbol>
      <symbol id="sm-224a">
         <name>InternalUSBStartOfFrameTick</name>
         <value>0x1bd1f</value>
         <object_component_ref idref="oc-326"/>
      </symbol>
      <symbol id="sm-224b">
         <name>InternalUSBRegisterTickHandler</name>
         <value>0x1bccf</value>
         <object_component_ref idref="oc-326"/>
      </symbol>
      <symbol id="sm-224c">
         <name>InternalUSBTickInit</name>
         <value>0x1bc89</value>
         <object_component_ref idref="oc-326"/>
      </symbol>
      <symbol id="sm-2259">
         <name>ULPIPowerTransceiver</name>
         <value>0x1bef1</value>
         <object_component_ref idref="oc-31a"/>
      </symbol>
      <symbol id="sm-225a">
         <name>ULPIConfigSet</name>
         <value>0x1be4f</value>
         <object_component_ref idref="oc-31a"/>
      </symbol>
      <symbol id="sm-2274">
         <name>GetOverflowCounts</name>
         <value>0x1c7ad</value>
         <object_component_ref idref="oc-1e1"/>
      </symbol>
      <symbol id="sm-2275">
         <name>vConfigureTimerForRunTimeStats</name>
         <value>0x1c2c1</value>
         <object_component_ref idref="oc-1d8"/>
      </symbol>
      <symbol id="sm-2295">
         <name>CmdLineProcess</name>
         <value>0x1bf19</value>
         <object_component_ref idref="oc-2df"/>
      </symbol>
      <symbol id="sm-22c5">
         <name>CPUUsageInit</name>
         <value>0x1b897</value>
         <object_component_ref idref="oc-c4"/>
      </symbol>
      <symbol id="sm-22c6">
         <name>CPUUsageTick</name>
         <value>0x1b859</value>
         <object_component_ref idref="oc-c4"/>
      </symbol>
      <symbol id="sm-23ce">
         <name>UARTTxBytesFree</name>
         <value>0x14703</value>
         <object_component_ref idref="oc-42"/>
      </symbol>
      <symbol id="sm-23cf">
         <name>UARTFlushRx</name>
         <value>0x1470f</value>
         <object_component_ref idref="oc-42"/>
      </symbol>
      <symbol id="sm-23d0">
         <name>UARTgetc</name>
         <value>0x14399</value>
         <object_component_ref idref="oc-42"/>
      </symbol>
      <symbol id="sm-23d1">
         <name>UARTgets</name>
         <value>0x13f39</value>
         <object_component_ref idref="oc-42"/>
      </symbol>
      <symbol id="sm-23d2">
         <name>UARTFlushTx</name>
         <value>0x1471d</value>
         <object_component_ref idref="oc-42"/>
      </symbol>
      <symbol id="sm-23d3">
         <name>UARTStdioConfig</name>
         <value>0x13d43</value>
         <object_component_ref idref="oc-42"/>
      </symbol>
      <symbol id="sm-23d4">
         <name>UARTStdioIntHandler</name>
         <value>0x1476b</value>
         <object_component_ref idref="oc-42"/>
      </symbol>
      <symbol id="sm-23d5">
         <name>UARTRxBytesAvail</name>
         <value>0x146f7</value>
         <object_component_ref idref="oc-42"/>
      </symbol>
      <symbol id="sm-23d6">
         <name>UARTwrite</name>
         <value>0x13e6f</value>
         <object_component_ref idref="oc-42"/>
      </symbol>
      <symbol id="sm-23d7">
         <name>UARTEchoSet</name>
         <value>0x14743</value>
         <object_component_ref idref="oc-42"/>
      </symbol>
      <symbol id="sm-23d8">
         <name>UARTprintf</name>
         <value>0x146d3</value>
         <object_component_ref idref="oc-42"/>
      </symbol>
      <symbol id="sm-23d9">
         <name>UARTvprintf</name>
         <value>0x143c1</value>
         <object_component_ref idref="oc-42"/>
      </symbol>
      <symbol id="sm-23ea">
         <name>_c_int00</name>
         <value>0x1c455</value>
         <object_component_ref idref="oc-24"/>
      </symbol>
      <symbol id="sm-23eb">
         <name>__stack</name>
         <value>0x20006728</value>
         <object_component_ref idref="oc-2a"/>
      </symbol>
      <symbol id="sm-2409">
         <name>__TI_decompress_lzss</name>
         <value>0x1c329</value>
         <object_component_ref idref="oc-12"/>
      </symbol>
      <symbol id="sm-2420">
         <name>__TI_decompress_none</name>
         <value>0x1c8a9</value>
         <object_component_ref idref="oc-18"/>
      </symbol>
      <symbol id="sm-2432">
         <name>__TI_zero_init</name>
         <value>0x1c8b7</value>
         <object_component_ref idref="oc-1e"/>
      </symbol>
      <symbol id="sm-2453">
         <name>C$$EXIT</name>
         <value>0x1c4a9</value>
         <object_component_ref idref="oc-98"/>
      </symbol>
      <symbol id="sm-2454">
         <name>abort</name>
         <value>0x1c4ad</value>
         <object_component_ref idref="oc-98"/>
      </symbol>
      <symbol id="sm-2455">
         <name>exit</name>
         <value>0x1c4b5</value>
         <object_component_ref idref="oc-98"/>
      </symbol>
      <symbol id="sm-2456">
         <name>__TI_dtors_ptr</name>
         <value>0x20006688</value>
         <object_component_ref idref="oc-1a5"/>
      </symbol>
      <symbol id="sm-2457">
         <name>__TI_cleanup_ptr</name>
         <value>0x20006684</value>
         <object_component_ref idref="oc-1a5"/>
      </symbol>
      <symbol id="sm-2458">
         <name>__TI_enable_exit_profile_output</name>
         <value>0x2000668c</value>
         <object_component_ref idref="oc-1a5"/>
      </symbol>
      <symbol id="sm-2462">
         <name>__aeabi_f2ulz</name>
         <value>0x1c5a5</value>
         <object_component_ref idref="oc-29b"/>
      </symbol>
      <symbol id="sm-247d">
         <name>memcpy</name>
         <value>0x1bfc5</value>
         <object_component_ref idref="oc-68"/>
      </symbol>
      <symbol id="sm-247e">
         <name>__aeabi_memcpy</name>
         <value>0x1bfc5</value>
         <object_component_ref idref="oc-68"/>
      </symbol>
      <symbol id="sm-247f">
         <name>__aeabi_memcpy8</name>
         <value>0x1bfc5</value>
         <object_component_ref idref="oc-68"/>
      </symbol>
      <symbol id="sm-2480">
         <name>__aeabi_memcpy4</name>
         <value>0x1bfc5</value>
         <object_component_ref idref="oc-68"/>
      </symbol>
      <symbol id="sm-248f">
         <name>__aeabi_memset</name>
         <value>0x1c16f</value>
         <object_component_ref idref="oc-74"/>
      </symbol>
      <symbol id="sm-2490">
         <name>memset</name>
         <value>0x1c175</value>
         <object_component_ref idref="oc-74"/>
      </symbol>
      <symbol id="sm-2491">
         <name>__aeabi_memset8</name>
         <value>0x1c16f</value>
         <object_component_ref idref="oc-74"/>
      </symbol>
      <symbol id="sm-2492">
         <name>__aeabi_memset4</name>
         <value>0x1c16f</value>
         <object_component_ref idref="oc-74"/>
      </symbol>
      <symbol id="sm-2493">
         <name>__aeabi_memclr8</name>
         <value>0x1c16d</value>
         <object_component_ref idref="oc-74"/>
      </symbol>
      <symbol id="sm-2494">
         <name>__aeabi_memclr4</name>
         <value>0x1c16d</value>
         <object_component_ref idref="oc-74"/>
      </symbol>
      <symbol id="sm-2495">
         <name>__aeabi_memclr</name>
         <value>0x1c16d</value>
         <object_component_ref idref="oc-74"/>
      </symbol>
      <symbol id="sm-249f">
         <name>__mpu_init</name>
         <value>0xd80f</value>
         <object_component_ref idref="oc-80"/>
      </symbol>
      <symbol id="sm-24a9">
         <name>_system_pre_init</name>
         <value>0x1c8c9</value>
         <object_component_ref idref="oc-86"/>
      </symbol>
      <symbol id="sm-24c2">
         <name>sprintf</name>
         <value>0x1c3f5</value>
         <object_component_ref idref="oc-1fa"/>
      </symbol>
      <symbol id="sm-24ca">
         <name>main_func_sp</name>
         <value>0x20006720</value>
         <object_component_ref idref="oc-9e"/>
      </symbol>
      <symbol id="sm-24d9">
         <name>strcmp</name>
         <value>0x1c829</value>
         <object_component_ref idref="oc-474"/>
      </symbol>
      <symbol id="sm-24e7">
         <name>strcpy</name>
         <value>0x1c881</value>
         <object_component_ref idref="oc-1ee"/>
      </symbol>
      <symbol id="sm-24f5">
         <name>strlen</name>
         <value>0x1c895</value>
         <object_component_ref idref="oc-1f4"/>
      </symbol>
      <symbol id="sm-2505">
         <name>strncmp</name>
         <value>0x1c781</value>
         <object_component_ref idref="oc-2d0"/>
      </symbol>
      <symbol id="sm-2526">
         <name>strtoul</name>
         <value>0x1b97d</value>
         <object_component_ref idref="oc-2d9"/>
      </symbol>
      <symbol id="sm-2535">
         <name>__aeabi_uidivmod</name>
         <value>0x1c6d5</value>
         <object_component_ref idref="oc-146"/>
      </symbol>
      <symbol id="sm-2536">
         <name>__aeabi_uidiv</name>
         <value>0x1c6d5</value>
         <object_component_ref idref="oc-146"/>
      </symbol>
      <symbol id="sm-254f">
         <name>_nop</name>
         <value>0x1c867</value>
         <object_component_ref idref="oc-37f"/>
      </symbol>
      <symbol id="sm-2550">
         <name>_lock</name>
         <value>0x200066f8</value>
         <object_component_ref idref="oc-1a8"/>
      </symbol>
      <symbol id="sm-2551">
         <name>_unlock</name>
         <value>0x200066fc</value>
         <object_component_ref idref="oc-1a8"/>
      </symbol>
      <symbol id="sm-2552">
         <name>_register_lock</name>
         <value>0x1c85f</value>
         <object_component_ref idref="oc-37f"/>
      </symbol>
      <symbol id="sm-2553">
         <name>_register_unlock</name>
         <value>0x1c859</value>
         <object_component_ref idref="oc-37f"/>
      </symbol>
      <symbol id="sm-2654">
         <name>__TI_printfi</name>
         <value>0xcf15</value>
         <object_component_ref idref="oc-3c8"/>
      </symbol>
      <symbol id="sm-2668">
         <name>_args_main</name>
         <value>0x1c811</value>
         <object_component_ref idref="oc-92"/>
      </symbol>
      <symbol id="sm-267e">
         <name>atoi</name>
         <value>0x1c5f5</value>
         <object_component_ref idref="oc-534"/>
      </symbol>
      <symbol id="sm-26a8">
         <name>__TI_auto_init</name>
         <value>0x1c1e9</value>
         <object_component_ref idref="oc-8c"/>
      </symbol>
      <symbol id="sm-26c2">
         <name>copy_in</name>
         <value>0x1c641</value>
         <object_component_ref idref="oc-195"/>
      </symbol>
      <symbol id="sm-26cd">
         <name>_ctypes_</name>
         <value>0x1ce3c</value>
         <object_component_ref idref="oc-46c"/>
      </symbol>
      <symbol id="sm-26d5">
         <name>errno</name>
         <value>0x2000671c</value>
         <object_component_ref idref="oc-46f"/>
      </symbol>
      <symbol id="sm-26ec">
         <name>__aeabi_dsub</name>
         <value>0x1b1d3</value>
         <object_component_ref idref="oc-51d"/>
      </symbol>
      <symbol id="sm-26ed">
         <name>__aeabi_dadd</name>
         <value>0x1b1dd</value>
         <object_component_ref idref="oc-51d"/>
      </symbol>
      <symbol id="sm-270f">
         <name>__aeabi_cdcmpeq</name>
         <value>0x1c061</value>
         <object_component_ref idref="oc-4f9"/>
      </symbol>
      <symbol id="sm-2710">
         <name>__aeabi_cdcmple</name>
         <value>0x1c061</value>
         <object_component_ref idref="oc-4f9"/>
      </symbol>
      <symbol id="sm-2711">
         <name>__aeabi_cdrcmple</name>
         <value>0x1c0e7</value>
         <object_component_ref idref="oc-508"/>
      </symbol>
      <symbol id="sm-2725">
         <name>__aeabi_ddiv</name>
         <value>0x1b4d1</value>
         <object_component_ref idref="oc-503"/>
      </symbol>
      <symbol id="sm-2730">
         <name>__aeabi_dmul</name>
         <value>0x1ba91</value>
         <object_component_ref idref="oc-4fe"/>
      </symbol>
      <symbol id="sm-273a">
         <name>__aeabi_d2iz</name>
         <value>0x1c68d</value>
         <object_component_ref idref="oc-50d"/>
      </symbol>
      <symbol id="sm-2744">
         <name>__aeabi_idiv0</name>
         <value>0xb4db</value>
         <object_component_ref idref="oc-2ff"/>
      </symbol>
      <symbol id="sm-274e">
         <name>__aeabi_i2d</name>
         <value>0x1c753</value>
         <object_component_ref idref="oc-518"/>
      </symbol>
      <symbol id="sm-275d">
         <name>ltoa</name>
         <value>0x1c4fd</value>
         <object_component_ref idref="oc-512"/>
      </symbol>
      <symbol id="sm-276d">
         <name>memccpy</name>
         <value>0x1c7f5</value>
         <object_component_ref idref="oc-53a"/>
      </symbol>
      <symbol id="sm-2788">
         <name>frexpl</name>
         <value>0x1c391</value>
         <object_component_ref idref="oc-522"/>
      </symbol>
      <symbol id="sm-2789">
         <name>frexp</name>
         <value>0x1c391</value>
         <object_component_ref idref="oc-522"/>
      </symbol>
      <symbol id="sm-27a6">
         <name>scalbn</name>
         <value>0x1bb8d</value>
         <object_component_ref idref="oc-528"/>
      </symbol>
      <symbol id="sm-27a7">
         <name>scalbnl</name>
         <value>0x1bb8d</value>
         <object_component_ref idref="oc-528"/>
      </symbol>
      <symbol id="sm-27a8">
         <name>ldexpl</name>
         <value>0x1bb8d</value>
         <object_component_ref idref="oc-528"/>
      </symbol>
      <symbol id="sm-27a9">
         <name>ldexp</name>
         <value>0x1bb8d</value>
         <object_component_ref idref="oc-528"/>
      </symbol>
      <symbol id="sm-27b3">
         <name>_system_post_cinit</name>
         <value>0x17cdf</value>
         <object_component_ref idref="oc-19b"/>
      </symbol>
      <symbol id="sm-27c3">
         <name>strchr</name>
         <value>0x1c841</value>
         <object_component_ref idref="oc-52e"/>
      </symbol>
      <symbol id="sm-27df">
         <name>__aeabi_uldivmod</name>
         <value>0x1ae0d</value>
         <object_component_ref idref="oc-4f4"/>
      </symbol>
      <symbol id="sm-27e9">
         <name>copysign</name>
         <value>0x1c86d</value>
         <object_component_ref idref="oc-5fe"/>
      </symbol>
      <symbol id="sm-27ea">
         <name>copysignl</name>
         <value>0x1c86d</value>
         <object_component_ref idref="oc-5fe"/>
      </symbol>
      <symbol id="sm-27eb">
         <name>__TI_static_base__</name>
         <value>0x0</value>
      </symbol>
      <symbol id="sm-27ee">
         <name>SHT$$INIT_ARRAY$$Limit</name>
         <value>0x0</value>
      </symbol>
      <symbol id="sm-27ef">
         <name>SHT$$INIT_ARRAY$$Base</name>
         <value>0x0</value>
      </symbol>
   </symbol_table>
   <title>Link successful</title>
</link_info>
